Microchip MPLAB XC8 Compiler V2.32

Linker command line:

-W-3 --edf=C:\Program Files\Microchip\xc8\v2.32\pic\dat\en_msgs.txt -cn \
  -h+dist/default/production\Ejemplo13_SPI.X.production.sym \
  --cmf=dist/default/production\Ejemplo13_SPI.X.production.cmf -z -Q18F4550 \
  -oC:\Users\HP\AppData\Local\Temp\xcAso20.4 --defsym=__MPLAB_BUILD=1 \
  -Mdist/default/production/Ejemplo13_SPI.X.production.map -E1 \
  -ver=XC8 Compiler --acfsm=1493 -ASTACK=0150h-07FFh -pstack=STACK \
  -ACODE=00h-07FFFh -ACONST=00h-07FFFh -ASMALLCONST=0800h-08FFhx120 \
  -AMEDIUMCONST=0800h-07FFFh -ACOMRAM=01h-05Fh -AABS1=00h-07FFh \
  -ABIGRAM=01h-07FFh -ARAM=060h-0FFh,0100h-01FFhx7 -ABANK0=060h-0FFh \
  -ABANK1=0100h-01FFh -ABANK2=0200h-02FFh -ABANK3=0300h-03FFh \
  -ABANK4=0400h-04FFh -ABANK5=0500h-05FFh -ABANK6=0600h-06FFh \
  -ABANK7=0700h-07FFh -ASFR=0F60h-0FFFh -ACONFIG=0300000h-030000Dh \
  -AIDLOC=0200000h-0200007h -AEEDATA=0F00000h-0F000FFh -peeprom_data=EEDATA \
  -preset_vec=00h,intcode,intcodelo,powerup,init -pramtop=0800h \
  -psmallconst=SMALLCONST -pmediumconst=MEDIUMCONST -pconst=CONST \
  -AFARRAM=00h-00h \
  -prdata=COMRAM,nvrram=COMRAM,nvbit=COMRAM,rbss=COMRAM,rbit=COMRAM \
  -pfarbss=FARRAM,fardata=FARRAM,nvFARRAM=FARRAM \
  -pintsave_regs=BIGRAM,bigbss=BIGRAM,bigdata=BIGRAM -pbss=RAM \
  -pidata=CODE,irdata=CODE,ibigdata=CODE,ifardata=CODE -prparam=COMRAM \
  C:\Users\HP\AppData\Local\Temp\xcAso20.o \
  dist/default/production\Ejemplo13_SPI.X.production.o 

Object code version is 3.11

Machine type is 18F4550



                Name                               Link     Load   Length Selector   Space Scale
C:\Users\HP\AppData\Local\Temp\xcAso20.o
                idloc                            200000   200000        8        0       5
                config                           300000   300000        E        0       4
                init                                  0        0        4        0       0
dist/default/production\Ejemplo13_SPI.X.production.o
                idloc                            200000   200000        8        0       5
                config                           300000   300000        E        0       4
                smallconst                          800      800       2A      400       0
                text33                             38E4     38E4        6      415       0
                text32                             33EE     33EE       A4      415       0
                text31                             35EA     35EA       5E      415       0
                text30                             28B4     28B4      1B4      415       0
                text29                             3886     3886       26      415       0
                text28                             37F0     37F0       38      415       0
                text27                             36A4     36A4       52      415       0
                text26                             2A68     2A68      190      415       0
                text25                             31D0     31D0       C4      415       0
                text24                             3294     3294       B0      415       0
                text23                             2308     2308      39A      415       0
                text22                             3344     3344       AA      415       0
                text21                             2E32     2E32      104      415       0
                text20                             1EDE     1EDE      42A      415       0
                text19                             37B8     37B8       38      415       0
                text18                             1A1E     1A1E      4C0      415       0
                text17                             36F6     36F6       46      415       0
                text16                             2D2C     2D2C      106      415       0
                text15                             2F36     2F36       FE      415       0
                text14                             26A2     26A2      212      415       0
                text13                             38CE     38CE       16      415       0
                text12                             3492     3492       96      415       0
                text11                             373C     373C       44      415       0
                text10                             3828     3828       36      415       0
                text9                              310A     310A       C6      415       0
                text8                              3648     3648       5C      415       0
                text7                              3780     3780       38      415       0
                text6                              358A     358A       60      415       0
                text5                               82A      82A      CA6      415       0
                text4                              3034     3034       D6      415       0
                text3                              14D0     14D0      54E      415       0
                text2                              3528     3528       62      415       0
                text1                              385E     385E       28      415       0
                text0                              2BF8     2BF8      134      415       0
                cstackCOMRAM                          1        1       5F        1       1
                cstackBANK0                          60       60       44       60       1
                bssBANK1                            100      100       50      100       1
                bssBANK0                             A4       A4       17       60       1
                cinit                              38AC     38AC       22      415       0

TOTAL           Name                               Link     Load   Length     Space
        CLASS   STACK          

        CLASS   CODE           
                init                                  0        0        4         0
                text33                             38E4     38E4        6         0
                text32                             33EE     33EE       A4         0
                text31                             35EA     35EA       5E         0
                text30                             28B4     28B4      1B4         0
                text29                             3886     3886       26         0
                text28                             37F0     37F0       38         0
                text27                             36A4     36A4       52         0
                text26                             2A68     2A68      190         0
                text25                             31D0     31D0       C4         0
                text24                             3294     3294       B0         0
                text23                             2308     2308      39A         0
                text22                             3344     3344       AA         0
                text21                             2E32     2E32      104         0
                text20                             1EDE     1EDE      42A         0
                text19                             37B8     37B8       38         0
                text18                             1A1E     1A1E      4C0         0
                text17                             36F6     36F6       46         0
                text16                             2D2C     2D2C      106         0
                text15                             2F36     2F36       FE         0
                text14                             26A2     26A2      212         0
                text13                             38CE     38CE       16         0
                text12                             3492     3492       96         0
                text11                             373C     373C       44         0
                text10                             3828     3828       36         0
                text9                              310A     310A       C6         0
                text8                              3648     3648       5C         0
                text7                              3780     3780       38         0
                text6                              358A     358A       60         0
                text5                               82A      82A      CA6         0
                text4                              3034     3034       D6         0
                text3                              14D0     14D0      54E         0
                text2                              3528     3528       62         0
                text1                              385E     385E       28         0
                text0                              2BF8     2BF8      134         0
                cinit                              38AC     38AC       22         0

        CLASS   CONST          

        CLASS   SMALLCONST     
                smallconst                          800      800       2A         0

        CLASS   MEDIUMCONST    

        CLASS   COMRAM         
                cstackCOMRAM                          1        1       5F         1

        CLASS   ABS1           

        CLASS   BIGRAM         

        CLASS   RAM            

        CLASS   BANK0          
                cstackBANK0                          60       60       44         1
                bssBANK0                             A4       A4       17         1

        CLASS   BANK1          
                bssBANK1                            100      100       50         1

        CLASS   BANK2          

        CLASS   BANK3          

        CLASS   BANK4          

        CLASS   BANK5          

        CLASS   BANK6          

        CLASS   BANK7          

        CLASS   SFR            

        CLASS   CONFIG         
                config                           300000   300000        E         4

        CLASS   IDLOC          
                idloc                            200000   200000        8         5

        CLASS   EEDATA         

        CLASS   FARRAM         



SEGMENTS        Name                           Load    Length   Top    Selector   Space  Class

                reset_vec                      000000  000004  000004         0       0  CODE    
                cstackCOMRAM                   000001  00005F  000060         1       1  COMRAM  
                cstackBANK0                    000060  00005B  0000BB        60       1  BANK0   
                bssBANK1                       000100  000050  000150       100       1  BANK1   
                smallconst                     000800  00002A  00082A       400       0  SMALLCON
                text5                          00082A  0030C0  0038EA       415       0  CODE    


UNUSED ADDRESS RANGES

        Name                Unused          Largest block    Delta
        BANK0            0000BB-0000FF               45
        BANK1            000150-0001FF               B0
        BANK2            000200-0002FF              100
        BANK3            000300-0003FF              100
        BANK4            000400-0004FF              100
        BANK5            000500-0005FF              100
        BANK6            000600-0006FF              100
        BANK7            000700-0007FF              100
        BIGRAM           0000BB-0000FF               45
                         000150-0007FF              6B0
        CODE             000004-0007FF              7FC
                         0038EA-007FFF             4716
        CONST            000004-0007FF              7FC
                         0038EA-007FFF             4716
        EEDATA           F00000-F000FF              100
        MEDIUMCONST      0038EA-007FFF             4716
        RAM              0000BB-0000FF               45
                         000150-0007FF              100
        SFR              000F60-000FFF               A0
        SMALLCONST       0038EA-007FFF              100
        STACK            000150-0007FF              6B0

                                  Symbol Table

?___awdiv                cstackCOMRAM 000001
?___awmod                cstackCOMRAM 000001
?___fladd                cstackCOMRAM 000001
?___fldiv                cstackCOMRAM 000001
?___flmul                cstackCOMRAM 000001
?___flneg                cstackCOMRAM 000001
?___flsub                cstackCOMRAM 00001A
?___fltol                cstackCOMRAM 000001
?___fpclassifyf          cstackCOMRAM 000001
?___lldiv                cstackCOMRAM 000001
?___wmul                 cstackCOMRAM 000001
?___xxtofl               cstackCOMRAM 000009
?_atoi                   cstackCOMRAM 000008
?_efgtoa                 cstackCOMRAM 00002E
?_floorf                 cstackCOMRAM 00001A
?_isdigit                cstackCOMRAM 000001
?_isspace                cstackCOMRAM 000001
?_isupper                cstackCOMRAM 000001
?_pad                    cstackCOMRAM 000012
?_printf                 cstackCOMRAM 00005A
?_strlen                 cstackCOMRAM 000001
?_strncmp                cstackCOMRAM 000001
?_tolower                cstackCOMRAM 000007
?_vfpfcnvrt              cstackCOMRAM 00003A
?_vfprintf               cstackCOMRAM 000052
Serial_begin@baudios     cstackCOMRAM 00000E
Serial_begin@n           cstackCOMRAM 000012
_ADCON1                  (abs)        000FC1
_BAUDCON                 (abs)        000FB8
_ConfigClock             text33       0038E4
_LATDbits                (abs)        000F8C
_OSCCONbits              (abs)        000FD3
_PIR1bits                (abs)        000F9E
_PORTA                   (abs)        000F80
_RCSTA                   (abs)        000FAB
_SPBRG                   (abs)        000FAF
_SPBRGH                  (abs)        000FB0
_SSPBUF                  (abs)        000FC9
_SSPCON1bits             (abs)        000FC6
_SSPSTATbits             (abs)        000FC7
_Serial_begin            text31       0035EA
_TRISA                   (abs)        000F92
_TRISAbits               (abs)        000F92
_TRISBbits               (abs)        000F93
_TRISCbits               (abs)        000F94
_TRISDbits               (abs)        000F95
_TXREG                   (abs)        000FAD
_TXSTA                   (abs)        000FAC
_TXSTAbits               (abs)        000FAC
__HRAM                   (abs)        000000
__Habs1                  abs1         000000
__Hbank0                 bank0        000000
__Hbank1                 bank1        000000
__Hbank2                 bank2        000000
__Hbank3                 bank3        000000
__Hbank4                 bank4        000000
__Hbank5                 bank5        000000
__Hbank6                 bank6        000000
__Hbank7                 bank7        000000
__Hbigbss                bigbss       000000
__Hbigdata               bigdata      000000
__Hbigram                bigram       000000
__Hbss                   bss          000000
__HbssBANK0              bssBANK0     000000
__HbssBANK1              bssBANK1     000000
__Hcinit                 cinit        000000
__Hclrtext               clrtext      000000
__Hcomram                comram       000000
__Hconfig                config       30000E
__Hconst                 const        000000
__HcstackBANK0           cstackBANK0  000000
__HcstackCOMRAM          cstackCOMRAM 000000
__Hdata                  data         000000
__Heeprom_data           eeprom_data  000000
__Hfarbss                farbss       000000
__Hfardata               fardata      000000
__Hibigdata              ibigdata     000000
__Hidata                 idata        000000
__Hidloc                 idloc        200008
__Hifardata              ifardata     000000
__Hinit                  init         000004
__Hintcode               intcode      000000
__Hintcode_body          intcode_body 000000
__Hintcodelo             intcodelo    000000
__Hintentry              intentry     000000
__Hintret                intret       000000
__Hintsave_regs          intsave_regs 000000
__Hirdata                irdata       000000
__Hmediumconst           mediumconst  000000
__HnvFARRAM              nvFARRAM     000000
__Hnvbit                 nvbit        000000
__Hnvrram                nvrram       000000
__Hparam                 rparam       000000
__Hpowerup               powerup      000000
__Hram                   ram          000000
__Hramtop                ramtop       000800
__Hrbit                  rbit         000000
__Hrbss                  rbss         000000
__Hrdata                 rdata        000000
__Hreset_vec             reset_vec    000000
__Hrparam                rparam       000000
__Hsfr                   sfr          000000
__Hsmallconst            smallconst   00082A
__Hspace_0               (abs)        0038EA
__Hspace_1               (abs)        000150
__Hspace_2               (abs)        000000
__Hspace_4               (abs)        60000E
__Hstack                 stack        000000
__Hstruct                struct       000000
__Htemp                  temp         000000
__Htext                  text         000000
__Htext0                 text0        000000
__Htext1                 text1        000000
__Htext10                text10       000000
__Htext11                text11       000000
__Htext12                text12       000000
__Htext13                text13       000000
__Htext14                text14       000000
__Htext15                text15       000000
__Htext16                text16       000000
__Htext17                text17       000000
__Htext18                text18       000000
__Htext19                text19       000000
__Htext2                 text2        000000
__Htext20                text20       000000
__Htext21                text21       000000
__Htext22                text22       000000
__Htext23                text23       000000
__Htext24                text24       000000
__Htext25                text25       000000
__Htext26                text26       000000
__Htext27                text27       000000
__Htext28                text28       000000
__Htext29                text29       000000
__Htext3                 text3        000000
__Htext30                text30       000000
__Htext31                text31       000000
__Htext32                text32       000000
__Htext33                text33       000000
__Htext4                 text4        000000
__Htext5                 text5        000000
__Htext6                 text6        000000
__Htext7                 text7        000000
__Htext8                 text8        000000
__Htext9                 text9        000000
__LRAM                   (abs)        000001
__Labs1                  abs1         000000
__Lbank0                 bank0        000000
__Lbank1                 bank1        000000
__Lbank2                 bank2        000000
__Lbank3                 bank3        000000
__Lbank4                 bank4        000000
__Lbank5                 bank5        000000
__Lbank6                 bank6        000000
__Lbank7                 bank7        000000
__Lbigbss                bigbss       000000
__Lbigdata               bigdata      000000
__Lbigram                bigram       000000
__Lbss                   bss          000000
__LbssBANK0              bssBANK0     000000
__LbssBANK1              bssBANK1     000000
__Lcinit                 cinit        000000
__Lclrtext               clrtext      000000
__Lcomram                comram       000000
__Lconfig                config       000000
__Lconst                 const        000000
__LcstackBANK0           cstackBANK0  000000
__LcstackCOMRAM          cstackCOMRAM 000000
__Ldata                  data         000000
__Leeprom_data           eeprom_data  000000
__Lfarbss                farbss       000000
__Lfardata               fardata      000000
__Libigdata              ibigdata     000000
__Lidata                 idata        000000
__Lidloc                 idloc        000000
__Lifardata              ifardata     000000
__Linit                  init         000000
__Lintcode               intcode      000000
__Lintcode_body          intcode_body 000000
__Lintcodelo             intcodelo    000000
__Lintentry              intentry     000000
__Lintret                intret       000000
__Lintsave_regs          intsave_regs 000000
__Lirdata                irdata       000000
__Lmediumconst           mediumconst  000000
__LnvFARRAM              nvFARRAM     000000
__Lnvbit                 nvbit        000000
__Lnvrram                nvrram       000000
__Lparam                 rparam       000000
__Lpowerup               powerup      000000
__Lram                   ram          000000
__Lramtop                ramtop       000800
__Lrbit                  rbit         000000
__Lrbss                  rbss         000000
__Lrdata                 rdata        000000
__Lreset_vec             reset_vec    000000
__Lrparam                rparam       000000
__Lsfr                   sfr          000000
__Lsmallconst            smallconst   000800
__Lspace_0               (abs)        000000
__Lspace_1               (abs)        000000
__Lspace_2               (abs)        000000
__Lspace_4               (abs)        000000
__Lstack                 stack        000000
__Lstruct                struct       000000
__Ltemp                  temp         000000
__Ltext                  text         000000
__Ltext0                 text0        000000
__Ltext1                 text1        000000
__Ltext10                text10       000000
__Ltext11                text11       000000
__Ltext12                text12       000000
__Ltext13                text13       000000
__Ltext14                text14       000000
__Ltext15                text15       000000
__Ltext16                text16       000000
__Ltext17                text17       000000
__Ltext18                text18       000000
__Ltext19                text19       000000
__Ltext2                 text2        000000
__Ltext20                text20       000000
__Ltext21                text21       000000
__Ltext22                text22       000000
__Ltext23                text23       000000
__Ltext24                text24       000000
__Ltext25                text25       000000
__Ltext26                text26       000000
__Ltext27                text27       000000
__Ltext28                text28       000000
__Ltext29                text29       000000
__Ltext3                 text3        000000
__Ltext30                text30       000000
__Ltext31                text31       000000
__Ltext32                text32       000000
__Ltext33                text33       000000
__Ltext4                 text4        000000
__Ltext5                 text5        000000
__Ltext6                 text6        000000
__Ltext7                 text7        000000
__Ltext8                 text8        000000
__Ltext9                 text9        000000
__S0                     (abs)        0038EA
__S1                     (abs)        000150
__S2                     (abs)        000000
__S4                     (abs)        000000
__S5                     (abs)        000000
___awdiv                 text25       0031D0
___awdiv@counter         cstackCOMRAM 000005
___awdiv@dividend        cstackCOMRAM 000001
___awdiv@divisor         cstackCOMRAM 000003
___awdiv@quotient        cstackCOMRAM 000007
___awdiv@sign            cstackCOMRAM 000006
___awmod                 text24       003294
___awmod@counter         cstackCOMRAM 000005
___awmod@dividend        cstackCOMRAM 000001
___awmod@divisor         cstackCOMRAM 000003
___awmod@sign            cstackCOMRAM 000006
___fladd                 text18       001A1E
___fladd@a               cstackCOMRAM 000005
___fladd@aexp            cstackCOMRAM 00000E
___fladd@b               cstackCOMRAM 000001
___fladd@bexp            cstackCOMRAM 00000F
___fladd@grs             cstackCOMRAM 000010
___fladd@signs           cstackCOMRAM 00000D
___fldiv                 text23       002308
___fldiv@a               cstackCOMRAM 000005
___fldiv@aexp            cstackCOMRAM 000019
___fldiv@b               cstackCOMRAM 000001
___fldiv@bexp            cstackCOMRAM 000018
___fldiv@grs             cstackCOMRAM 000014
___fldiv@new_exp         cstackCOMRAM 000012
___fldiv@rem             cstackCOMRAM 00000D
___fldiv@sign            cstackCOMRAM 000011
___fleq                  text22       003344
___fleq@ff1              cstackCOMRAM 000001
___fleq@ff2              cstackCOMRAM 000005
___flge                  text21       002E32
___flge@ff1              cstackCOMRAM 00001A
___flge@ff2              cstackCOMRAM 00001E
___flmul                 text20       001EDE
___flmul@a               cstackCOMRAM 000005
___flmul@aexp            cstackCOMRAM 000012
___flmul@b               cstackCOMRAM 000001
___flmul@bexp            cstackCOMRAM 000013
___flmul@grs             cstackCOMRAM 00000E
___flmul@prod            cstackCOMRAM 000014
___flmul@sign            cstackCOMRAM 00000D
___flmul@temp            cstackCOMRAM 000018
___flneg                 text19       0037B8
___flneg@f1              cstackCOMRAM 000001
___flsub                 text17       0036F6
___flsub@a               cstackCOMRAM 00001E
___flsub@b               cstackCOMRAM 00001A
___fltol                 text16       002D2C
___fltol@exp1            cstackCOMRAM 00000A
___fltol@f1              cstackCOMRAM 000001
___fltol@sign1           cstackCOMRAM 000009
___fpclassifyf           text15       002F36
___fpclassifyf@F465      bssBANK0     0000A8
___fpclassifyf@e         cstackCOMRAM 000009
___fpclassifyf@u         cstackCOMRAM 00000B
___fpclassifyf@x         cstackCOMRAM 000001
___inthi_sp              stack        000000
___intlo_sp              stack        000000
___lldiv                 text32       0033EE
___lldiv@counter         cstackCOMRAM 00000D
___lldiv@dividend        cstackCOMRAM 000001
___lldiv@divisor         cstackCOMRAM 000005
___lldiv@quotient        cstackCOMRAM 000009
___param_bank            (abs)        000000
___rparam_used           (abs)        000001
___sp                    stack        000000
___wmul                  text29       003886
___wmul@multiplicand     cstackCOMRAM 000003
___wmul@multiplier       cstackCOMRAM 000001
___wmul@product          cstackCOMRAM 000005
___xxtofl                text30       0028B4
___xxtofl@arg            cstackCOMRAM 000013
___xxtofl@exp            cstackCOMRAM 000012
___xxtofl@sign           cstackCOMRAM 000011
___xxtofl@val            cstackCOMRAM 000009
__accesstop              (abs)        000060
__activetblptr           (abs)        000002
__end_of_ConfigClock     text33       0038EA
__end_of_Serial_begin    text31       003648
__end_of___awdiv         text25       003294
__end_of___awmod         text24       003344
__end_of___fladd         text18       001EDE
__end_of___fldiv         text23       0026A2
__end_of___fleq          text22       0033EE
__end_of___flge          text21       002F36
__end_of___flmul         text20       002308
__end_of___flneg         text19       0037F0
__end_of___flsub         text17       00373C
__end_of___fltol         text16       002E32
__end_of___fpclassifyf   text15       003034
__end_of___lldiv         text32       003492
__end_of___wmul          text29       0038AC
__end_of___xxtofl        text30       002A68
__end_of__initialization cinit        0038C4
__end_of_atoi            text26       002BF8
__end_of_efgtoa          text5        0014D0
__end_of_floorf          text14       0028B4
__end_of_fputc           text12       003528
__end_of_fputs           text11       003780
__end_of_isdigit         text28       003828
__end_of_isspace         text27       0036F6
__end_of_isupper         text7        0037B8
__end_of_main            text0        002D2C
__end_of_pad             text9        0031D0
__end_of_printf          text1        003886
__end_of_putch           text13       0038E4
__end_of_strcpy          text8        0036A4
__end_of_strlen          text10       00385E
__end_of_strncmp         text4        00310A
__end_of_tolower         text6        0035EA
__end_of_vfpfcnvrt       text3        001A1E
__end_of_vfprintf        text2        00358A
__initialization         cinit        0038AC
__mediumconst            mediumconst  000000
__pbssBANK0              bssBANK0     0000A4
__pbssBANK1              bssBANK1     000100
__pcinit                 cinit        0038AC
__pcstackBANK0           cstackBANK0  000060
__pcstackCOMRAM          cstackCOMRAM 000001
__psmallconst            smallconst   000800
__ptext0                 text0        002BF8
__ptext1                 text1        00385E
__ptext10                text10       003828
__ptext11                text11       00373C
__ptext12                text12       003492
__ptext13                text13       0038CE
__ptext14                text14       0026A2
__ptext15                text15       002F36
__ptext16                text16       002D2C
__ptext17                text17       0036F6
__ptext18                text18       001A1E
__ptext19                text19       0037B8
__ptext2                 text2        003528
__ptext20                text20       001EDE
__ptext21                text21       002E32
__ptext22                text22       003344
__ptext23                text23       002308
__ptext24                text24       003294
__ptext25                text25       0031D0
__ptext26                text26       002A68
__ptext27                text27       0036A4
__ptext28                text28       0037F0
__ptext29                text29       003886
__ptext3                 text3        0014D0
__ptext30                text30       0028B4
__ptext31                text31       0035EA
__ptext32                text32       0033EE
__ptext33                text33       0038E4
__ptext4                 text4        003034
__ptext5                 text5        00082A
__ptext6                 text6        00358A
__ptext7                 text7        003780
__ptext8                 text8        003648
__ptext9                 text9        00310A
__ramtop                 ramtop       000800
__size_of_ConfigClock    (abs)        000000
__size_of_Serial_begin   (abs)        000000
__size_of___awdiv        (abs)        000000
__size_of___awmod        (abs)        000000
__size_of___fladd        (abs)        000000
__size_of___fldiv        (abs)        000000
__size_of___fleq         (abs)        000000
__size_of___flge         (abs)        000000
__size_of___flmul        (abs)        000000
__size_of___flneg        (abs)        000000
__size_of___flsub        (abs)        000000
__size_of___fltol        (abs)        000000
__size_of___fpclassifyf  (abs)        000000
__size_of___lldiv        (abs)        000000
__size_of___wmul         (abs)        000000
__size_of___xxtofl       (abs)        000000
__size_of_atoi           (abs)        000000
__size_of_efgtoa         (abs)        000000
__size_of_floorf         (abs)        000000
__size_of_fputc          (abs)        000000
__size_of_fputs          (abs)        000000
__size_of_isdigit        (abs)        000000
__size_of_isspace        (abs)        000000
__size_of_isupper        (abs)        000000
__size_of_main           (abs)        000000
__size_of_pad            (abs)        000000
__size_of_printf         (abs)        000000
__size_of_putch          (abs)        000000
__size_of_strcpy         (abs)        000000
__size_of_strlen         (abs)        000000
__size_of_strncmp        (abs)        000000
__size_of_tolower        (abs)        000000
__size_of_vfpfcnvrt      (abs)        000000
__size_of_vfprintf       (abs)        000000
__smallconst             smallconst   000800
_atoi                    text26       002A68
_atoi$1329               cstackCOMRAM 000010
_atoi$1330               cstackCOMRAM 000014
_atoi$1331               cstackCOMRAM 000012
_dbuf                    bssBANK1     000100
_efgtoa                  text5        00082A
_efgtoa$1265             cstackBANK0  000060
_efgtoa$1266             cstackBANK0  000062
_efgtoa$1271             cstackBANK0  000064
_efgtoa$1275             cstackBANK0  000066
_efgtoa$1276             cstackBANK0  000068
_efgtoa$1277             cstackBANK0  00006A
_flags                   bssBANK0     0000B6
_floorf                  text14       0026A2
_fputc                   text12       003492
_fputs                   text11       00373C
_i                       bssBANK0     0000B8
_isdigit                 text28       0037F0
_isspace                 text27       0036A4
_isspace$1360            cstackCOMRAM 000007
_isupper                 text7        003780
_main                    text0        002BF8
_main$1627               cstackBANK0  0000A2
_nout                    bssBANK0     0000B0
_pad                     text9        00310A
_prec                    bssBANK0     0000B4
_printf                  text1        00385E
_putch                   text13       0038CE
_strcpy                  text8        003648
_strlen                  text10       003828
_strncmp                 text4        003034
_temp                    bssBANK0     0000B9
_temperatura             bssBANK0     0000AC
_tolower                 text6        00358A
_tolower$1418            cstackCOMRAM 00000D
_vfpfcnvrt               text3        0014D0
_vfpfcnvrt$1291          cstackCOMRAM 000046
_vfpfcnvrt$1295          cstackCOMRAM 000048
_vfprintf                text2        003528
_width                   bssBANK0     0000B2
atoi@n                   cstackCOMRAM 000015
atoi@neg                 cstackCOMRAM 00000E
atoi@s                   cstackCOMRAM 000008
efgtoa@c                 cstackCOMRAM 000034
efgtoa@d                 cstackBANK0  000078
efgtoa@e                 cstackBANK0  000090
efgtoa@f                 cstackCOMRAM 000030
efgtoa@fp                cstackCOMRAM 00002E
efgtoa@g                 cstackBANK0  00008C
efgtoa@h                 cstackBANK0  000082
efgtoa@i                 cstackBANK0  00008A
efgtoa@l                 cstackBANK0  000086
efgtoa@m                 cstackBANK0  000072
efgtoa@mode              cstackBANK0  000081
efgtoa@n                 cstackBANK0  000092
efgtoa@ne                cstackBANK0  000070
efgtoa@nmode             cstackBANK0  000080
efgtoa@ou                cstackBANK0  000074
efgtoa@p                 cstackBANK0  00007C
efgtoa@pp                cstackBANK0  00006E
efgtoa@sign              cstackBANK0  00007A
efgtoa@t                 cstackBANK0  00006C
efgtoa@u                 cstackBANK0  000094
efgtoa@w                 cstackBANK0  00007E
end_of_initialization    cinit        0038C4
floorf@F527              bssBANK0     0000A4
floorf@e                 cstackCOMRAM 000028
floorf@m                 cstackCOMRAM 000024
floorf@u                 cstackCOMRAM 00002A
floorf@x                 cstackCOMRAM 00001A
fputc@c                  cstackCOMRAM 000002
fputc@fp                 cstackCOMRAM 000004
fputs@c                  cstackCOMRAM 00000F
fputs@fp                 cstackCOMRAM 00000D
fputs@i                  cstackCOMRAM 000010
fputs@s                  cstackCOMRAM 00000B
intlevel0                text         000000
intlevel1                text         000000
intlevel2                text         000000
intlevel3                text         000000
isa$std                  (abs)        000001
isa$xinst                (abs)        000000
isdigit@c                cstackCOMRAM 000001
isspace@c                cstackCOMRAM 000001
isupper@c                cstackCOMRAM 000001
pad@buf                  cstackCOMRAM 000014
pad@fp                   cstackCOMRAM 000012
pad@i                    cstackCOMRAM 000019
pad@p                    cstackCOMRAM 000016
pad@w                    cstackCOMRAM 00001B
printf@ap                cstackBANK0  000098
printf@fmt               cstackCOMRAM 00005A
putch@c                  cstackCOMRAM 000001
stackhi                  (abs)        0007FF
stacklo                  (abs)        000150
start                    init         000000
start_initialization     cinit        0038AC
strcpy@d                 cstackCOMRAM 000009
strcpy@dest              cstackCOMRAM 000001
strcpy@s                 cstackCOMRAM 000007
strcpy@src               cstackCOMRAM 000003
strlen@a                 cstackCOMRAM 000003
strlen@s                 cstackCOMRAM 000001
strncmp@_l               cstackCOMRAM 000001
strncmp@_r               cstackCOMRAM 000003
strncmp@l                cstackCOMRAM 000008
strncmp@n                cstackCOMRAM 000005
strncmp@r                cstackCOMRAM 00000A
tolower@c                cstackCOMRAM 000007
vfpfcnvrt@ap             cstackCOMRAM 00003E
vfpfcnvrt@c              cstackCOMRAM 000051
vfpfcnvrt@ct             cstackCOMRAM 00004E
vfpfcnvrt@done           cstackCOMRAM 000044
vfpfcnvrt@f              cstackCOMRAM 00004A
vfpfcnvrt@fmt            cstackCOMRAM 00003C
vfpfcnvrt@fp             cstackCOMRAM 00003A
vfprintf@ap              cstackCOMRAM 000056
vfprintf@cfmt            cstackCOMRAM 000058
vfprintf@fmt             cstackCOMRAM 000054
vfprintf@fp              cstackCOMRAM 000052


MODULE INFORMATION

Module		Function		Class		Link	Load	Size
C:\Program Files\Microchip\xc8\v2.32\pic\sources\c99\common\awdiv.c
		___awdiv       		CODE           	31D0	0000	196

C:\Program Files\Microchip\xc8\v2.32\pic\sources\c99\common\awdiv.c estimated size: 196

USART.c
		_putch         		CODE           	38CE	0000	22
		_Serial_begin  		CODE           	35EA	0000	94

USART.c estimated size: 116

C:\Program Files\Microchip\xc8\v2.32\pic\sources\c99\common\isdigit.c
		_isdigit       		CODE           	37F0	0000	56

C:\Program Files\Microchip\xc8\v2.32\pic\sources\c99\common\isdigit.c estimated size: 56

C:\Program Files\Microchip\xc8\v2.32\pic\sources\c99\common\sprcadd.c
		___flsub       		CODE           	36F6	0000	70
		___fladd       		CODE           	1A1E	0000	1216

C:\Program Files\Microchip\xc8\v2.32\pic\sources\c99\common\sprcadd.c estimated size: 1286

C:\Program Files\Microchip\xc8\v2.32\pic\sources\c99\common\doprnt.c
		_vfpfcnvrt     		CODE           	14D0	0000	1358
		_efgtoa        		CODE           	082A	0000	3238
		_pad           		CODE           	310A	0000	198
		_vfprintf      		CODE           	3528	0000	98

C:\Program Files\Microchip\xc8\v2.32\pic\sources\c99\common\doprnt.c estimated size: 4892

C:\Program Files\Microchip\xc8\v2.32\pic\sources\c99\common\flneg.c
		___flneg       		CODE           	37B8	0000	56

C:\Program Files\Microchip\xc8\v2.32\pic\sources\c99\common\flneg.c estimated size: 56

C:\Program Files\Microchip\xc8\v2.32\pic\sources\c99\common\atoi.c
		_atoi          		CODE           	2A68	0000	400

C:\Program Files\Microchip\xc8\v2.32\pic\sources\c99\common\atoi.c estimated size: 400

C:\Program Files\Microchip\xc8\v2.32\pic\sources\c99\common\nf_fputs.c
		_fputs         		CODE           	373C	0000	68

C:\Program Files\Microchip\xc8\v2.32\pic\sources\c99\common\nf_fputs.c estimated size: 68

C:\Program Files\Microchip\xc8\v2.32\pic\sources\c99\common\fleq.c
		___fleq        		CODE           	3344	0000	170

C:\Program Files\Microchip\xc8\v2.32\pic\sources\c99\common\fleq.c estimated size: 170

C:\Program Files\Microchip\xc8\v2.32\pic\sources\c99\common\__fpclassifyf.c
		___fpclassifyf 		CODE           	2F36	0000	254

C:\Program Files\Microchip\xc8\v2.32\pic\sources\c99\common\__fpclassifyf.c estimated size: 254

C:\Program Files\Microchip\xc8\v2.32\pic\sources\c99\common\isupper.c
		_isupper       		CODE           	3780	0000	56

C:\Program Files\Microchip\xc8\v2.32\pic\sources\c99\common\isupper.c estimated size: 56

C:\Program Files\Microchip\xc8\v2.32\pic\sources\c99\common\Umul16.c
		___wmul        		CODE           	3886	0000	38

C:\Program Files\Microchip\xc8\v2.32\pic\sources\c99\common\Umul16.c estimated size: 38

C:\Program Files\Microchip\xc8\v2.32\pic\sources\c99\common\isspace.c
		_isspace       		CODE           	36A4	0000	82

C:\Program Files\Microchip\xc8\v2.32\pic\sources\c99\common\isspace.c estimated size: 82

C:\Program Files\Microchip\xc8\v2.32\pic\sources\c99\common\strncmp.c
		_strncmp       		CODE           	3034	0000	214

C:\Program Files\Microchip\xc8\v2.32\pic\sources\c99\common\strncmp.c estimated size: 214

C:\Program Files\Microchip\xc8\v2.32\pic\sources\c99\common\tolower.c
		_tolower       		CODE           	358A	0000	96

C:\Program Files\Microchip\xc8\v2.32\pic\sources\c99\common\tolower.c estimated size: 96

shared
		__initialization		CODE           	38AC	0000	24

shared estimated size: 24

C:\Program Files\Microchip\xc8\v2.32\pic\sources\c99\common\sprcmul.c
		___flmul       		CODE           	1EDE	0000	1066

C:\Program Files\Microchip\xc8\v2.32\pic\sources\c99\common\sprcmul.c estimated size: 1066

C:\Program Files\Microchip\xc8\v2.32\pic\sources\c99\common\awmod.c
		___awmod       		CODE           	3294	0000	176

C:\Program Files\Microchip\xc8\v2.32\pic\sources\c99\common\awmod.c estimated size: 176

C:\Program Files\Microchip\xc8\v2.32\pic\sources\c99\common\sprcdiv.c
		___fldiv       		CODE           	2308	0000	922

C:\Program Files\Microchip\xc8\v2.32\pic\sources\c99\common\sprcdiv.c estimated size: 922

C:\Program Files\Microchip\xc8\v2.32\pic\sources\c99\common\fltol.c
		___fltol       		CODE           	2D2C	0000	262

C:\Program Files\Microchip\xc8\v2.32\pic\sources\c99\common\fltol.c estimated size: 262

C:\Program Files\Microchip\xc8\v2.32\pic\sources\c99\common\xxtofl.c
		___xxtofl      		CODE           	28B4	0000	436

C:\Program Files\Microchip\xc8\v2.32\pic\sources\c99\common\xxtofl.c estimated size: 436

C:\Program Files\Microchip\xc8\v2.32\pic\sources\c99\common\printf.c
		_printf        		CODE           	385E	0000	40

C:\Program Files\Microchip\xc8\v2.32\pic\sources\c99\common\printf.c estimated size: 40

C:\Program Files\Microchip\xc8\v2.32\pic\sources\c99\common\nf_fputc.c
		_fputc         		CODE           	3492	0000	150

C:\Program Files\Microchip\xc8\v2.32\pic\sources\c99\common\nf_fputc.c estimated size: 150

Config.c
		_ConfigClock   		CODE           	38E4	0000	6

Config.c estimated size: 6

C:\Program Files\Microchip\xc8\v2.32\pic\sources\c99\common\__lldiv.c
		___lldiv       		CODE           	33EE	0000	164

C:\Program Files\Microchip\xc8\v2.32\pic\sources\c99\common\__lldiv.c estimated size: 164

main.c
		_main          		CODE           	2BF8	0000	308

main.c estimated size: 308

C:\Program Files\Microchip\xc8\v2.32\pic\sources\c99\common\strlen.c
		_strlen        		CODE           	3828	0000	54

C:\Program Files\Microchip\xc8\v2.32\pic\sources\c99\common\strlen.c estimated size: 54

C:\Program Files\Microchip\xc8\v2.32\pic\sources\c99\common\flge.c
		___flge        		CODE           	2E32	0000	260

C:\Program Files\Microchip\xc8\v2.32\pic\sources\c99\common\flge.c estimated size: 260

C:\Program Files\Microchip\xc8\v2.32\pic\sources\c99\common\floorf.c
		_floorf        		CODE           	26A2	0000	530

C:\Program Files\Microchip\xc8\v2.32\pic\sources\c99\common\floorf.c estimated size: 530

C:\Program Files\Microchip\xc8\v2.32\pic\sources\c99\common\strcpy.c
		_strcpy        		CODE           	3648	0000	92

C:\Program Files\Microchip\xc8\v2.32\pic\sources\c99\common\strcpy.c estimated size: 92

