Microchip MPLAB XC8 Compiler V2.32

Linker command line:

-W-3 --edf=C:\Program Files\Microchip\xc8\v2.32\pic\dat\en_msgs.txt -cn \
  -h+dist/default/production\Ejemplo11_I2C_4550.X.production.sym \
  --cmf=dist/default/production\Ejemplo11_I2C_4550.X.production.cmf -z \
  -Q18F4550 -oC:\Users\HP\AppData\Local\Temp\xcAs76s.4 \
  --defsym=__MPLAB_BUILD=1 \
  -Mdist/default/production/Ejemplo11_I2C_4550.X.production.map -E1 \
  -ver=XC8 Compiler --acfsm=1493 -ASTACK=0A4h-07FFh -pstack=STACK \
  -ACODE=00h-07FFFh -ACONST=00h-07FFFh -ASMALLCONST=0800h-08FFhx120 \
  -AMEDIUMCONST=0800h-07FFFh -ACOMRAM=01h-05Fh -AABS1=00h-07FFh \
  -ABIGRAM=01h-07FFh -ARAM=060h-0FFh,0100h-01FFhx7 -ABANK0=060h-0FFh \
  -ABANK1=0100h-01FFh -ABANK2=0200h-02FFh -ABANK3=0300h-03FFh \
  -ABANK4=0400h-04FFh -ABANK5=0500h-05FFh -ABANK6=0600h-06FFh \
  -ABANK7=0700h-07FFh -ASFR=0F60h-0FFFh -ACONFIG=0300000h-030000Dh \
  -AIDLOC=0200000h-0200007h -AEEDATA=0F00000h-0F000FFh -peeprom_data=EEDATA \
  -preset_vec=00h,intcode,intcodelo,powerup,init -pramtop=0800h \
  -psmallconst=SMALLCONST -pmediumconst=MEDIUMCONST -pconst=CONST \
  -AFARRAM=00h-00h \
  -prdata=COMRAM,nvrram=COMRAM,nvbit=COMRAM,rbss=COMRAM,rbit=COMRAM \
  -pfarbss=FARRAM,fardata=FARRAM,nvFARRAM=FARRAM \
  -pintsave_regs=BIGRAM,bigbss=BIGRAM,bigdata=BIGRAM -pbss=RAM \
  -pidata=CODE,irdata=CODE,ibigdata=CODE,ifardata=CODE -prparam=COMRAM \
  C:\Users\HP\AppData\Local\Temp\xcAs76s.o \
  dist/default/production\Ejemplo11_I2C_4550.X.production.o 

Object code version is 3.11

Machine type is 18F4550



                Name                               Link     Load   Length Selector   Space Scale
C:\Users\HP\AppData\Local\Temp\xcAs76s.o
                idloc                            200000   200000        8        0       5
                config                           300000   300000        E        0       4
                init                                  0        0        4        0       0
dist/default/production\Ejemplo11_I2C_4550.X.production.o
                idloc                            200000   200000        8        0       5
                config                           300000   300000        E        0       4
                smallconst                          800      800       3E      400       0
                text31                             1C40     1C40        6      41F       0
                text30                             1C22     1C22       12      41F       0
                text29                             1B96     1B96       24      41F       0
                text28                             1C34     1C34        C      41F       0
                text27                             1908     1908       7C      41F       0
                text26                             1C10     1C10       12      41F       0
                text25                             1BFE     1BFE       12      41F       0
                text24                              F24      F24      128      41F       0
                text23                             1322     1322       E6      41F       0
                text22                             159E     159E       C4      41F       0
                text21                             171E     171E       B0      41F       0
                text20                             104C     104C      100      41F       0
                text19                             1662     1662       BC      41F       0
                text18                             1BE8     1BE8       16      41F       0
                text17                             17CE     17CE       A4      41F       0
                text16                             19E6     19E6       60      41F       0
                text15                             1B70     1B70       26      41F       0
                text14                             1ADC     1ADC       38      41F       0
                text13                             1A46     1A46       52      41F       0
                text12                              D94      D94      190      41F       0
                text11                             114C     114C       F0      41F       0
                text10                             1408     1408       D0      41F       0
                text9                              1BD2     1BD2       16      41F       0
                text8                              1872     1872       96      41F       0
                text7                              1A98     1A98       44      41F       0
                text6                              1B14     1B14       36      41F       0
                text5                              14D8     14D8       C6      41F       0
                text4                               B92      B92      202      41F       0
                text3                               83E      83E      354      41F       0
                text2                              1984     1984       62      41F       0
                text1                              1B4A     1B4A       26      41F       0
                text0                              123C     123C       E6      41F       0
                cstackCOMRAM                          1        1       5E        1       1
                cstackBANK0                          95       95        F       60       1
                bssBANK0                             60       60       35       60       1
                bssCOMRAM                            5F       5F        1        1       1
                cinit                              1BBA     1BBA       18      41F       0

TOTAL           Name                               Link     Load   Length     Space
        CLASS   STACK          

        CLASS   CODE           
                init                                  0        0        4         0
                text31                             1C40     1C40        6         0
                text30                             1C22     1C22       12         0
                text29                             1B96     1B96       24         0
                text28                             1C34     1C34        C         0
                text27                             1908     1908       7C         0
                text26                             1C10     1C10       12         0
                text25                             1BFE     1BFE       12         0
                text24                              F24      F24      128         0
                text23                             1322     1322       E6         0
                text22                             159E     159E       C4         0
                text21                             171E     171E       B0         0
                text20                             104C     104C      100         0
                text19                             1662     1662       BC         0
                text18                             1BE8     1BE8       16         0
                text17                             17CE     17CE       A4         0
                text16                             19E6     19E6       60         0
                text15                             1B70     1B70       26         0
                text14                             1ADC     1ADC       38         0
                text13                             1A46     1A46       52         0
                text12                              D94      D94      190         0
                text11                             114C     114C       F0         0
                text10                             1408     1408       D0         0
                text9                              1BD2     1BD2       16         0
                text8                              1872     1872       96         0
                text7                              1A98     1A98       44         0
                text6                              1B14     1B14       36         0
                text5                              14D8     14D8       C6         0
                text4                               B92      B92      202         0
                text3                               83E      83E      354         0
                text2                              1984     1984       62         0
                text1                              1B4A     1B4A       26         0
                text0                              123C     123C       E6         0
                cinit                              1BBA     1BBA       18         0

        CLASS   CONST          

        CLASS   SMALLCONST     
                smallconst                          800      800       3E         0

        CLASS   MEDIUMCONST    

        CLASS   COMRAM         
                cstackCOMRAM                          1        1       5E         1
                bssCOMRAM                            5F       5F        1         1

        CLASS   ABS1           

        CLASS   BIGRAM         

        CLASS   RAM            

        CLASS   BANK0          
                cstackBANK0                          95       95        F         1
                bssBANK0                             60       60       35         1

        CLASS   BANK1          

        CLASS   BANK2          

        CLASS   BANK3          

        CLASS   BANK4          

        CLASS   BANK5          

        CLASS   BANK6          

        CLASS   BANK7          

        CLASS   SFR            

        CLASS   CONFIG         
                config                           300000   300000        E         4

        CLASS   IDLOC          
                idloc                            200000   200000        8         5

        CLASS   EEDATA         

        CLASS   FARRAM         



SEGMENTS        Name                           Load    Length   Top    Selector   Space  Class

                reset_vec                      000000  000004  000004         0       0  CODE    
                cstackCOMRAM                   000001  00005F  000060         1       1  COMRAM  
                bssBANK0                       000060  000044  0000A4        60       1  BANK0   
                smallconst                     000800  00003E  00083E       400       0  SMALLCON
                text3                          00083E  001408  001C46       41F       0  CODE    


UNUSED ADDRESS RANGES

        Name                Unused          Largest block    Delta
        BANK0            0000A4-0000FF               5C
        BANK1            000100-0001FF              100
        BANK2            000200-0002FF              100
        BANK3            000300-0003FF              100
        BANK4            000400-0004FF              100
        BANK5            000500-0005FF              100
        BANK6            000600-0006FF              100
        BANK7            000700-0007FF              100
        BIGRAM           0000A4-0007FF              75C
        CODE             000004-0007FF              7FC
                         001C46-007FFF             63BA
        CONST            000004-0007FF              7FC
                         001C46-007FFF             63BA
        EEDATA           F00000-F000FF              100
        MEDIUMCONST      001C46-007FFF             63BA
        RAM              0000A4-0007FF              100
        SFR              000F60-000FFF               A0
        SMALLCONST       001C46-007FFF              100
        STACK            0000A4-0007FF              75C

                                  Symbol Table

?___awdiv                       cstackCOMRAM 000001
?___awmod                       cstackCOMRAM 000001
?___lldiv                       cstackCOMRAM 000001
?___lodiv                       cstackCOMRAM 000001
?___lomod                       cstackCOMRAM 000001
?___wmul                        cstackCOMRAM 000001
?_atoi                          cstackCOMRAM 000008
?_isdigit                       cstackCOMRAM 000001
?_isspace                       cstackCOMRAM 000001
?_pad                           cstackCOMRAM 000012
?_printf                        cstackBANK0  000095
?_strlen                        cstackCOMRAM 000001
?_utoa                          cstackCOMRAM 00001D
?_vfpfcnvrt                     cstackCOMRAM 00003D
?_vfprintf                      cstackCOMRAM 000053
DS1307_Read_Date@dia_mes        cstackCOMRAM 000008
DS1307_Read_Date@dia_semana     cstackCOMRAM 00000A
DS1307_Read_Date@mes            cstackCOMRAM 000006
DS1307_Read_Date@year           cstackCOMRAM 000004
DS1307_Read_H_24@horas          cstackCOMRAM 000004
DS1307_Read_H_24@minutos        cstackCOMRAM 000006
DS1307_Read_H_24@segundos       cstackCOMRAM 000008
DS1307_Write_Date@dia_mes       cstackCOMRAM 00000E
DS1307_Write_Date@dia_semana    cstackCOMRAM 00000B
DS1307_Write_Date@mes           cstackCOMRAM 000009
DS1307_Write_Date@year          cstackCOMRAM 00000A
DS1307_Write_Hours_24@Hor_ds    cstackCOMRAM 00000F
DS1307_Write_Hours_24@Min_ds    cstackCOMRAM 00000E
DS1307_Write_Hours_24@Seg_ds    cstackCOMRAM 00000D
DS1307_Write_Hours_24@horas     cstackCOMRAM 000010
DS1307_Write_Hours_24@minutos   cstackCOMRAM 000009
DS1307_Write_Hours_24@segundos  cstackCOMRAM 00000A
I2C_ReadData@Ptr_data           cstackCOMRAM 000001
I2C_ReadData@var_Ack_nAck       cstackCOMRAM 000003
I2C_Write_Slave@data            cstackCOMRAM 000001
Serial_begin@baudios            cstackCOMRAM 00000E
Serial_begin@n                  cstackCOMRAM 000012
_BAUDCON                        (abs)        000FB8
_ConfigClock                    text31       001C40
_DIA_MES                        bssBANK0     00008F
_DIA_SEMANA                     bssBANK0     00008E
_DS1307_Config                  text28       001C34
_DS1307_Read_Date               text24       000F24
_DS1307_Read_H_24               text23       001322
_DS1307_Write_Date              text20       00104C
_DS1307_Write_Hours_24          text19       001662
_HORA                           bssBANK0     000094
_I2C_Init                       text18       001BE8
_I2C_ReadData                   text27       001908
_I2C_Restart                    text26       001C10
_I2C_Start                      text30       001C22
_I2C_Stop                       text25       001BFE
_I2C_Write_Slave                text29       001B96
_MES                            bssBANK0     000090
_MINUTO                         bssBANK0     000093
_OSCCONbits                     (abs)        000FD3
_RCSTA                          (abs)        000FAB
_SEGUNDO                        bssBANK0     000092
_SPBRG                          (abs)        000FAF
_SPBRGH                         (abs)        000FB0
_SSPADD                         (abs)        000FC8
_SSPBUF                         (abs)        000FC9
_SSPCON1bits                    (abs)        000FC6
_SSPCON2bits                    (abs)        000FC5
_SSPSTATbits                    (abs)        000FC7
_Serial_begin                   text16       0019E6
_TRISB                          (abs)        000F93
_TRISCbits                      (abs)        000F94
_TXREG                          (abs)        000FAD
_TXSTA                          (abs)        000FAC
_TXSTAbits                      (abs)        000FAC
_Val_H                          bssCOMRAM    00005F
_Val_L                          bssBANK0     00006D
_YEAR                           bssBANK0     000091
__HRAM                          (abs)        000000
__Habs1                         abs1         000000
__Hbank0                        bank0        000000
__Hbank1                        bank1        000000
__Hbank2                        bank2        000000
__Hbank3                        bank3        000000
__Hbank4                        bank4        000000
__Hbank5                        bank5        000000
__Hbank6                        bank6        000000
__Hbank7                        bank7        000000
__Hbigbss                       bigbss       000000
__Hbigdata                      bigdata      000000
__Hbigram                       bigram       000000
__Hbss                          bss          000000
__HbssBANK0                     bssBANK0     000000
__HbssCOMRAM                    bssCOMRAM    000000
__Hcinit                        cinit        000000
__Hclrtext                      clrtext      000000
__Hcomram                       comram       000000
__Hconfig                       config       30000E
__Hconst                        const        000000
__HcstackBANK0                  cstackBANK0  000000
__HcstackCOMRAM                 cstackCOMRAM 000000
__Hdata                         data         000000
__Heeprom_data                  eeprom_data  000000
__Hfarbss                       farbss       000000
__Hfardata                      fardata      000000
__Hibigdata                     ibigdata     000000
__Hidata                        idata        000000
__Hidloc                        idloc        200008
__Hifardata                     ifardata     000000
__Hinit                         init         000004
__Hintcode                      intcode      000000
__Hintcode_body                 intcode_body 000000
__Hintcodelo                    intcodelo    000000
__Hintentry                     intentry     000000
__Hintret                       intret       000000
__Hintsave_regs                 intsave_regs 000000
__Hirdata                       irdata       000000
__Hmediumconst                  mediumconst  000000
__HnvFARRAM                     nvFARRAM     000000
__Hnvbit                        nvbit        000000
__Hnvrram                       nvrram       000000
__Hparam                        rparam       000000
__Hpowerup                      powerup      000000
__Hram                          ram          000000
__Hramtop                       ramtop       000800
__Hrbit                         rbit         000000
__Hrbss                         rbss         000000
__Hrdata                        rdata        000000
__Hreset_vec                    reset_vec    000000
__Hrparam                       rparam       000000
__Hsfr                          sfr          000000
__Hsmallconst                   smallconst   00083E
__Hspace_0                      (abs)        001C46
__Hspace_1                      (abs)        0000A4
__Hspace_2                      (abs)        000000
__Hspace_4                      (abs)        60000E
__Hstack                        stack        000000
__Hstruct                       struct       000000
__Htemp                         temp         000000
__Htext                         text         000000
__Htext0                        text0        000000
__Htext1                        text1        000000
__Htext10                       text10       000000
__Htext11                       text11       000000
__Htext12                       text12       000000
__Htext13                       text13       000000
__Htext14                       text14       000000
__Htext15                       text15       000000
__Htext16                       text16       000000
__Htext17                       text17       000000
__Htext18                       text18       000000
__Htext19                       text19       000000
__Htext2                        text2        000000
__Htext20                       text20       000000
__Htext21                       text21       000000
__Htext22                       text22       000000
__Htext23                       text23       000000
__Htext24                       text24       000000
__Htext25                       text25       000000
__Htext26                       text26       000000
__Htext27                       text27       000000
__Htext28                       text28       000000
__Htext29                       text29       000000
__Htext3                        text3        000000
__Htext30                       text30       000000
__Htext31                       text31       000000
__Htext4                        text4        000000
__Htext5                        text5        000000
__Htext6                        text6        000000
__Htext7                        text7        000000
__Htext8                        text8        000000
__Htext9                        text9        000000
__LRAM                          (abs)        000001
__Labs1                         abs1         000000
__Lbank0                        bank0        000000
__Lbank1                        bank1        000000
__Lbank2                        bank2        000000
__Lbank3                        bank3        000000
__Lbank4                        bank4        000000
__Lbank5                        bank5        000000
__Lbank6                        bank6        000000
__Lbank7                        bank7        000000
__Lbigbss                       bigbss       000000
__Lbigdata                      bigdata      000000
__Lbigram                       bigram       000000
__Lbss                          bss          000000
__LbssBANK0                     bssBANK0     000000
__LbssCOMRAM                    bssCOMRAM    000000
__Lcinit                        cinit        000000
__Lclrtext                      clrtext      000000
__Lcomram                       comram       000000
__Lconfig                       config       000000
__Lconst                        const        000000
__LcstackBANK0                  cstackBANK0  000000
__LcstackCOMRAM                 cstackCOMRAM 000000
__Ldata                         data         000000
__Leeprom_data                  eeprom_data  000000
__Lfarbss                       farbss       000000
__Lfardata                      fardata      000000
__Libigdata                     ibigdata     000000
__Lidata                        idata        000000
__Lidloc                        idloc        000000
__Lifardata                     ifardata     000000
__Linit                         init         000000
__Lintcode                      intcode      000000
__Lintcode_body                 intcode_body 000000
__Lintcodelo                    intcodelo    000000
__Lintentry                     intentry     000000
__Lintret                       intret       000000
__Lintsave_regs                 intsave_regs 000000
__Lirdata                       irdata       000000
__Lmediumconst                  mediumconst  000000
__LnvFARRAM                     nvFARRAM     000000
__Lnvbit                        nvbit        000000
__Lnvrram                       nvrram       000000
__Lparam                        rparam       000000
__Lpowerup                      powerup      000000
__Lram                          ram          000000
__Lramtop                       ramtop       000800
__Lrbit                         rbit         000000
__Lrbss                         rbss         000000
__Lrdata                        rdata        000000
__Lreset_vec                    reset_vec    000000
__Lrparam                       rparam       000000
__Lsfr                          sfr          000000
__Lsmallconst                   smallconst   000800
__Lspace_0                      (abs)        000000
__Lspace_1                      (abs)        000000
__Lspace_2                      (abs)        000000
__Lspace_4                      (abs)        000000
__Lstack                        stack        000000
__Lstruct                       struct       000000
__Ltemp                         temp         000000
__Ltext                         text         000000
__Ltext0                        text0        000000
__Ltext1                        text1        000000
__Ltext10                       text10       000000
__Ltext11                       text11       000000
__Ltext12                       text12       000000
__Ltext13                       text13       000000
__Ltext14                       text14       000000
__Ltext15                       text15       000000
__Ltext16                       text16       000000
__Ltext17                       text17       000000
__Ltext18                       text18       000000
__Ltext19                       text19       000000
__Ltext2                        text2        000000
__Ltext20                       text20       000000
__Ltext21                       text21       000000
__Ltext22                       text22       000000
__Ltext23                       text23       000000
__Ltext24                       text24       000000
__Ltext25                       text25       000000
__Ltext26                       text26       000000
__Ltext27                       text27       000000
__Ltext28                       text28       000000
__Ltext29                       text29       000000
__Ltext3                        text3        000000
__Ltext30                       text30       000000
__Ltext31                       text31       000000
__Ltext4                        text4        000000
__Ltext5                        text5        000000
__Ltext6                        text6        000000
__Ltext7                        text7        000000
__Ltext8                        text8        000000
__Ltext9                        text9        000000
__S0                            (abs)        001C46
__S1                            (abs)        0000A4
__S2                            (abs)        000000
__S4                            (abs)        000000
__S5                            (abs)        000000
___awdiv                        text22       00159E
___awdiv@counter                cstackCOMRAM 000005
___awdiv@dividend               cstackCOMRAM 000001
___awdiv@divisor                cstackCOMRAM 000003
___awdiv@quotient               cstackCOMRAM 000007
___awdiv@sign                   cstackCOMRAM 000006
___awmod                        text21       00171E
___awmod@counter                cstackCOMRAM 000005
___awmod@dividend               cstackCOMRAM 000001
___awmod@divisor                cstackCOMRAM 000003
___awmod@sign                   cstackCOMRAM 000006
___inthi_sp                     stack        000000
___intlo_sp                     stack        000000
___lldiv                        text17       0017CE
___lldiv@counter                cstackCOMRAM 00000D
___lldiv@dividend               cstackCOMRAM 000001
___lldiv@divisor                cstackCOMRAM 000005
___lldiv@quotient               cstackCOMRAM 000009
___lodiv                        text11       00114C
___lodiv@counter                cstackCOMRAM 000019
___lodiv@dividend               cstackCOMRAM 000001
___lodiv@divisor                cstackCOMRAM 000009
___lodiv@quotient               cstackCOMRAM 000011
___lomod                        text10       001408
___lomod@counter                cstackCOMRAM 000011
___lomod@dividend               cstackCOMRAM 000001
___lomod@divisor                cstackCOMRAM 000009
___param_bank                   (abs)        000000
___rparam_used                  (abs)        000001
___sp                           stack        000000
___wmul                         text15       001B70
___wmul@multiplicand            cstackCOMRAM 000003
___wmul@multiplier              cstackCOMRAM 000001
___wmul@product                 cstackCOMRAM 000005
__accesstop                     (abs)        000060
__activetblptr                  (abs)        000002
__end_of_ConfigClock            text31       001C46
__end_of_DS1307_Config          text28       001C40
__end_of_DS1307_Read_Date       text24       00104C
__end_of_DS1307_Read_H_24       text23       001408
__end_of_DS1307_Write_Date      text20       00114C
__end_of_DS1307_Write_Hours_24  text19       00171E
__end_of_I2C_Init               text18       001BFE
__end_of_I2C_ReadData           text27       001984
__end_of_I2C_Restart            text26       001C22
__end_of_I2C_Start              text30       001C34
__end_of_I2C_Stop               text25       001C10
__end_of_I2C_Write_Slave        text29       001BBA
__end_of_Serial_begin           text16       001A46
__end_of___awdiv                text22       001662
__end_of___awmod                text21       0017CE
__end_of___lldiv                text17       001872
__end_of___lodiv                text11       00123C
__end_of___lomod                text10       0014D8
__end_of___wmul                 text15       001B96
__end_of__initialization        cinit        001BC8
__end_of_atoi                   text12       000F24
__end_of_fputc                  text8        001908
__end_of_fputs                  text7        001ADC
__end_of_isdigit                text14       001B14
__end_of_isspace                text13       001A98
__end_of_main                   text0        001322
__end_of_pad                    text5        00159E
__end_of_printf                 text1        001B70
__end_of_putch                  text9        001BE8
__end_of_strlen                 text6        001B4A
__end_of_utoa                   text4        000D94
__end_of_vfpfcnvrt              text3        000B92
__end_of_vfprintf               text2        0019E6
__initialization                cinit        001BBA
__mediumconst                   mediumconst  000000
__pbssBANK0                     bssBANK0     000060
__pbssCOMRAM                    bssCOMRAM    00005F
__pcinit                        cinit        001BBA
__pcstackBANK0                  cstackBANK0  000095
__pcstackCOMRAM                 cstackCOMRAM 000001
__psmallconst                   smallconst   000800
__ptext0                        text0        00123C
__ptext1                        text1        001B4A
__ptext10                       text10       001408
__ptext11                       text11       00114C
__ptext12                       text12       000D94
__ptext13                       text13       001A46
__ptext14                       text14       001ADC
__ptext15                       text15       001B70
__ptext16                       text16       0019E6
__ptext17                       text17       0017CE
__ptext18                       text18       001BE8
__ptext19                       text19       001662
__ptext2                        text2        001984
__ptext20                       text20       00104C
__ptext21                       text21       00171E
__ptext22                       text22       00159E
__ptext23                       text23       001322
__ptext24                       text24       000F24
__ptext25                       text25       001BFE
__ptext26                       text26       001C10
__ptext27                       text27       001908
__ptext28                       text28       001C34
__ptext29                       text29       001B96
__ptext3                        text3        00083E
__ptext30                       text30       001C22
__ptext31                       text31       001C40
__ptext4                        text4        000B92
__ptext5                        text5        0014D8
__ptext6                        text6        001B14
__ptext7                        text7        001A98
__ptext8                        text8        001872
__ptext9                        text9        001BD2
__ramtop                        ramtop       000800
__size_of_ConfigClock           (abs)        000000
__size_of_DS1307_Config         (abs)        000000
__size_of_DS1307_Read_Date      (abs)        000000
__size_of_DS1307_Read_H_24      (abs)        000000
__size_of_DS1307_Write_Date     (abs)        000000
__size_of_DS1307_Write_Hours_24 (abs)        000000
__size_of_I2C_Init              (abs)        000000
__size_of_I2C_ReadData          (abs)        000000
__size_of_I2C_Restart           (abs)        000000
__size_of_I2C_Start             (abs)        000000
__size_of_I2C_Stop              (abs)        000000
__size_of_I2C_Write_Slave       (abs)        000000
__size_of_Serial_begin          (abs)        000000
__size_of___awdiv               (abs)        000000
__size_of___awmod               (abs)        000000
__size_of___lldiv               (abs)        000000
__size_of___lodiv               (abs)        000000
__size_of___lomod               (abs)        000000
__size_of___wmul                (abs)        000000
__size_of_atoi                  (abs)        000000
__size_of_fputc                 (abs)        000000
__size_of_fputs                 (abs)        000000
__size_of_isdigit               (abs)        000000
__size_of_isspace               (abs)        000000
__size_of_main                  (abs)        000000
__size_of_pad                   (abs)        000000
__size_of_printf                (abs)        000000
__size_of_putch                 (abs)        000000
__size_of_strlen                (abs)        000000
__size_of_utoa                  (abs)        000000
__size_of_vfpfcnvrt             (abs)        000000
__size_of_vfprintf              (abs)        000000
__smallconst                    smallconst   000800
_atoi                           text12       000D94
_atoi$1056                      cstackCOMRAM 000010
_atoi$1057                      cstackCOMRAM 000014
_atoi$1058                      cstackCOMRAM 000012
_centenas                       bssBANK0     00006B
_dbuf                           bssBANK0     00006E
_decenas                        bssBANK0     00006C
_flags                          bssBANK0     000066
_fputc                          text8        001872
_fputs                          text7        001A98
_i                              bssBANK0     000068
_isdigit                        text14       001ADC
_isspace                        text13       001A46
_isspace$1074                   cstackCOMRAM 000007
_main                           text0        00123C
_nout                           bssBANK0     000060
_pad                            text5        0014D8
_prec                           bssBANK0     000064
_printf                         text1        001B4A
_putch                          text9        001BD2
_strlen                         text6        001B14
_unidades                       bssBANK0     00006A
_utoa                           text4        000B92
_vfpfcnvrt                      text3        00083E
_vfpfcnvrt$1038                 cstackCOMRAM 000051
_vfprintf                       text2        001984
_width                          bssBANK0     000062
atoi@n                          cstackCOMRAM 000015
atoi@neg                        cstackCOMRAM 00000E
atoi@s                          cstackCOMRAM 000008
end_of_initialization           cinit        001BC8
fputc@c                         cstackCOMRAM 000002
fputc@fp                        cstackCOMRAM 000004
fputs@c                         cstackCOMRAM 00000F
fputs@fp                        cstackCOMRAM 00000D
fputs@i                         cstackCOMRAM 000010
fputs@s                         cstackCOMRAM 00000B
intlevel0                       text         000000
intlevel1                       text         000000
intlevel2                       text         000000
intlevel3                       text         000000
isa$std                         (abs)        000001
isa$xinst                       (abs)        000000
isdigit@c                       cstackCOMRAM 000001
isspace@c                       cstackCOMRAM 000001
pad@buf                         cstackCOMRAM 000014
pad@fp                          cstackCOMRAM 000012
pad@i                           cstackCOMRAM 000019
pad@p                           cstackCOMRAM 000016
pad@w                           cstackCOMRAM 00001B
printf@ap                       cstackCOMRAM 00005B
printf@fmt                      cstackBANK0  000095
putch@c                         cstackCOMRAM 000001
stackhi                         (abs)        0007FF
stacklo                         (abs)        0000A4
start                           init         000000
start_initialization            cinit        001BBA
strlen@a                        cstackCOMRAM 000003
strlen@s                        cstackCOMRAM 000001
utoa@d                          cstackCOMRAM 00001F
utoa@fp                         cstackCOMRAM 00001D
utoa@i                          cstackCOMRAM 00003B
utoa@n                          cstackCOMRAM 000033
utoa@p                          cstackCOMRAM 00002F
utoa@w                          cstackCOMRAM 000031
vfpfcnvrt@ap                    cstackCOMRAM 000041
vfpfcnvrt@done                  cstackCOMRAM 00004F
vfpfcnvrt@fmt                   cstackCOMRAM 00003F
vfpfcnvrt@fp                    cstackCOMRAM 00003D
vfpfcnvrt@llu                   cstackCOMRAM 000047
vfprintf@ap                     cstackCOMRAM 000057
vfprintf@cfmt                   cstackCOMRAM 000059
vfprintf@fmt                    cstackCOMRAM 000055
vfprintf@fp                     cstackCOMRAM 000053


MODULE INFORMATION

Module		Function		Class		Link	Load	Size
C:\Program Files\Microchip\xc8\v2.32\pic\sources\c99\common\awdiv.c
		___awdiv       		CODE           	159E	0000	196

C:\Program Files\Microchip\xc8\v2.32\pic\sources\c99\common\awdiv.c estimated size: 196

USART.c
		_putch         		CODE           	1BD2	0000	22
		_Serial_begin  		CODE           	19E6	0000	96

USART.c estimated size: 118

C:\Program Files\Microchip\xc8\v2.32\pic\sources\c99\common\isdigit.c
		_isdigit       		CODE           	1ADC	0000	56

C:\Program Files\Microchip\xc8\v2.32\pic\sources\c99\common\isdigit.c estimated size: 56

C:\Program Files\Microchip\xc8\v2.32\pic\sources\c99\common\doprnt.c
		_vfpfcnvrt     		CODE           	083E	0000	852
		_pad           		CODE           	14D8	0000	198
		_vfprintf      		CODE           	1984	0000	98
		_utoa          		CODE           	0B92	0000	514

C:\Program Files\Microchip\xc8\v2.32\pic\sources\c99\common\doprnt.c estimated size: 1662

Configuracion.c
		_ConfigClock   		CODE           	1C40	0000	6

Configuracion.c estimated size: 6

C:\Program Files\Microchip\xc8\v2.32\pic\sources\c99\common\lomod.c
		___lomod       		CODE           	1408	0000	208

C:\Program Files\Microchip\xc8\v2.32\pic\sources\c99\common\lomod.c estimated size: 208

I2C.c
		_I2C_Stop      		CODE           	1BFE	0000	18
		_I2C_Init      		CODE           	1BE8	0000	22
		_I2C_ReadData  		CODE           	1908	0000	124
		_I2C_Start     		CODE           	1C22	0000	18
		_I2C_Write_Slave		CODE           	1B96	0000	36
		_I2C_Restart   		CODE           	1C10	0000	18

I2C.c estimated size: 236

C:\Program Files\Microchip\xc8\v2.32\pic\sources\c99\common\atoi.c
		_atoi          		CODE           	0D94	0000	400

C:\Program Files\Microchip\xc8\v2.32\pic\sources\c99\common\atoi.c estimated size: 400

C:\Program Files\Microchip\xc8\v2.32\pic\sources\c99\common\nf_fputs.c
		_fputs         		CODE           	1A98	0000	68

C:\Program Files\Microchip\xc8\v2.32\pic\sources\c99\common\nf_fputs.c estimated size: 68

C:\Program Files\Microchip\xc8\v2.32\pic\sources\c99\common\Umul16.c
		___wmul        		CODE           	1B70	0000	38

C:\Program Files\Microchip\xc8\v2.32\pic\sources\c99\common\Umul16.c estimated size: 38

C:\Program Files\Microchip\xc8\v2.32\pic\sources\c99\common\isspace.c
		_isspace       		CODE           	1A46	0000	82

C:\Program Files\Microchip\xc8\v2.32\pic\sources\c99\common\isspace.c estimated size: 82

C:\Program Files\Microchip\xc8\v2.32\pic\sources\c99\common\lodiv.c
		___lodiv       		CODE           	114C	0000	240

C:\Program Files\Microchip\xc8\v2.32\pic\sources\c99\common\lodiv.c estimated size: 240

shared
		__initialization		CODE           	1BBA	0000	14

shared estimated size: 14

C:\Program Files\Microchip\xc8\v2.32\pic\sources\c99\common\awmod.c
		___awmod       		CODE           	171E	0000	176

C:\Program Files\Microchip\xc8\v2.32\pic\sources\c99\common\awmod.c estimated size: 176

C:\Program Files\Microchip\xc8\v2.32\pic\sources\c99\common\printf.c
		_printf        		CODE           	1B4A	0000	38

C:\Program Files\Microchip\xc8\v2.32\pic\sources\c99\common\printf.c estimated size: 38

C:\Program Files\Microchip\xc8\v2.32\pic\sources\c99\common\nf_fputc.c
		_fputc         		CODE           	1872	0000	150

C:\Program Files\Microchip\xc8\v2.32\pic\sources\c99\common\nf_fputc.c estimated size: 150

C:\Program Files\Microchip\xc8\v2.32\pic\sources\c99\common\__lldiv.c
		___lldiv       		CODE           	17CE	0000	164

C:\Program Files\Microchip\xc8\v2.32\pic\sources\c99\common\__lldiv.c estimated size: 164

main.c
		_main          		CODE           	123C	0000	230

main.c estimated size: 230

RTC.c
		_DS1307_Read_H_24		CODE           	1322	0000	230
		_DS1307_Read_Date		CODE           	0F24	0000	296
		_DS1307_Config 		CODE           	1C34	0000	12
		_DS1307_Write_Hours_24		CODE           	1662	0000	188
		_DS1307_Write_Date		CODE           	104C	0000	256

RTC.c estimated size: 982

C:\Program Files\Microchip\xc8\v2.32\pic\sources\c99\common\strlen.c
		_strlen        		CODE           	1B14	0000	54

C:\Program Files\Microchip\xc8\v2.32\pic\sources\c99\common\strlen.c estimated size: 54

