Microchip MPLAB XC8 Compiler V2.32

Linker command line:

-W-3 --edf=C:\Program Files\Microchip\xc8\v2.32\pic\dat\en_msgs.txt \
  -pivt0x8=08h -cn \
  -h+dist/default/production\Ejemplo14_PID.X.production.sym \
  --cmf=dist/default/production\Ejemplo14_PID.X.production.cmf -z \
  -Q18F57Q43 -oC:\Users\HP\AppData\Local\Temp\xcAsur4.4 \
  --defsym=__MPLAB_BUILD=1 \
  -Mdist/default/production/Ejemplo14_PID.X.production.map -E1 \
  -ver=XC8 Compiler --acfsm=1493 -ASTACK=0732h-024FFh -pstack=STACK \
  -ACODE=00h-01FFFFh -ACONST=00h-01FFFFh -ASMALLCONST=02500h-025FFhx475 \
  -AMEDIUMCONST=02500h-0FFFFh,012500h-01FFFFh -ACOMRAM=0501h-055Fh \
  -AABS1=0500h-024FFh -ABIGRAM=0501h-024FFh \
  -ARAM=0560h-05FFh,0600h-06FFhx31 -ABANK5=0560h-05FFh -ABANK6=0600h-06FFh \
  -ABANK7=0700h-07FFh -ABANK8=0800h-08FFh -ABANK9=0900h-09FFh \
  -ABANK10=0A00h-0AFFh -ABANK11=0B00h-0BFFh -ABANK12=0C00h-0CFFh \
  -ABANK13=0D00h-0DFFh -ABANK14=0E00h-0EFFh -ABANK15=0F00h-0FFFh \
  -ABANK16=01000h-010FFh -ABANK17=01100h-011FFh -ABANK18=01200h-012FFh \
  -ABANK19=01300h-013FFh -ABANK20=01400h-014FFh -ABANK21=01500h-015FFh \
  -ABANK22=01600h-016FFh -ABANK23=01700h-017FFh -ABANK24=01800h-018FFh \
  -ABANK25=01900h-019FFh -ABANK26=01A00h-01AFFh -ABANK27=01B00h-01BFFh \
  -ABANK28=01C00h-01CFFh -ABANK29=01D00h-01DFFh -ABANK30=01E00h-01EFFh \
  -ABANK31=01F00h-01FFFh -ABANK32=02000h-020FFh -ABANK33=02100h-021FFh \
  -ABANK34=02200h-022FFh -ABANK35=02300h-023FFh -ABANK36=02400h-024FFh \
  -ASFR=00h-0FFhx4,0400h-045Fh,0460h-04FFh,02500h-025FFh \
  -ACONFIG=0300000h-0300011h -AIDLOC=0200000h-020003Fh \
  -AEEDATA=0380000h-03803FFh -peeprom_data=EEDATA -preset_vec=00h \
  -ppowerup=CODE,init -pramtop=02500h -psmallconst=SMALLCONST \
  -pmediumconst=MEDIUMCONST -pconst=CONST -AFARRAM=00h-00h \
  -prdata=COMRAM,nvrram=COMRAM,nvbit=COMRAM,rbss=COMRAM,rbit=COMRAM \
  -pfarbss=FARRAM,fardata=FARRAM,nvFARRAM=FARRAM \
  -pintsave_regs=BIGRAM,bigbss=BIGRAM,bigdata=BIGRAM -pbss=RAM \
  -pidata=CODE,irdata=CODE,ibigdata=CODE,ifardata=CODE -prparam=COMRAM \
  C:\Users\HP\AppData\Local\Temp\xcAsur4.o \
  dist/default/production\Ejemplo14_PID.X.production.o 

Object code version is 3.11

Machine type is 18F57Q43



                Name                               Link     Load   Length Selector   Space Scale
C:\Users\HP\AppData\Local\Temp\xcAsur4.o
                idloc                            200000   200000       40        0       5
                config                           300000   300000        A        0       4
                init                                 1A       1A        4        4       0
                reset_vec                             0        0        4        0       0
dist/default/production\Ejemplo14_PID.X.production.o
                idloc                            200000   200000       40        0       5
                config                           300000   300000        A        0       4
                smallconst                         2500     2500       2E     1280       0
                ivt0x8                                8        8       12        4       0
                text68                             586E     586E      39A     1297       0
                text67                             67A2     67A2      104     1297       0
                text66                             5420     5420      44E     1297       0
                text65                             7768     7768       38     1297       0
                text64                             4F60     4F60      4C0     1297       0
                text63                             757C     757C       46     1297       0
                text62                             438C     438C      672     1297       0
                text61                             77D4     77D4       32     1297       0
                text60                             79C2     79C2        2     1297       0
                text59                             7392     7392       5C     1297       0
                text58                             7646     7646       40     1297       0
                text57                             61E8     61E8      1B4     1297       0
                text56                             7834     7834       2A     1297       0
                text55                             7730     7730       38     1297       0
                text54                             7498     7498       52     1297       0
                text53                             6030     6030      1B8     1297       0
                text52                             6D0A     6D0A       C4     1297       0
                text51                             6F40     6F40       B0     1297       0
                text50                             6FF0     6FF0       AA     1297       0
                text49                             669C     669C      106     1297       0
                text48                             68A6     68A6       FE     1297       0
                text47                             5C08     5C08      216     1297       0
                text46                             79C0     79C0        2     1297       0
                text45                             6A9E     6A9E       D8     1297       0
                text44                             75C2     75C2       44     1297       0
                text43                             7686     7686       3A     1297       0
                text42                             6C44     6C44       C6     1297       0
                text41                             726E     726E       66     1297       0
                text40                             76F8     76F8       38     1297       0
                text39                             72D4     72D4       60     1297       0
                text38                             3730     3730      C5C     1297       0
                text37                             69A4     69A4       FA     1297       0
                text36                             49FE     49FE      562     1297       0
                text35                             7204     7204       6A     1297       0
                text34                             7446     7446       52     1297       0
                text33                             5E1E     5E1E      212     1297       0
                text32                             7806     7806       2E     1297       0
                text31                             79B2     79B2        6     1297       0
                text30                             79BE     79BE        2     1297       0
                text29                             79BC     79BC        2     1297       0
                text28                             719A     719A       6A     1297       0
                text27                             712A     712A       70     1297       0
                text26                             78CE     78CE       22     1297       0
                text25                             76C0     76C0       38     1297       0
                text24                             7334     7334       5E     1297       0
                text23                             252E     252E     1202     1297       0
                text22                             7884     7884       26     1297       0
                text21                             639C     639C      190     1297       0
                text20                             652C     652C      170     1297       0
                text19                             7536     7536       46     1297       0
                text18                             6B76     6B76       CE     1297       0
                text17                             709A     709A       90     1297       0
                text16                             79B8     79B8        4     1297       0
                text15                             792A     792A       1C     1297       0
                text14                             6E90     6E90       B0     1297       0
                text13                             78AA     78AA       24     1297       0
                text12                             7946     7946       18     1297       0
                text11                             79A4     79A4        E     1297       0
                text10                             74EA     74EA       4C     1297       0
                text9                              7606     7606       40     1297       0
                text8                              78F0     78F0       1E     1297       0
                text7                              7996     7996        E     1297       0
                text6                              7988     7988        E     1297       0
                text5                              797A     797A        E     1297       0
                text4                              796C     796C        E     1297       0
                text3                              795E     795E        E     1297       0
                text2                              6DCE     6DCE       C2     1297       0
                text1                              785E     785E       26     1297       0
                text0                              790E     790E       1C     1297       0
                cstackCOMRAM                        501      501       5F      501       1
                cstackBANK5                         560      560       7F      560       1
                cstackBANK6                         6EE      6EE        5      600       1
                bssBANK7                            700      700       32      700       1
                dataBANK6                           6A7      6A7       34      600       1
                bssBANK6                            600      600       A7      600       1
                bssBANK5                            5DF      5DF       1C      560       1
                cinit                              73EE     73EE       58     1297       0
                nvBANK6                             6DB      6DB       13      600       1
                nvBANK5                             5FB      5FB        4      560       1
                idataBANK6                         77A0     77A0       34     1297       0

TOTAL           Name                               Link     Load   Length     Space
        CLASS   STACK          

        CLASS   CODE           
                init                                 1A       1A        4         0
                reset_vec                             0        0        4         0
                ivt0x8                                8        8       12         0
                text68                             586E     586E      39A         0
                text67                             67A2     67A2      104         0
                text66                             5420     5420      44E         0
                text65                             7768     7768       38         0
                text64                             4F60     4F60      4C0         0
                text63                             757C     757C       46         0
                text62                             438C     438C      672         0
                text61                             77D4     77D4       32         0
                text60                             79C2     79C2        2         0
                text59                             7392     7392       5C         0
                text58                             7646     7646       40         0
                text57                             61E8     61E8      1B4         0
                text56                             7834     7834       2A         0
                text55                             7730     7730       38         0
                text54                             7498     7498       52         0
                text53                             6030     6030      1B8         0
                text52                             6D0A     6D0A       C4         0
                text51                             6F40     6F40       B0         0
                text50                             6FF0     6FF0       AA         0
                text49                             669C     669C      106         0
                text48                             68A6     68A6       FE         0
                text47                             5C08     5C08      216         0
                text46                             79C0     79C0        2         0
                text45                             6A9E     6A9E       D8         0
                text44                             75C2     75C2       44         0
                text43                             7686     7686       3A         0
                text42                             6C44     6C44       C6         0
                text41                             726E     726E       66         0
                text40                             76F8     76F8       38         0
                text39                             72D4     72D4       60         0
                text38                             3730     3730      C5C         0
                text37                             69A4     69A4       FA         0
                text36                             49FE     49FE      562         0
                text35                             7204     7204       6A         0
                text34                             7446     7446       52         0
                text33                             5E1E     5E1E      212         0
                text32                             7806     7806       2E         0
                text31                             79B2     79B2        6         0
                text30                             79BE     79BE        2         0
                text29                             79BC     79BC        2         0
                text28                             719A     719A       6A         0
                text27                             712A     712A       70         0
                text26                             78CE     78CE       22         0
                text25                             76C0     76C0       38         0
                text24                             7334     7334       5E         0
                text23                             252E     252E     1202         0
                text22                             7884     7884       26         0
                text21                             639C     639C      190         0
                text20                             652C     652C      170         0
                text19                             7536     7536       46         0
                text18                             6B76     6B76       CE         0
                text17                             709A     709A       90         0
                text16                             79B8     79B8        4         0
                text15                             792A     792A       1C         0
                text14                             6E90     6E90       B0         0
                text13                             78AA     78AA       24         0
                text12                             7946     7946       18         0
                text11                             79A4     79A4        E         0
                text10                             74EA     74EA       4C         0
                text9                              7606     7606       40         0
                text8                              78F0     78F0       1E         0
                text7                              7996     7996        E         0
                text6                              7988     7988        E         0
                text5                              797A     797A        E         0
                text4                              796C     796C        E         0
                text3                              795E     795E        E         0
                text2                              6DCE     6DCE       C2         0
                text1                              785E     785E       26         0
                text0                              790E     790E       1C         0
                cinit                              73EE     73EE       58         0
                idataBANK6                         77A0     77A0       34         0

        CLASS   CONST          

        CLASS   SMALLCONST     
                smallconst                         2500     2500       2E         0

        CLASS   MEDIUMCONST    

        CLASS   COMRAM         
                cstackCOMRAM                        501      501       5F         1

        CLASS   ABS1           

        CLASS   BIGRAM         

        CLASS   RAM            

        CLASS   BANK5          
                cstackBANK5                         560      560       7F         1
                bssBANK5                            5DF      5DF       1C         1
                nvBANK5                             5FB      5FB        4         1

        CLASS   BANK6          
                cstackBANK6                         6EE      6EE        5         1
                dataBANK6                           6A7      6A7       34         1
                bssBANK6                            600      600       A7         1
                nvBANK6                             6DB      6DB       13         1

        CLASS   BANK7          
                bssBANK7                            700      700       32         1

        CLASS   BANK8          

        CLASS   BANK9          

        CLASS   BANK10         

        CLASS   BANK11         

        CLASS   BANK12         

        CLASS   BANK13         

        CLASS   BANK14         

        CLASS   BANK15         

        CLASS   BANK16         

        CLASS   BANK17         

        CLASS   BANK18         

        CLASS   BANK19         

        CLASS   BANK20         

        CLASS   BANK21         

        CLASS   BANK22         

        CLASS   BANK23         

        CLASS   BANK24         

        CLASS   BANK25         

        CLASS   BANK26         

        CLASS   BANK27         

        CLASS   BANK28         

        CLASS   BANK29         

        CLASS   BANK30         

        CLASS   BANK31         

        CLASS   BANK32         

        CLASS   BANK33         

        CLASS   BANK34         

        CLASS   BANK35         

        CLASS   BANK36         

        CLASS   SFR            

        CLASS   CONFIG         
                config                           300000   300000        A         4

        CLASS   IDLOC          
                idloc                            200000   200000       40         5

        CLASS   EEDATA         

        CLASS   FARRAM         



SEGMENTS        Name                           Load    Length   Top    Selector   Space  Class

                reset_vec                      000000  000004  000004         0       0  CODE    
                ivt0x8                         000008  000016  00001E         4       0  CODE    
                cstackCOMRAM                   000501  00005F  000560       501       1  COMRAM  
                cstackBANK5                    000560  00009F  0005FF       560       1  BANK5   
                bssBANK6                       000600  0000F3  0006F3       600       1  BANK6   
                bssBANK7                       000700  000032  000732       700       1  BANK7   
                smallconst                     002500  00002E  00252E      1280       0  SMALLCON
                text23                         00252E  005496  0079C4      1297       0  CODE    


UNUSED ADDRESS RANGES

        Name                Unused          Largest block    Delta
        BANK10           000A00-000AFF              100
        BANK11           000B00-000BFF              100
        BANK12           000C00-000CFF              100
        BANK13           000D00-000DFF              100
        BANK14           000E00-000EFF              100
        BANK15           000F00-000FFF              100
        BANK16           001000-0010FF              100
        BANK17           001100-0011FF              100
        BANK18           001200-0012FF              100
        BANK19           001300-0013FF              100
        BANK20           001400-0014FF              100
        BANK21           001500-0015FF              100
        BANK22           001600-0016FF              100
        BANK23           001700-0017FF              100
        BANK24           001800-0018FF              100
        BANK25           001900-0019FF              100
        BANK26           001A00-001AFF              100
        BANK27           001B00-001BFF              100
        BANK28           001C00-001CFF              100
        BANK29           001D00-001DFF              100
        BANK30           001E00-001EFF              100
        BANK31           001F00-001FFF              100
        BANK32           002000-0020FF              100
        BANK33           002100-0021FF              100
        BANK34           002200-0022FF              100
        BANK35           002300-0023FF              100
        BANK36           002400-0024FF              100
        BANK5            0005FF-0005FF                1
        BANK6            0006F3-0006FF                D
        BANK7            000732-0007FF               CE
        BANK8            000800-0008FF              100
        BANK9            000900-0009FF              100
        BIGRAM           0005FF-0005FF                1
                         0006F3-0006FF                D
                         000732-0024FF             1DCE
        CODE             000004-000007                4
                         00001E-0024FF             24E2
                         0079C4-01FFFF            1863C
        CONFIG           30000A-300011                8
        CONST            000004-000007                4
                         00001E-0024FF             24E2
                         0079C4-01FFFF            1863C
        EEDATA           380000-3803FF              400
        MEDIUMCONST      0079C4-00FFFF             863C
                         012500-01FFFF             DB00
        RAM              0005FF-0005FF                1
                         0006F3-0006FF                D
                         000732-0024FF              100
        SFR              000000-0004FF              100
                         002500-0025FF              100
        SMALLCONST       0079C4-01FFFF              100
        STACK            000732-0024FF             1DCE

                                  Symbol Table

?_ControladorPID_Calculo                      cstackCOMRAM 00054F
?___awdiv                                     cstackCOMRAM 000501
?___awmod                                     cstackCOMRAM 000501
?___fladd                                     cstackCOMRAM 000501
?___fldiv                                     cstackCOMRAM 000536
?___flmul                                     cstackCOMRAM 000511
?___flneg                                     cstackCOMRAM 000532
?___flsub                                     cstackCOMRAM 00052A
?___fltol                                     cstackCOMRAM 000501
?___fpclassifyf                               cstackCOMRAM 000501
?___lmul                                      cstackCOMRAM 000501
?___wmul                                      cstackCOMRAM 000501
?___xxtofl                                    cstackCOMRAM 000501
?_atof                                        cstackCOMRAM 000559
?_atoi                                        cstackCOMRAM 000508
?_efgtoa                                      cstackCOMRAM 000559
?_floorf                                      cstackCOMRAM 00054F
?_isdigit                                     cstackCOMRAM 000501
?_islower                                     cstackCOMRAM 000501
?_isspace                                     cstackCOMRAM 000501
?_isupper                                     cstackCOMRAM 000501
?_isxdigit                                    cstackCOMRAM 000501
?_nanf                                        cstackCOMRAM 000501
?_pad                                         cstackCOMRAM 000511
?_sprintf                                     cstackBANK5  0005C5
?_strlen                                      cstackCOMRAM 000501
?_strncmp                                     cstackCOMRAM 000501
?_strtof                                      cstackCOMRAM 00054F
?_tolower                                     cstackCOMRAM 000507
?_toupper                                     cstackCOMRAM 000507
?_vfpfcnvrt                                   cstackBANK5  0005A7
?_vfprintf                                    cstackBANK5  0005BD
ControladorPID_Calculo@error                  cstackBANK5  000574
ControladorPID_Calculo@medicion               cstackCOMRAM 000555
ControladorPID_Calculo@pid                    cstackCOMRAM 00054F
ControladorPID_Calculo@referencia             cstackCOMRAM 000551
Controlador_PID@pid                           cstackBANK6  0006EE
IVTBASEH                                      (abs)        00045E
IVTBASEL                                      (abs)        00045D
IVTBASEU                                      (abs)        00045F
PWM1_LoadDutyValue@dutyValue                  cstackCOMRAM 00050B
TMR0_SetInterruptHandler@InterruptHandler     cstackBANK6  0006EE
UART1_Receive_ISR@byte                        cstackCOMRAM 00055D
UART1_SetErrorHandler@interruptHandler        cstackBANK6  0006EE
UART1_SetFramingErrorHandler@interruptHandler cstackBANK6  0006EE
UART1_SetOverrunErrorHandler@interruptHandler cstackBANK6  0006EE
UART1_SetRxInterruptHandler@InterruptHandler  cstackBANK6  0006EE
UART1_SetTxInterruptHandler@InterruptHandler  cstackBANK6  0006EE
UART1_Write@txData                            cstackCOMRAM 000501
UART_Print_String@a                           cstackCOMRAM 000502
UART_Print_String@ptr                         cstackCOMRAM 000504
_ACTCON                                       (abs)        0000AC
_ANSELA                                       (abs)        000400
_ANSELB                                       (abs)        000408
_ANSELC                                       (abs)        000410
_ANSELD                                       (abs)        000418
_ANSELE                                       (abs)        000420
_ANSELF                                       (abs)        000428
_CCP1CON                                      (abs)        000342
_CCP1CONbits                                  (abs)        000342
_CCPR1H                                       (abs)        000341
_CCPR1L                                       (abs)        000340
_CCPTMRS0bits                                 (abs)        00034C
_ControladorPID_Calculo                       text62       00438C
_ControladorPID_Calculo$2450                  cstackBANK5  00056C
_ControladorPID_Calculo$2451                  cstackBANK5  000570
_ControladorPID_Calculo$2452                  cstackBANK5  000560
_ControladorPID_Calculo$2453                  cstackBANK5  000564
_ControladorPID_Calculo$2454                  cstackBANK5  000568
_Controlador_PID                              text17       00709A
_FrecAngular                                  bssBANK5     0005E3
_INLVLA                                       (abs)        000404
_INLVLB                                       (abs)        00040C
_INLVLC                                       (abs)        000414
_INLVLD                                       (abs)        00041C
_INLVLE                                       (abs)        000424
_INLVLF                                       (abs)        00042C
_INTCON0bits                                  (abs)        0004D6
_INTERRUPT_Initialize                         text16       0079B8
_INTERRUPT_InterruptManager                   text18       006B76
_LATA                                         (abs)        0004BE
_LATB                                         (abs)        0004BF
_LATC                                         (abs)        0004C0
_LATD                                         (abs)        0004C1
_LATE                                         (abs)        0004C2
_LATEbits                                     (abs)        0004C2
_LATF                                         (abs)        0004C3
_MotorDC                                      dataBANK6    0006A7
_ODCONA                                       (abs)        000402
_ODCONB                                       (abs)        00040A
_ODCONC                                       (abs)        000412
_ODCOND                                       (abs)        00041A
_ODCONE                                       (abs)        000422
_ODCONF                                       (abs)        00042A
_OSCCON1                                      (abs)        0000AD
_OSCCON3                                      (abs)        0000AF
_OSCEN                                        (abs)        0000B3
_OSCFRQ                                       (abs)        0000B1
_OSCILLATOR_Initialize                        text15       00792A
_OSCTUNE                                      (abs)        0000B0
_PIE3bits                                     (abs)        0004A1
_PIE4bits                                     (abs)        0004A2
_PIN_MANAGER_Initialize                       text14       006E90
_PIR3bits                                     (abs)        0004B1
_PIR4bits                                     (abs)        0004B2
_PMD0                                         (abs)        000060
_PMD1                                         (abs)        000061
_PMD3                                         (abs)        000063
_PMD4                                         (abs)        000064
_PMD5                                         (abs)        000065
_PMD6                                         (abs)        000066
_PMD7                                         (abs)        000067
_PMD8                                         (abs)        000068
_PMD_Initialize                               text13       0078AA
_PR2                                          (abs)        000323
_PULSOS                                       bssBANK5     0005F3
_PWM1_Initialize                              text12       007946
_PWM1_LoadDutyValue                           text61       0077D4
_RB1I2C                                       (abs)        000289
_RB2I2C                                       (abs)        000288
_RC3I2C                                       (abs)        000287
_RC4I2C                                       (abs)        000286
_RF0PPS                                       (abs)        000229
_RF2PPS                                       (abs)        00022B
_SLRCONA                                      (abs)        000403
_SLRCONB                                      (abs)        00040B
_SLRCONC                                      (abs)        000413
_SLRCOND                                      (abs)        00041B
_SLRCONE                                      (abs)        000423
_SLRCONF                                      (abs)        00042B
_SYSTEM_Initialize                            text1        00785E
_T0CON0                                       (abs)        00031A
_T0CON0bits                                   (abs)        00031A
_T0CON1                                       (abs)        00031B
_T1CKIPPS                                     (abs)        000242
_T1CLK                                        (abs)        000321
_T1CON                                        (abs)        00031E
_T1CONbits                                    (abs)        00031E
_T1GATE                                       (abs)        000320
_T1GCON                                       (abs)        00031F
_T1GCONbits                                   (abs)        00031F
_T2CLKCON                                     (abs)        000326
_T2CON                                        (abs)        000324
_T2CONbits                                    (abs)        000324
_T2HLT                                        (abs)        000325
_T2HLTbits                                    (abs)        000325
_T2PR                                         (abs)        000323
_T2RST                                        (abs)        000327
_T2RSTbits                                    (abs)        000327
_T2TMR                                        (abs)        000322
_TMR0H                                        (abs)        000319
_TMR0L                                        (abs)        000318
_TMR0_DefaultInterruptHandler                 text60       0079C2
_TMR0_ISR                                     text33       005E1E
_TMR0_ISR$2449                                cstackBANK5  0005D7
_TMR0_Initialize                              text10       0074EA
_TMR0_InterruptHandler                        nvBANK6      0006DB
_TMR0_SetInterruptHandler                     text11       0079A4
_TMR1H                                        (abs)        00031D
_TMR1L                                        (abs)        00031C
_TMR1_Initialize                              text9        007606
_TMR2                                         (abs)        000322
_TMR2_Initialize                              text8        0078F0
_TRISA                                        (abs)        0004C6
_TRISB                                        (abs)        0004C7
_TRISC                                        (abs)        0004C8
_TRISD                                        (abs)        0004C9
_TRISE                                        (abs)        0004CA
_TRISF                                        (abs)        0004CB
_U                                            bssBANK5     0005DF
_U1BRGH                                       (abs)        0002AF
_U1BRGL                                       (abs)        0002AE
_U1CON0                                       (abs)        0002AB
_U1CON1                                       (abs)        0002AC
_U1CON2                                       (abs)        0002AD
_U1ERRIE                                      (abs)        0002B3
_U1ERRIR                                      (abs)        0002B2
_U1ERRIRbits                                  (abs)        0002B2
_U1FIFO                                       (abs)        0002B0
_U1P1H                                        (abs)        0002A6
_U1P1L                                        (abs)        0002A5
_U1P2H                                        (abs)        0002A8
_U1P2L                                        (abs)        0002A7
_U1P3H                                        (abs)        0002AA
_U1P3L                                        (abs)        0002A9
_U1RXB                                        (abs)        0002A1
_U1RXPPS                                      (abs)        000272
_U1TXB                                        (abs)        0002A3
_U1UIR                                        (abs)        0002B1
_UART1_DefaultErrorHandler                    text31       0079B2
_UART1_DefaultFramingErrorHandler             text30       0079BE
_UART1_DefaultOverrunErrorHandler             text29       0079BC
_UART1_ErrorHandler                           nvBANK6      0006DE
_UART1_FramingErrorHandler                    nvBANK6      0006E4
_UART1_Initialize                             text2        006DCE
_UART1_OverrunErrorHandler                    nvBANK6      0006E1
_UART1_Receive_ISR                            text20       00652C
_UART1_RxDataHandler                          text32       007806
_UART1_RxInterruptHandler                     nvBANK6      0006EA
_UART1_SetErrorHandler                        text7        007996
_UART1_SetFramingErrorHandler                 text6        007988
_UART1_SetOverrunErrorHandler                 text5        00797A
_UART1_SetRxInterruptHandler                  text4        00796C
_UART1_SetTxInterruptHandler                  text3        00795E
_UART1_Transmit_ISR                           text19       007536
_UART1_TxInterruptHandler                     nvBANK6      0006E7
_UART1_Write                                  text59       007392
_UART_Print_String                            text58       007646
_WPUA                                         (abs)        000401
_WPUB                                         (abs)        000409
_WPUC                                         (abs)        000411
_WPUD                                         (abs)        000419
_WPUE                                         (abs)        000421
_WPUF                                         (abs)        000429
__HRAM                                        (abs)        000000
__Habs1                                       abs1         000000
__Hbank10                                     bank10       000000
__Hbank11                                     bank11       000000
__Hbank12                                     bank12       000000
__Hbank13                                     bank13       000000
__Hbank14                                     bank14       000000
__Hbank15                                     bank15       000000
__Hbank16                                     bank16       000000
__Hbank17                                     bank17       000000
__Hbank18                                     bank18       000000
__Hbank19                                     bank19       000000
__Hbank20                                     bank20       000000
__Hbank21                                     bank21       000000
__Hbank22                                     bank22       000000
__Hbank23                                     bank23       000000
__Hbank24                                     bank24       000000
__Hbank25                                     bank25       000000
__Hbank26                                     bank26       000000
__Hbank27                                     bank27       000000
__Hbank28                                     bank28       000000
__Hbank29                                     bank29       000000
__Hbank30                                     bank30       000000
__Hbank31                                     bank31       000000
__Hbank32                                     bank32       000000
__Hbank33                                     bank33       000000
__Hbank34                                     bank34       000000
__Hbank35                                     bank35       000000
__Hbank36                                     bank36       000000
__Hbank5                                      bank5        000000
__Hbank6                                      bank6        000000
__Hbank7                                      bank7        000000
__Hbank8                                      bank8        000000
__Hbank9                                      bank9        000000
__Hbigbss                                     bigbss       000000
__Hbigdata                                    bigdata      000000
__Hbigram                                     bigram       000000
__Hbss                                        bss          000000
__HbssBANK5                                   bssBANK5     000000
__HbssBANK6                                   bssBANK6     000000
__HbssBANK7                                   bssBANK7     000000
__Hcinit                                      cinit        000000
__Hclrtext                                    clrtext      000000
__Hcomram                                     comram       000000
__Hconfig                                     config       30000A
__Hconst                                      const        000000
__HcstackBANK5                                cstackBANK5  000000
__HcstackBANK6                                cstackBANK6  000000
__HcstackCOMRAM                               cstackCOMRAM 000000
__Hdata                                       data         000000
__HdataBANK6                                  dataBANK6    000000
__Heeprom_data                                eeprom_data  000000
__Hfarbss                                     farbss       000000
__Hfardata                                    fardata      000000
__Hibigdata                                   ibigdata     000000
__Hidata                                      idata        000000
__HidataBANK6                                 idataBANK6   000000
__Hidloc                                      idloc        200040
__Hifardata                                   ifardata     000000
__Hinit                                       init         00001E
__Hintsave_regs                               intsave_regs 000000
__Hirdata                                     irdata       000000
__Hivt0x8                                     ivt0x8       00001A
__Hmediumconst                                mediumconst  000000
__HnvBANK5                                    nvBANK5      000000
__HnvBANK6                                    nvBANK6      000000
__HnvFARRAM                                   nvFARRAM     000000
__Hnvbit                                      nvbit        000000
__Hnvrram                                     nvrram       000000
__Hparam                                      rparam       000000
__Hpowerup                                    powerup      000000
__Hram                                        ram          000000
__Hramtop                                     ramtop       002500
__Hrbit                                       rbit         000000
__Hrbss                                       rbss         000000
__Hrdata                                      rdata        000000
__Hreset_vec                                  reset_vec    000004
__Hrparam                                     rparam       000000
__Hsfr                                        sfr          000000
__Hsmallconst                                 smallconst   00252E
__Hspace_0                                    (abs)        0079C4
__Hspace_1                                    (abs)        000732
__Hspace_2                                    (abs)        000000
__Hspace_4                                    (abs)        60000A
__Hstack                                      stack        000000
__Hstruct                                     struct       000000
__Htemp                                       temp         000000
__Htext                                       text         000000
__Htext0                                      text0        000000
__Htext1                                      text1        000000
__Htext10                                     text10       000000
__Htext11                                     text11       000000
__Htext12                                     text12       000000
__Htext13                                     text13       000000
__Htext14                                     text14       000000
__Htext15                                     text15       000000
__Htext16                                     text16       000000
__Htext17                                     text17       000000
__Htext18                                     text18       000000
__Htext19                                     text19       000000
__Htext2                                      text2        000000
__Htext20                                     text20       000000
__Htext21                                     text21       000000
__Htext22                                     text22       000000
__Htext23                                     text23       000000
__Htext24                                     text24       000000
__Htext25                                     text25       000000
__Htext26                                     text26       000000
__Htext27                                     text27       000000
__Htext28                                     text28       000000
__Htext29                                     text29       000000
__Htext3                                      text3        000000
__Htext30                                     text30       000000
__Htext31                                     text31       000000
__Htext32                                     text32       000000
__Htext33                                     text33       000000
__Htext34                                     text34       000000
__Htext35                                     text35       000000
__Htext36                                     text36       000000
__Htext37                                     text37       000000
__Htext38                                     text38       000000
__Htext39                                     text39       000000
__Htext4                                      text4        000000
__Htext40                                     text40       000000
__Htext41                                     text41       000000
__Htext42                                     text42       000000
__Htext43                                     text43       000000
__Htext44                                     text44       000000
__Htext45                                     text45       000000
__Htext46                                     text46       000000
__Htext47                                     text47       000000
__Htext48                                     text48       000000
__Htext49                                     text49       000000
__Htext5                                      text5        000000
__Htext50                                     text50       000000
__Htext51                                     text51       000000
__Htext52                                     text52       000000
__Htext53                                     text53       000000
__Htext54                                     text54       000000
__Htext55                                     text55       000000
__Htext56                                     text56       000000
__Htext57                                     text57       000000
__Htext58                                     text58       000000
__Htext59                                     text59       000000
__Htext6                                      text6        000000
__Htext60                                     text60       000000
__Htext61                                     text61       000000
__Htext62                                     text62       000000
__Htext63                                     text63       000000
__Htext64                                     text64       000000
__Htext65                                     text65       000000
__Htext66                                     text66       000000
__Htext67                                     text67       000000
__Htext68                                     text68       000000
__Htext69                                     text69       000000
__Htext7                                      text7        000000
__Htext8                                      text8        000000
__Htext9                                      text9        000000
__LRAM                                        (abs)        000001
__Labs1                                       abs1         000000
__Lbank10                                     bank10       000000
__Lbank11                                     bank11       000000
__Lbank12                                     bank12       000000
__Lbank13                                     bank13       000000
__Lbank14                                     bank14       000000
__Lbank15                                     bank15       000000
__Lbank16                                     bank16       000000
__Lbank17                                     bank17       000000
__Lbank18                                     bank18       000000
__Lbank19                                     bank19       000000
__Lbank20                                     bank20       000000
__Lbank21                                     bank21       000000
__Lbank22                                     bank22       000000
__Lbank23                                     bank23       000000
__Lbank24                                     bank24       000000
__Lbank25                                     bank25       000000
__Lbank26                                     bank26       000000
__Lbank27                                     bank27       000000
__Lbank28                                     bank28       000000
__Lbank29                                     bank29       000000
__Lbank30                                     bank30       000000
__Lbank31                                     bank31       000000
__Lbank32                                     bank32       000000
__Lbank33                                     bank33       000000
__Lbank34                                     bank34       000000
__Lbank35                                     bank35       000000
__Lbank36                                     bank36       000000
__Lbank5                                      bank5        000000
__Lbank6                                      bank6        000000
__Lbank7                                      bank7        000000
__Lbank8                                      bank8        000000
__Lbank9                                      bank9        000000
__Lbigbss                                     bigbss       000000
__Lbigdata                                    bigdata      000000
__Lbigram                                     bigram       000000
__Lbss                                        bss          000000
__LbssBANK5                                   bssBANK5     000000
__LbssBANK6                                   bssBANK6     000000
__LbssBANK7                                   bssBANK7     000000
__Lcinit                                      cinit        000000
__Lclrtext                                    clrtext      000000
__Lcomram                                     comram       000000
__Lconfig                                     config       000000
__Lconst                                      const        000000
__LcstackBANK5                                cstackBANK5  000000
__LcstackBANK6                                cstackBANK6  000000
__LcstackCOMRAM                               cstackCOMRAM 000000
__Ldata                                       data         000000
__LdataBANK6                                  dataBANK6    000000
__Leeprom_data                                eeprom_data  000000
__Lfarbss                                     farbss       000000
__Lfardata                                    fardata      000000
__Libigdata                                   ibigdata     000000
__Lidata                                      idata        000000
__LidataBANK6                                 idataBANK6   000000
__Lidloc                                      idloc        000000
__Lifardata                                   ifardata     000000
__Linit                                       init         00001A
__Lintsave_regs                               intsave_regs 000000
__Lirdata                                     irdata       000000
__Livt0x8                                     ivt0x8       000008
__Lmediumconst                                mediumconst  000000
__LnvBANK5                                    nvBANK5      000000
__LnvBANK6                                    nvBANK6      000000
__LnvFARRAM                                   nvFARRAM     000000
__Lnvbit                                      nvbit        000000
__Lnvrram                                     nvrram       000000
__Lparam                                      rparam       000000
__Lpowerup                                    powerup      000000
__Lram                                        ram          000000
__Lramtop                                     ramtop       002500
__Lrbit                                       rbit         000000
__Lrbss                                       rbss         000000
__Lrdata                                      rdata        000000
__Lreset_vec                                  reset_vec    000000
__Lrparam                                     rparam       000000
__Lsfr                                        sfr          000000
__Lsmallconst                                 smallconst   002500
__Lspace_0                                    (abs)        000000
__Lspace_1                                    (abs)        000000
__Lspace_2                                    (abs)        000000
__Lspace_4                                    (abs)        000000
__Lstack                                      stack        000000
__Lstruct                                     struct       000000
__Ltemp                                       temp         000000
__Ltext                                       text         000000
__Ltext0                                      text0        000000
__Ltext1                                      text1        000000
__Ltext10                                     text10       000000
__Ltext11                                     text11       000000
__Ltext12                                     text12       000000
__Ltext13                                     text13       000000
__Ltext14                                     text14       000000
__Ltext15                                     text15       000000
__Ltext16                                     text16       000000
__Ltext17                                     text17       000000
__Ltext18                                     text18       000000
__Ltext19                                     text19       000000
__Ltext2                                      text2        000000
__Ltext20                                     text20       000000
__Ltext21                                     text21       000000
__Ltext22                                     text22       000000
__Ltext23                                     text23       000000
__Ltext24                                     text24       000000
__Ltext25                                     text25       000000
__Ltext26                                     text26       000000
__Ltext27                                     text27       000000
__Ltext28                                     text28       000000
__Ltext29                                     text29       000000
__Ltext3                                      text3        000000
__Ltext30                                     text30       000000
__Ltext31                                     text31       000000
__Ltext32                                     text32       000000
__Ltext33                                     text33       000000
__Ltext34                                     text34       000000
__Ltext35                                     text35       000000
__Ltext36                                     text36       000000
__Ltext37                                     text37       000000
__Ltext38                                     text38       000000
__Ltext39                                     text39       000000
__Ltext4                                      text4        000000
__Ltext40                                     text40       000000
__Ltext41                                     text41       000000
__Ltext42                                     text42       000000
__Ltext43                                     text43       000000
__Ltext44                                     text44       000000
__Ltext45                                     text45       000000
__Ltext46                                     text46       000000
__Ltext47                                     text47       000000
__Ltext48                                     text48       000000
__Ltext49                                     text49       000000
__Ltext5                                      text5        000000
__Ltext50                                     text50       000000
__Ltext51                                     text51       000000
__Ltext52                                     text52       000000
__Ltext53                                     text53       000000
__Ltext54                                     text54       000000
__Ltext55                                     text55       000000
__Ltext56                                     text56       000000
__Ltext57                                     text57       000000
__Ltext58                                     text58       000000
__Ltext59                                     text59       000000
__Ltext6                                      text6        000000
__Ltext60                                     text60       000000
__Ltext61                                     text61       000000
__Ltext62                                     text62       000000
__Ltext63                                     text63       000000
__Ltext64                                     text64       000000
__Ltext65                                     text65       000000
__Ltext66                                     text66       000000
__Ltext67                                     text67       000000
__Ltext68                                     text68       000000
__Ltext69                                     text69       000000
__Ltext7                                      text7        000000
__Ltext8                                      text8        000000
__Ltext9                                      text9        000000
__S0                                          (abs)        0079C4
__S1                                          (abs)        000732
__S2                                          (abs)        000000
__S4                                          (abs)        000000
__S5                                          (abs)        000000
___awdiv                                      text52       006D0A
___awdiv@counter                              cstackCOMRAM 000505
___awdiv@dividend                             cstackCOMRAM 000501
___awdiv@divisor                              cstackCOMRAM 000503
___awdiv@quotient                             cstackCOMRAM 000507
___awdiv@sign                                 cstackCOMRAM 000506
___awmod                                      text51       006F40
___awmod@counter                              cstackCOMRAM 000505
___awmod@dividend                             cstackCOMRAM 000501
___awmod@divisor                              cstackCOMRAM 000503
___awmod@sign                                 cstackCOMRAM 000506
___fladd                                      text64       004F60
___fladd@a                                    cstackCOMRAM 000505
___fladd@aexp                                 cstackCOMRAM 00050E
___fladd@b                                    cstackCOMRAM 000501
___fladd@bexp                                 cstackCOMRAM 00050F
___fladd@grs                                  cstackCOMRAM 000510
___fladd@signs                                cstackCOMRAM 00050D
___fldiv                                      text68       00586E
___fldiv@a                                    cstackCOMRAM 00053A
___fldiv@aexp                                 cstackCOMRAM 00054E
___fldiv@b                                    cstackCOMRAM 000536
___fldiv@bexp                                 cstackCOMRAM 00054D
___fldiv@grs                                  cstackCOMRAM 000549
___fldiv@new_exp                              cstackCOMRAM 000547
___fldiv@rem                                  cstackCOMRAM 000542
___fldiv@sign                                 cstackCOMRAM 000546
___fleq                                       text50       006FF0
___fleq@ff1                                   cstackCOMRAM 000501
___fleq@ff2                                   cstackCOMRAM 000505
___flge                                       text67       0067A2
___flge@ff1                                   cstackCOMRAM 00052A
___flge@ff2                                   cstackCOMRAM 00052E
___flmul                                      text66       005420
___flmul@a                                    cstackCOMRAM 000515
___flmul@aexp                                 cstackCOMRAM 000522
___flmul@b                                    cstackCOMRAM 000511
___flmul@bexp                                 cstackCOMRAM 000523
___flmul@grs                                  cstackCOMRAM 00051E
___flmul@prod                                 cstackCOMRAM 000524
___flmul@sign                                 cstackCOMRAM 00051D
___flmul@temp                                 cstackCOMRAM 000528
___flneg                                      text65       007768
___flneg@f1                                   cstackCOMRAM 000532
___flsub                                      text63       00757C
___flsub@a                                    cstackCOMRAM 00052E
___flsub@b                                    cstackCOMRAM 00052A
___fltol                                      text49       00669C
___fltol@exp1                                 cstackCOMRAM 00050A
___fltol@f1                                   cstackCOMRAM 000501
___fltol@sign1                                cstackCOMRAM 000509
___fpclassifyf                                text48       0068A6
___fpclassifyf@F465                           bssBANK6     00061C
___fpclassifyf@e                              cstackCOMRAM 000509
___fpclassifyf@u                              cstackCOMRAM 00050B
___fpclassifyf@x                              cstackCOMRAM 000501
___inthi_sp                                   stack        000000
___intlo_sp                                   stack        000000
___lmul                                       text28       00719A
___lmul@multiplicand                          cstackCOMRAM 000505
___lmul@multiplier                            cstackCOMRAM 000501
___lmul@product                               cstackCOMRAM 000509
___param_bank                                 (abs)        000000
___rparam_used                                (abs)        000001
___sp                                         stack        000000
___wmul                                       text56       007834
___wmul@multiplicand                          cstackCOMRAM 000503
___wmul@multiplier                            cstackCOMRAM 000501
___wmul@product                               cstackCOMRAM 000505
___xxtofl                                     text57       0061E8
___xxtofl@arg                                 cstackCOMRAM 00050B
___xxtofl@exp                                 cstackCOMRAM 00050A
___xxtofl@sign                                cstackCOMRAM 000509
___xxtofl@val                                 cstackCOMRAM 000501
__accesstop                                   (abs)        000560
__activetblptr                                (abs)        000003
__end_of_ControladorPID_Calculo               text62       0049FE
__end_of_Controlador_PID                      text17       00712A
__end_of_INTERRUPT_Initialize                 text16       0079BC
__end_of_INTERRUPT_InterruptManager           text18       006C44
__end_of_OSCILLATOR_Initialize                text15       007946
__end_of_PIN_MANAGER_Initialize               text14       006F40
__end_of_PMD_Initialize                       text13       0078CE
__end_of_PWM1_Initialize                      text12       00795E
__end_of_PWM1_LoadDutyValue                   text61       007806
__end_of_SYSTEM_Initialize                    text1        007884
__end_of_TMR0_DefaultInterruptHandler         text60       0079C4
__end_of_TMR0_ISR                             text33       006030
__end_of_TMR0_Initialize                      text10       007536
__end_of_TMR0_SetInterruptHandler             text11       0079B2
__end_of_TMR1_Initialize                      text9        007646
__end_of_TMR2_Initialize                      text8        00790E
__end_of_UART1_DefaultErrorHandler            text31       0079B8
__end_of_UART1_DefaultFramingErrorHandler     text30       0079C0
__end_of_UART1_DefaultOverrunErrorHandler     text29       0079BE
__end_of_UART1_Initialize                     text2        006E90
__end_of_UART1_Receive_ISR                    text20       00669C
__end_of_UART1_RxDataHandler                  text32       007834
__end_of_UART1_SetErrorHandler                text7        0079A4
__end_of_UART1_SetFramingErrorHandler         text6        007996
__end_of_UART1_SetOverrunErrorHandler         text5        007988
__end_of_UART1_SetRxInterruptHandler          text4        00797A
__end_of_UART1_SetTxInterruptHandler          text3        00796C
__end_of_UART1_Transmit_ISR                   text19       00757C
__end_of_UART1_Write                          text59       0073EE
__end_of_UART_Print_String                    text58       007686
__end_of___awdiv                              text52       006DCE
__end_of___awmod                              text51       006FF0
__end_of___fladd                              text64       005420
__end_of___fldiv                              text68       005C08
__end_of___fleq                               text50       00709A
__end_of___flge                               text67       0068A6
__end_of___flmul                              text66       00586E
__end_of___flneg                              text65       0077A0
__end_of___flsub                              text63       0075C2
__end_of___fltol                              text49       0067A2
__end_of___fpclassifyf                        text48       0069A4
__end_of___lmul                               text28       007204
__end_of___wmul                               text56       00785E
__end_of___xxtofl                             text57       00639C
__end_of__initialization                      cinit        007440
__end_of_atof                                 text22       0078AA
__end_of_atoi                                 text53       0061E8
__end_of_efgtoa                               text38       00438C
__end_of_floorf                               text47       005E1E
__end_of_fputc                                text45       006B76
__end_of_fputs                                text44       007606
__end_of_isdigit                              text55       007768
__end_of_islower                              text25       0076F8
__end_of_isspace                              text54       0074EA
__end_of_isupper                              text40       007730
__end_of_isxdigit                             text27       00719A
__end_of_main                                 text0        00792A
__end_of_memset                               text21       00652C
__end_of_nanf                                 text26       0078F0
__end_of_pad                                  text42       006D0A
__end_of_putch                                text46       0079C2
__end_of_sprintf                              text34       007498
__end_of_strcpy                               text41       0072D4
__end_of_strlen                               text43       0076C0
__end_of_strncmp                              text37       006A9E
__end_of_strtof                               text23       003730
__end_of_tolower                              text39       007334
__end_of_toupper                              text24       007392
__end_of_vfpfcnvrt                            text36       004F60
__end_of_vfprintf                             text35       00726E
__initialization                              cinit        0073EE
__mediumconst                                 mediumconst  000000
__pbssBANK5                                   bssBANK5     0005DF
__pbssBANK6                                   bssBANK6     000600
__pbssBANK7                                   bssBANK7     000700
__pcinit                                      cinit        0073EE
__pcstackBANK5                                cstackBANK5  000560
__pcstackBANK6                                cstackBANK6  0006EE
__pcstackCOMRAM                               cstackCOMRAM 000501
__pdataBANK6                                  dataBANK6    0006A7
__pidataBANK6                                 idataBANK6   0077A0
__pivt0x8                                     ivt0x8       000008
__pnvBANK5                                    nvBANK5      0005FB
__pnvBANK6                                    nvBANK6      0006DB
__psmallconst                                 smallconst   002500
__ptext0                                      text0        00790E
__ptext1                                      text1        00785E
__ptext10                                     text10       0074EA
__ptext11                                     text11       0079A4
__ptext12                                     text12       007946
__ptext13                                     text13       0078AA
__ptext14                                     text14       006E90
__ptext15                                     text15       00792A
__ptext16                                     text16       0079B8
__ptext17                                     text17       00709A
__ptext18                                     text18       006B76
__ptext19                                     text19       007536
__ptext2                                      text2        006DCE
__ptext20                                     text20       00652C
__ptext21                                     text21       00639C
__ptext22                                     text22       007884
__ptext23                                     text23       00252E
__ptext24                                     text24       007334
__ptext25                                     text25       0076C0
__ptext26                                     text26       0078CE
__ptext27                                     text27       00712A
__ptext28                                     text28       00719A
__ptext29                                     text29       0079BC
__ptext3                                      text3        00795E
__ptext30                                     text30       0079BE
__ptext31                                     text31       0079B2
__ptext32                                     text32       007806
__ptext33                                     text33       005E1E
__ptext34                                     text34       007446
__ptext35                                     text35       007204
__ptext36                                     text36       0049FE
__ptext37                                     text37       0069A4
__ptext38                                     text38       003730
__ptext39                                     text39       0072D4
__ptext4                                      text4        00796C
__ptext40                                     text40       0076F8
__ptext41                                     text41       00726E
__ptext42                                     text42       006C44
__ptext43                                     text43       007686
__ptext44                                     text44       0075C2
__ptext45                                     text45       006A9E
__ptext46                                     text46       0079C0
__ptext47                                     text47       005C08
__ptext48                                     text48       0068A6
__ptext49                                     text49       00669C
__ptext5                                      text5        00797A
__ptext50                                     text50       006FF0
__ptext51                                     text51       006F40
__ptext52                                     text52       006D0A
__ptext53                                     text53       006030
__ptext54                                     text54       007498
__ptext55                                     text55       007730
__ptext56                                     text56       007834
__ptext57                                     text57       0061E8
__ptext58                                     text58       007646
__ptext59                                     text59       007392
__ptext6                                      text6        007988
__ptext60                                     text60       0079C2
__ptext61                                     text61       0077D4
__ptext62                                     text62       00438C
__ptext63                                     text63       00757C
__ptext64                                     text64       004F60
__ptext65                                     text65       007768
__ptext66                                     text66       005420
__ptext67                                     text67       0067A2
__ptext68                                     text68       00586E
__ptext69                                     text69       000000
__ptext7                                      text7        007996
__ptext8                                      text8        0078F0
__ptext9                                      text9        007606
__ramtop                                      ramtop       002500
__size_of_ControladorPID_Calculo              (abs)        000000
__size_of_Controlador_PID                     (abs)        000000
__size_of_INTERRUPT_Initialize                (abs)        000000
__size_of_INTERRUPT_InterruptManager          (abs)        000000
__size_of_OSCILLATOR_Initialize               (abs)        000000
__size_of_PIN_MANAGER_Initialize              (abs)        000000
__size_of_PMD_Initialize                      (abs)        000000
__size_of_PWM1_Initialize                     (abs)        000000
__size_of_PWM1_LoadDutyValue                  (abs)        000000
__size_of_SYSTEM_Initialize                   (abs)        000000
__size_of_TMR0_DefaultInterruptHandler        (abs)        000000
__size_of_TMR0_ISR                            (abs)        000000
__size_of_TMR0_Initialize                     (abs)        000000
__size_of_TMR0_SetInterruptHandler            (abs)        000000
__size_of_TMR1_Initialize                     (abs)        000000
__size_of_TMR2_Initialize                     (abs)        000000
__size_of_UART1_DefaultErrorHandler           (abs)        000000
__size_of_UART1_DefaultFramingErrorHandler    (abs)        000000
__size_of_UART1_DefaultOverrunErrorHandler    (abs)        000000
__size_of_UART1_Initialize                    (abs)        000000
__size_of_UART1_Receive_ISR                   (abs)        000000
__size_of_UART1_RxDataHandler                 (abs)        000000
__size_of_UART1_SetErrorHandler               (abs)        000000
__size_of_UART1_SetFramingErrorHandler        (abs)        000000
__size_of_UART1_SetOverrunErrorHandler        (abs)        000000
__size_of_UART1_SetRxInterruptHandler         (abs)        000000
__size_of_UART1_SetTxInterruptHandler         (abs)        000000
__size_of_UART1_Transmit_ISR                  (abs)        000000
__size_of_UART1_Write                         (abs)        000000
__size_of_UART_Print_String                   (abs)        000000
__size_of___awdiv                             (abs)        000000
__size_of___awmod                             (abs)        000000
__size_of___fladd                             (abs)        000000
__size_of___fldiv                             (abs)        000000
__size_of___fleq                              (abs)        000000
__size_of___flge                              (abs)        000000
__size_of___flmul                             (abs)        000000
__size_of___flneg                             (abs)        000000
__size_of___flsub                             (abs)        000000
__size_of___fltol                             (abs)        000000
__size_of___fpclassifyf                       (abs)        000000
__size_of___lmul                              (abs)        000000
__size_of___wmul                              (abs)        000000
__size_of___xxtofl                            (abs)        000000
__size_of_atof                                (abs)        000000
__size_of_atoi                                (abs)        000000
__size_of_efgtoa                              (abs)        000000
__size_of_floorf                              (abs)        000000
__size_of_fputc                               (abs)        000000
__size_of_fputs                               (abs)        000000
__size_of_isdigit                             (abs)        000000
__size_of_islower                             (abs)        000000
__size_of_isspace                             (abs)        000000
__size_of_isupper                             (abs)        000000
__size_of_isxdigit                            (abs)        000000
__size_of_main                                (abs)        000000
__size_of_memset                              (abs)        000000
__size_of_nanf                                (abs)        000000
__size_of_pad                                 (abs)        000000
__size_of_putch                               (abs)        000000
__size_of_sprintf                             (abs)        000000
__size_of_strcpy                              (abs)        000000
__size_of_strlen                              (abs)        000000
__size_of_strncmp                             (abs)        000000
__size_of_strtof                              (abs)        000000
__size_of_tolower                             (abs)        000000
__size_of_toupper                             (abs)        000000
__size_of_vfpfcnvrt                           (abs)        000000
__size_of_vfprintf                            (abs)        000000
__smallconst                                  smallconst   002500
_atof                                         text22       007884
_atoi                                         text53       006030
_atoi$1933                                    cstackCOMRAM 000510
_atoi$1934                                    cstackCOMRAM 000514
_atoi$1935                                    cstackCOMRAM 000512
_data_TX                                      bssBANK7     000700
_data_rx                                      bssBANK6     000675
_dbuf                                         bssBANK6     000625
_efgtoa                                       text38       003730
_efgtoa$1869                                  cstackBANK5  00056F
_efgtoa$1870                                  cstackBANK5  000571
_efgtoa$1875                                  cstackBANK5  000573
_efgtoa$1879                                  cstackBANK5  000575
_efgtoa$1880                                  cstackBANK5  000577
_efgtoa$1881                                  cstackBANK5  000579
_flags                                        bssBANK5     0005F1
_floorf                                       text47       005C08
_fputc                                        text45       006A9E
_fputs                                        text44       0075C2
_isdigit                                      text55       007730
_islower                                      text25       0076C0
_isspace                                      text54       007498
_isspace$1964                                 cstackCOMRAM 000507
_isupper                                      text40       0076F8
_isxdigit                                     text27       00712A
_isxdigit$2092                                cstackCOMRAM 000507
_j                                            bssBANK5     0005F5
_main                                         text0        00790E
_memset                                       text21       00639C
_nanf                                         text26       0078CE
_nout                                         bssBANK5     0005EB
_pad                                          text42       006C44
_prec                                         bssBANK5     0005EF
_putch                                        text46       0079C0
_ref                                          bssBANK5     0005E7
_rpm                                          bssBANK5     0005F7
_sprintf                                      text34       007446
_strcpy                                       text41       00726E
_strlen                                       text43       007686
_strncmp                                      text37       0069A4
_strtof                                       text23       00252E
_strtof$2054                                  cstackBANK5  000560
_strtof$2055                                  cstackBANK5  000570
_strtof$2065                                  cstackBANK5  000562
_strtof$2066                                  cstackBANK5  000564
_strtof$2067                                  cstackBANK5  000566
_strtof$2068                                  cstackBANK5  000568
_strtof$2069                                  cstackBANK5  00056A
_strtof$2070                                  cstackBANK5  00056C
_strtof$2071                                  cstackBANK5  00056E
_timer0ReloadVal16bit                         nvBANK5      0005FB
_timer1ReloadVal                              nvBANK5      0005FD
_tolower                                      text39       0072D4
_tolower$2111                                 cstackCOMRAM 00050D
_toupper                                      text24       007334
_toupper$2126                                 cstackCOMRAM 00050D
_uart1RxBuffer                                bssBANK6     000608
_uart1RxCount                                 bssBANK6     000621
_uart1RxHead                                  bssBANK5     0005F6
_uart1RxLastError                             bssBANK6     000620
_uart1RxStatusBuffer                          bssBANK6     000600
_uart1RxTail                                  bssBANK6     000622
_uart1TxBuffer                                bssBANK6     000610
_uart1TxBufferRemaining                       nvBANK6      0006ED
_uart1TxHead                                  bssBANK6     000624
_uart1TxTail                                  bssBANK6     000623
_vfpfcnvrt                                    text36       0049FE
_vfpfcnvrt$1895                               cstackBANK5  0005B1
_vfpfcnvrt$1899                               cstackBANK5  0005B3
_vfprintf                                     text35       007204
_width                                        bssBANK5     0005ED
atof@s                                        cstackCOMRAM 000559
atoi@n                                        cstackCOMRAM 000515
atoi@neg                                      cstackCOMRAM 00050E
atoi@s                                        cstackCOMRAM 000508
efgtoa@c                                      cstackCOMRAM 00055F
efgtoa@d                                      cstackBANK5  000587
efgtoa@e                                      cstackBANK5  00059F
efgtoa@f                                      cstackCOMRAM 00055B
efgtoa@fp                                     cstackCOMRAM 000559
efgtoa@g                                      cstackBANK5  00059B
efgtoa@h                                      cstackBANK5  000591
efgtoa@i                                      cstackBANK5  000599
efgtoa@l                                      cstackBANK5  000595
efgtoa@m                                      cstackBANK5  000581
efgtoa@mode                                   cstackBANK5  000590
efgtoa@n                                      cstackBANK5  0005A1
efgtoa@ne                                     cstackBANK5  00057F
efgtoa@nmode                                  cstackBANK5  00058F
efgtoa@ou                                     cstackBANK5  000583
efgtoa@p                                      cstackBANK5  00058B
efgtoa@pp                                     cstackBANK5  00057D
efgtoa@sign                                   cstackBANK5  000589
efgtoa@t                                      cstackBANK5  00057B
efgtoa@u                                      cstackBANK5  0005A3
efgtoa@w                                      cstackBANK5  00058D
end_of_initialization                         cinit        007440
floorf@F527                                   bssBANK6     000618
floorf@e                                      cstackBANK5  000564
floorf@m                                      cstackBANK5  000560
floorf@u                                      cstackBANK5  000566
floorf@x                                      cstackCOMRAM 00054F
fputc@c                                       cstackCOMRAM 000501
fputc@fp                                      cstackCOMRAM 000503
fputs@c                                       cstackCOMRAM 00050E
fputs@fp                                      cstackCOMRAM 00050C
fputs@i                                       cstackCOMRAM 00050F
fputs@s                                       cstackCOMRAM 00050A
intlevel0                                     text         000000
intlevel1                                     text         000000
intlevel2                                     text         000000
intlevel3                                     text         000000
isa$std                                       (abs)        000001
isa$xinst                                     (abs)        000000
isdigit@c                                     cstackCOMRAM 000501
islower@c                                     cstackCOMRAM 000501
isspace@c                                     cstackCOMRAM 000501
isupper@c                                     cstackCOMRAM 000501
isxdigit@c                                    cstackCOMRAM 000501
ivt0x8_base                                   ivt0x8       000008
memset@c                                      cstackCOMRAM 000503
memset@dest                                   cstackCOMRAM 000501
memset@k                                      cstackCOMRAM 000509
memset@n                                      cstackCOMRAM 000505
memset@s                                      cstackCOMRAM 00050B
nanf@s                                        cstackCOMRAM 000501
nanf@u                                        cstackCOMRAM 000505
pad@buf                                       cstackCOMRAM 000513
pad@fp                                        cstackCOMRAM 000511
pad@i                                         cstackCOMRAM 000518
pad@p                                         cstackCOMRAM 000515
pad@w                                         cstackCOMRAM 00051A
sprintf@ap                                    cstackBANK5  0005CD
sprintf@f                                     cstackBANK5  0005CF
sprintf@fmt                                   cstackBANK5  0005C7
sprintf@s                                     cstackBANK5  0005C5
stackhi                                       (abs)        0024FF
stacklo                                       (abs)        000732
start                                         init         00001A
start_initialization                          cinit        0073EE
strcpy@d                                      cstackCOMRAM 000509
strcpy@dest                                   cstackCOMRAM 000501
strcpy@s                                      cstackCOMRAM 000507
strcpy@src                                    cstackCOMRAM 000503
strlen@a                                      cstackCOMRAM 000503
strlen@s                                      cstackCOMRAM 000501
strncmp@_l                                    cstackCOMRAM 000501
strncmp@_r                                    cstackCOMRAM 000503
strncmp@l                                     cstackCOMRAM 000508
strncmp@n                                     cstackCOMRAM 000505
strncmp@r                                     cstackCOMRAM 00050A
strtof@_u                                     cstackBANK5  000577
strtof@digit                                  cstackBANK5  000571
strtof@eexp                                   cstackBANK5  000575
strtof@expon                                  cstackBANK5  000573
strtof@flags                                  cstackBANK5  000572
strtof@i                                      cstackBANK5  00057B
strtof@res                                    cstackCOMRAM 000551
strtof@s                                      cstackCOMRAM 00054F
tolower@c                                     cstackCOMRAM 000507
toupper@c                                     cstackCOMRAM 000507
vfpfcnvrt@ap                                  cstackBANK5  0005AB
vfpfcnvrt@c                                   cstackBANK5  0005BC
vfpfcnvrt@ct                                  cstackBANK5  0005B9
vfpfcnvrt@f                                   cstackBANK5  0005B5
vfpfcnvrt@fmt                                 cstackBANK5  0005A9
vfpfcnvrt@fp                                  cstackBANK5  0005A7
vfprintf@ap                                   cstackBANK5  0005C1
vfprintf@cfmt                                 cstackBANK5  0005C3
vfprintf@fmt                                  cstackBANK5  0005BF
vfprintf@fp                                   cstackBANK5  0005BD


MODULE INFORMATION

Module		Function		Class		Link	Load	Size
C:\Program Files\Microchip\xc8\v2.32\pic\sources\c99\common\memset.c
		_memset        		CODE           	639C	0000	400

C:\Program Files\Microchip\xc8\v2.32\pic\sources\c99\common\memset.c estimated size: 400

C:\Program Files\Microchip\xc8\v2.32\pic\sources\c99\common\nf_sprintf.c
		_sprintf       		CODE           	7446	0000	82

C:\Program Files\Microchip\xc8\v2.32\pic\sources\c99\common\nf_sprintf.c estimated size: 82

C:\Program Files\Microchip\xc8\v2.32\pic\sources\c99\common\awdiv.c
		___awdiv       		CODE           	6D0A	0000	196

C:\Program Files\Microchip\xc8\v2.32\pic\sources\c99\common\awdiv.c estimated size: 196

C:\Program Files\Microchip\xc8\v2.32\pic\sources\c99\common\isxdigit.c
		_isxdigit      		CODE           	712A	0000	112

C:\Program Files\Microchip\xc8\v2.32\pic\sources\c99\common\isxdigit.c estimated size: 112

C:\Program Files\Microchip\xc8\v2.32\pic\sources\c99\common\isdigit.c
		_isdigit       		CODE           	7730	0000	56

C:\Program Files\Microchip\xc8\v2.32\pic\sources\c99\common\isdigit.c estimated size: 56

C:\Program Files\Microchip\xc8\v2.32\pic\sources\c99\common\sprcadd.c
		___flsub       		CODE           	757C	0000	70
		___fladd       		CODE           	4F60	0000	1216

C:\Program Files\Microchip\xc8\v2.32\pic\sources\c99\common\sprcadd.c estimated size: 1286

PID.c
		_ControladorPID_Calculo		CODE           	438C	0000	1650
		_Controlador_PID		CODE           	709A	0000	144

PID.c estimated size: 1794

C:\Program Files\Microchip\xc8\v2.32\pic\sources\c99\common\doprnt.c
		_vfpfcnvrt     		CODE           	49FE	0000	1378
		_efgtoa        		CODE           	3730	0000	3164
		_pad           		CODE           	6C44	0000	198
		_vfprintf      		CODE           	7204	0000	106

C:\Program Files\Microchip\xc8\v2.32\pic\sources\c99\common\doprnt.c estimated size: 4846

C:\Program Files\Microchip\xc8\v2.32\pic\sources\c99\common\flneg.c
		___flneg       		CODE           	7768	0000	56

C:\Program Files\Microchip\xc8\v2.32\pic\sources\c99\common\flneg.c estimated size: 56

mcc_generated_files/tmr2.c
		_TMR2_Initialize		CODE           	78F0	0000	30

mcc_generated_files/tmr2.c estimated size: 30

mcc_generated_files/interrupt_manager.c
		_INTERRUPT_Initialize		CODE           	79B8	0000	4
		_INTERRUPT_InterruptManager		CODE           	6B76	0000	206

mcc_generated_files/interrupt_manager.c estimated size: 210

C:\Program Files\Microchip\xc8\v2.32\pic\sources\c99\common\nanf.c
		_nanf          		CODE           	78CE	0000	34

C:\Program Files\Microchip\xc8\v2.32\pic\sources\c99\common\nanf.c estimated size: 34

C:\Program Files\Microchip\xc8\v2.32\pic\sources\c99\common\strtof.c
		_atof          		CODE           	7884	0000	38
		_strtof        		CODE           	252E	0000	4610

C:\Program Files\Microchip\xc8\v2.32\pic\sources\c99\common\strtof.c estimated size: 4648

mcc_generated_files/tmr0.c
		_TMR0_SetInterruptHandler		CODE           	79A4	0000	14
		_TMR0_DefaultInterruptHandler		CODE           	79C2	0000	2
		_TMR0_ISR      		CODE           	5E1E	0000	530
		_TMR0_Initialize		CODE           	74EA	0000	76

mcc_generated_files/tmr0.c estimated size: 622

mcc_generated_files/pin_manager.c
		_PIN_MANAGER_Initialize		CODE           	6E90	0000	176

mcc_generated_files/pin_manager.c estimated size: 176

C:\Program Files\Microchip\xc8\v2.32\pic\sources\c99\common\atoi.c
		_atoi          		CODE           	6030	0000	440

C:\Program Files\Microchip\xc8\v2.32\pic\sources\c99\common\atoi.c estimated size: 440

C:\Program Files\Microchip\xc8\v2.32\pic\sources\c99\common\nf_fputs.c
		_fputs         		CODE           	75C2	0000	68

C:\Program Files\Microchip\xc8\v2.32\pic\sources\c99\common\nf_fputs.c estimated size: 68

C:\Program Files\Microchip\xc8\v2.32\pic\sources\c99\common\fleq.c
		___fleq        		CODE           	6FF0	0000	170

C:\Program Files\Microchip\xc8\v2.32\pic\sources\c99\common\fleq.c estimated size: 170

C:\Program Files\Microchip\xc8\v2.32\pic\sources\c99\common\putch.c
		_putch         		CODE           	79C0	0000	2

C:\Program Files\Microchip\xc8\v2.32\pic\sources\c99\common\putch.c estimated size: 2

C:\Program Files\Microchip\xc8\v2.32\pic\sources\c99\common\__fpclassifyf.c
		___fpclassifyf 		CODE           	68A6	0000	254

C:\Program Files\Microchip\xc8\v2.32\pic\sources\c99\common\__fpclassifyf.c estimated size: 254

C:\Program Files\Microchip\xc8\v2.32\pic\sources\c99\common\isupper.c
		_isupper       		CODE           	76F8	0000	56

C:\Program Files\Microchip\xc8\v2.32\pic\sources\c99\common\isupper.c estimated size: 56

C:\Program Files\Microchip\xc8\v2.32\pic\sources\c99\common\Umul16.c
		___wmul        		CODE           	7834	0000	42

C:\Program Files\Microchip\xc8\v2.32\pic\sources\c99\common\Umul16.c estimated size: 42

C:\Program Files\Microchip\xc8\v2.32\pic\sources\c99\common\isspace.c
		_isspace       		CODE           	7498	0000	82

C:\Program Files\Microchip\xc8\v2.32\pic\sources\c99\common\isspace.c estimated size: 82

mcc_generated_files/uart1.c
		_UART1_Write   		CODE           	7392	0000	92
		_UART1_SetFramingErrorHandler		CODE           	7988	0000	14
		_UART1_SetOverrunErrorHandler		CODE           	797A	0000	14
		_UART1_Receive_ISR		CODE           	652C	0000	368
		_UART1_SetRxInterruptHandler		CODE           	796C	0000	14
		_UART1_SetTxInterruptHandler		CODE           	795E	0000	14
		_UART1_Initialize		CODE           	6DCE	0000	194
		_UART1_SetErrorHandler		CODE           	7996	0000	14
		_UART1_Transmit_ISR		CODE           	7536	0000	70
		_UART_Print_String		CODE           	7646	0000	64
		_UART1_DefaultFramingErrorHandler		CODE           	79BE	0000	2
		_UART1_DefaultErrorHandler		CODE           	79B2	0000	6
		_UART1_RxDataHandler		CODE           	7806	0000	46
		_UART1_DefaultOverrunErrorHandler		CODE           	79BC	0000	2

mcc_generated_files/uart1.c estimated size: 914

C:\Program Files\Microchip\xc8\v2.32\pic\sources\c99\common\islower.c
		_islower       		CODE           	76C0	0000	56

C:\Program Files\Microchip\xc8\v2.32\pic\sources\c99\common\islower.c estimated size: 56

C:\Program Files\Microchip\xc8\v2.32\pic\sources\c99\common\strncmp.c
		_strncmp       		CODE           	69A4	0000	250

C:\Program Files\Microchip\xc8\v2.32\pic\sources\c99\common\strncmp.c estimated size: 250

C:\Program Files\Microchip\xc8\v2.32\pic\sources\c99\common\tolower.c
		_tolower       		CODE           	72D4	0000	96

C:\Program Files\Microchip\xc8\v2.32\pic\sources\c99\common\tolower.c estimated size: 96

shared
		__initialization		CODE           	73EE	0000	82

shared estimated size: 82

C:\Program Files\Microchip\xc8\v2.32\pic\sources\c99\common\sprcmul.c
		___flmul       		CODE           	5420	0000	1102

C:\Program Files\Microchip\xc8\v2.32\pic\sources\c99\common\sprcmul.c estimated size: 1102

C:\Program Files\Microchip\xc8\v2.32\pic\sources\c99\common\awmod.c
		___awmod       		CODE           	6F40	0000	176

C:\Program Files\Microchip\xc8\v2.32\pic\sources\c99\common\awmod.c estimated size: 176

mcc_generated_files/mcc.c
		_PMD_Initialize		CODE           	78AA	0000	36
		_OSCILLATOR_Initialize		CODE           	792A	0000	28
		_SYSTEM_Initialize		CODE           	785E	0000	38

mcc_generated_files/mcc.c estimated size: 102

C:\Program Files\Microchip\xc8\v2.32\pic\sources\c99\common\sprcdiv.c
		___fldiv       		CODE           	586E	0000	922

C:\Program Files\Microchip\xc8\v2.32\pic\sources\c99\common\sprcdiv.c estimated size: 922

C:\Program Files\Microchip\xc8\v2.32\pic\sources\c99\common\toupper.c
		_toupper       		CODE           	7334	0000	94

C:\Program Files\Microchip\xc8\v2.32\pic\sources\c99\common\toupper.c estimated size: 94

mcc_generated_files/tmr1.c
		_TMR1_Initialize		CODE           	7606	0000	64

mcc_generated_files/tmr1.c estimated size: 64

mcc_generated_files/pwm1.c
		_PWM1_Initialize		CODE           	7946	0000	24
		_PWM1_LoadDutyValue		CODE           	77D4	0000	50

mcc_generated_files/pwm1.c estimated size: 74

C:\Program Files\Microchip\xc8\v2.32\pic\sources\c99\common\Umul32.c
		___lmul        		CODE           	719A	0000	106

C:\Program Files\Microchip\xc8\v2.32\pic\sources\c99\common\Umul32.c estimated size: 106

C:\Program Files\Microchip\xc8\v2.32\pic\sources\c99\common\fltol.c
		___fltol       		CODE           	669C	0000	262

C:\Program Files\Microchip\xc8\v2.32\pic\sources\c99\common\fltol.c estimated size: 262

C:\Program Files\Microchip\xc8\v2.32\pic\sources\c99\common\xxtofl.c
		___xxtofl      		CODE           	61E8	0000	436

C:\Program Files\Microchip\xc8\v2.32\pic\sources\c99\common\xxtofl.c estimated size: 436

C:\Program Files\Microchip\xc8\v2.32\pic\sources\c99\common\nf_fputc.c
		_fputc         		CODE           	6A9E	0000	216

C:\Program Files\Microchip\xc8\v2.32\pic\sources\c99\common\nf_fputc.c estimated size: 216

main.c
		_main          		CODE           	790E	0000	28

main.c estimated size: 28

C:\Program Files\Microchip\xc8\v2.32\pic\sources\c99\common\strlen.c
		_strlen        		CODE           	7686	0000	58

C:\Program Files\Microchip\xc8\v2.32\pic\sources\c99\common\strlen.c estimated size: 58

C:\Program Files\Microchip\xc8\v2.32\pic\sources\c99\common\flge.c
		___flge        		CODE           	67A2	0000	260

C:\Program Files\Microchip\xc8\v2.32\pic\sources\c99\common\flge.c estimated size: 260

C:\Program Files\Microchip\xc8\v2.32\pic\sources\c99\common\floorf.c
		_floorf        		CODE           	5C08	0000	534

C:\Program Files\Microchip\xc8\v2.32\pic\sources\c99\common\floorf.c estimated size: 534

C:\Program Files\Microchip\xc8\v2.32\pic\sources\c99\common\strcpy.c
		_strcpy        		CODE           	726E	0000	102

C:\Program Files\Microchip\xc8\v2.32\pic\sources\c99\common\strcpy.c estimated size: 102

