Microchip MPLAB XC8 Compiler V2.32

Linker command line:

-W-3 --edf=C:\Program Files\Microchip\xc8\v2.32\pic\dat\en_msgs.txt \
  -pivt0x8=08h -cn \
  -h+dist/default/production\Ejemplo14_PID.X.production.sym \
  --cmf=dist/default/production\Ejemplo14_PID.X.production.cmf -z \
  -Q18F57Q43 -oC:\Users\HP\AppData\Local\Temp\xcAss50.4 \
  --defsym=__MPLAB_BUILD=1 \
  -Mdist/default/production/Ejemplo14_PID.X.production.map -E1 \
  -ver=XC8 Compiler --acfsm=1493 -ASTACK=079Dh-025FFh -pstack=STACK \
  -ACODE=00h-01FFFFh -ACONST=00h-01FFFFh -ASMALLCONST=02600h-026FFhx474 \
  -AMEDIUMCONST=02600h-0FFFFh,012600h-01FFFFh -ACOMRAM=0501h-055Fh \
  -AABS1=0500h-025FFh -ABIGRAM=0501h-025FFh \
  -ARAM=0560h-05FFh,0600h-06FFhx32 -ABANK5=0560h-05FFh -ABANK6=0600h-06FFh \
  -ABANK7=0700h-07FFh -ABANK8=0800h-08FFh -ABANK9=0900h-09FFh \
  -ABANK10=0A00h-0AFFh -ABANK11=0B00h-0BFFh -ABANK12=0C00h-0CFFh \
  -ABANK13=0D00h-0DFFh -ABANK14=0E00h-0EFFh -ABANK15=0F00h-0FFFh \
  -ABANK16=01000h-010FFh -ABANK17=01100h-011FFh -ABANK18=01200h-012FFh \
  -ABANK19=01300h-013FFh -ABANK20=01400h-014FFh -ABANK21=01500h-015FFh \
  -ABANK22=01600h-016FFh -ABANK23=01700h-017FFh -ABANK24=01800h-018FFh \
  -ABANK25=01900h-019FFh -ABANK26=01A00h-01AFFh -ABANK27=01B00h-01BFFh \
  -ABANK28=01C00h-01CFFh -ABANK29=01D00h-01DFFh -ABANK30=01E00h-01EFFh \
  -ABANK31=01F00h-01FFFh -ABANK32=02000h-020FFh -ABANK33=02100h-021FFh \
  -ABANK34=02200h-022FFh -ABANK35=02300h-023FFh -ABANK36=02400h-024FFh \
  -ABANK37=02500h-025FFh -ASFR=00h-0FFhx4,0400h-045Fh,0460h-04FFh \
  -ACONFIG=0300000h-0300011h -AIDLOC=0200000h-020001Fh \
  -AEEDATA=0380000h-03803FFh -peeprom_data=EEDATA -preset_vec=00h \
  -ppowerup=CODE,init -pramtop=02600h -psmallconst=SMALLCONST \
  -pmediumconst=MEDIUMCONST -pconst=CONST -AFARRAM=00h-00h \
  -prdata=COMRAM,nvrram=COMRAM,nvbit=COMRAM,rbss=COMRAM,rbit=COMRAM \
  -pfarbss=FARRAM,fardata=FARRAM,nvFARRAM=FARRAM \
  -pintsave_regs=BIGRAM,bigbss=BIGRAM,bigdata=BIGRAM -pbss=RAM \
  -pidata=CODE,irdata=CODE,ibigdata=CODE,ifardata=CODE -prparam=COMRAM \
  C:\Users\HP\AppData\Local\Temp\xcAss50.o \
  dist/default/production\Ejemplo14_PID.X.production.o 

Object code version is 3.11

Machine type is 18F57Q43



                Name                               Link     Load   Length Selector   Space Scale
C:\Users\HP\AppData\Local\Temp\xcAss50.o
                idloc                            200000   200000       20        0       5
                config                           300000   300000        A        0       4
                init                                 1C       1C        4        4       0
                reset_vec                             0        0        4        0       0
dist/default/production\Ejemplo14_PID.X.production.o
                idloc                            200000   200000       20        0       5
                config                           300000   300000        A        0       4
                smallconst                         2600     2600       2E     1300       0
                ivt0x8                                8        8       14        4       0
                text78                             8626     8626       2C     1317       0
                text77                             87DE     87DE        6     1317       0
                text76                             87EA     87EA        2     1317       0
                text75                             87E8     87E8        2     1317       0
                text74                             7862     7862       C8     1317       0
                text73                             7ED0     7ED0       6A     1317       0
                text72                             7DF6     7DF6       70     1317       0
                text71                             86EC     86EC       22     1317       0
                text70                             858E     858E       38     1317       0
                text69                             8062     8062       5E     1317       0
                text68                             61C0     61C0      39A     1317       0
                text67                             7CBC     7CBC       AA     1317       0
                text66                             73BC     73BC      104     1317       0
                text65                             59D6     59D6      44E     1317       0
                text64                             8556     8556       38     1317       0
                text63                             8652     8652       2A     1317       0
                text62                             6D62     6D62      1B4     1317       0
                text61                             851E     851E       38     1317       0
                text60                             81C6     81C6       52     1317       0
                text59                             262E     262E     11DA     1317       0
                text58                             86A2     86A2       26     1317       0
                text57                             6F16     6F16      190     1317       0
                text56                             71AE     71AE      108     1317       0
                text55                             5E24     5E24      39C     1317       0
                text54                             72B6     72B6      106     1317       0
                text53                             5586     5586      450     1317       0
                text52                             84E4     84E4       3A     1317       0
                text51                             50C4     50C4      4C2     1317       0
                text50                             82AC     82AC       48     1317       0
                text49                             44D0     44D0      68E     1317       0
                text48                             84AA     84AA       3A     1317       0
                text47                             87E6     87E6        2     1317       0
                text46                             837C     837C       42     1317       0
                text45                             82F4     82F4       46     1317       0
                text44                             8004     8004       5E     1317       0
                text43                             833A     833A       42     1317       0
                text42                             6BAA     6BAA      1B8     1317       0
                text41                             85FA     85FA       2C     1317       0
                text40                             8470     8470       3A     1317       0
                text39                             8172     8172       54     1317       0
                text38                             69EE     69EE      1BC     1317       0
                text37                             792A     792A       C6     1317       0
                text36                             7AAE     7AAE       B2     1317       0
                text35                             7C10     7C10       AC     1317       0
                text34                             70A6     70A6      108     1317       0
                text33                             74C0     74C0      100     1317       0
                text32                             67D8     67D8      216     1317       0
                text31                             87E4     87E4        2     1317       0
                text30                             76BC     76BC       DA     1317       0
                text29                             8264     8264       48     1317       0
                text28                             83BE     83BE       3E     1317       0
                text27                             7796     7796       CC     1317       0
                text26                             7F3A     7F3A       68     1317       0
                text25                             8436     8436       3A     1317       0
                text24                             7FA2     7FA2       62     1317       0
                text23                             3808     3808      CC8     1317       0
                text22                             75C0     75C0       FC     1317       0
                text21                             4B5E     4B5E      566     1317       0
                text20                             7E66     7E66       6A     1317       0
                text19                             80C0     80C0       5A     1317       0
                text18                             655A     655A      27E     1317       0
                text17                             7D66     7D66       90     1317       0
                text16                             87D2     87D2        C     1317       0
                text15                             874A     874A       1C     1317       0
                text14                             7B60     7B60       B0     1317       0
                text13                             86C8     86C8       24     1317       0
                text12                             8766     8766       18     1317       0
                text11                             87C4     87C4        E     1317       0
                text10                             8218     8218       4C     1317       0
                text9                              83FC     83FC       3A     1317       0
                text8                              872C     872C       1E     1317       0
                text7                              87B6     87B6        E     1317       0
                text6                              87A8     87A8        E     1317       0
                text5                              879A     879A        E     1317       0
                text4                              878C     878C        E     1317       0
                text3                              877E     877E        E     1317       0
                text2                              79F0     79F0       BE     1317       0
                text1                              867C     867C       26     1317       0
                text0                              870E     870E       1E     1317       0
                cstackCOMRAM                        501      501       47      501       1
                cstackBANK5                         560      560       93      560       1
                cstackBANK6                         67E      67E       4C      600       1
                cstackBANK7                         798      798        5      700       1
                dataBANK7                           764      764       34      700       1
                bssBANK7                            700      700       64      700       1
                bssBANK6                            600      600       7E      600       1
                bssCOMRAM                           548      548       14      501       1
                cinit                              811A     811A       58     1317       0
                nvBANK6                             6CA      6CA       15      600       1
                nvCOMRAM                            55C      55C        2      501       1
                idataBANK7                         85C6     85C6       34     1317       0

TOTAL           Name                               Link     Load   Length     Space
        CLASS   STACK          

        CLASS   CODE           
                init                                 1C       1C        4         0
                reset_vec                             0        0        4         0
                ivt0x8                                8        8       14         0
                text78                             8626     8626       2C         0
                text77                             87DE     87DE        6         0
                text76                             87EA     87EA        2         0
                text75                             87E8     87E8        2         0
                text74                             7862     7862       C8         0
                text73                             7ED0     7ED0       6A         0
                text72                             7DF6     7DF6       70         0
                text71                             86EC     86EC       22         0
                text70                             858E     858E       38         0
                text69                             8062     8062       5E         0
                text68                             61C0     61C0      39A         0
                text67                             7CBC     7CBC       AA         0
                text66                             73BC     73BC      104         0
                text65                             59D6     59D6      44E         0
                text64                             8556     8556       38         0
                text63                             8652     8652       2A         0
                text62                             6D62     6D62      1B4         0
                text61                             851E     851E       38         0
                text60                             81C6     81C6       52         0
                text59                             262E     262E     11DA         0
                text58                             86A2     86A2       26         0
                text57                             6F16     6F16      190         0
                text56                             71AE     71AE      108         0
                text55                             5E24     5E24      39C         0
                text54                             72B6     72B6      106         0
                text53                             5586     5586      450         0
                text52                             84E4     84E4       3A         0
                text51                             50C4     50C4      4C2         0
                text50                             82AC     82AC       48         0
                text49                             44D0     44D0      68E         0
                text48                             84AA     84AA       3A         0
                text47                             87E6     87E6        2         0
                text46                             837C     837C       42         0
                text45                             82F4     82F4       46         0
                text44                             8004     8004       5E         0
                text43                             833A     833A       42         0
                text42                             6BAA     6BAA      1B8         0
                text41                             85FA     85FA       2C         0
                text40                             8470     8470       3A         0
                text39                             8172     8172       54         0
                text38                             69EE     69EE      1BC         0
                text37                             792A     792A       C6         0
                text36                             7AAE     7AAE       B2         0
                text35                             7C10     7C10       AC         0
                text34                             70A6     70A6      108         0
                text33                             74C0     74C0      100         0
                text32                             67D8     67D8      216         0
                text31                             87E4     87E4        2         0
                text30                             76BC     76BC       DA         0
                text29                             8264     8264       48         0
                text28                             83BE     83BE       3E         0
                text27                             7796     7796       CC         0
                text26                             7F3A     7F3A       68         0
                text25                             8436     8436       3A         0
                text24                             7FA2     7FA2       62         0
                text23                             3808     3808      CC8         0
                text22                             75C0     75C0       FC         0
                text21                             4B5E     4B5E      566         0
                text20                             7E66     7E66       6A         0
                text19                             80C0     80C0       5A         0
                text18                             655A     655A      27E         0
                text17                             7D66     7D66       90         0
                text16                             87D2     87D2        C         0
                text15                             874A     874A       1C         0
                text14                             7B60     7B60       B0         0
                text13                             86C8     86C8       24         0
                text12                             8766     8766       18         0
                text11                             87C4     87C4        E         0
                text10                             8218     8218       4C         0
                text9                              83FC     83FC       3A         0
                text8                              872C     872C       1E         0
                text7                              87B6     87B6        E         0
                text6                              87A8     87A8        E         0
                text5                              879A     879A        E         0
                text4                              878C     878C        E         0
                text3                              877E     877E        E         0
                text2                              79F0     79F0       BE         0
                text1                              867C     867C       26         0
                text0                              870E     870E       1E         0
                cinit                              811A     811A       58         0
                idataBANK7                         85C6     85C6       34         0

        CLASS   CONST          

        CLASS   SMALLCONST     
                smallconst                         2600     2600       2E         0

        CLASS   MEDIUMCONST    

        CLASS   COMRAM         
                cstackCOMRAM                        501      501       47         1
                bssCOMRAM                           548      548       14         1
                nvCOMRAM                            55C      55C        2         1

        CLASS   ABS1           

        CLASS   BIGRAM         

        CLASS   RAM            

        CLASS   BANK5          
                cstackBANK5                         560      560       93         1

        CLASS   BANK6          
                cstackBANK6                         67E      67E       4C         1
                bssBANK6                            600      600       7E         1
                nvBANK6                             6CA      6CA       15         1

        CLASS   BANK7          
                cstackBANK7                         798      798        5         1
                dataBANK7                           764      764       34         1
                bssBANK7                            700      700       64         1

        CLASS   BANK8          

        CLASS   BANK9          

        CLASS   BANK10         

        CLASS   BANK11         

        CLASS   BANK12         

        CLASS   BANK13         

        CLASS   BANK14         

        CLASS   BANK15         

        CLASS   BANK16         

        CLASS   BANK17         

        CLASS   BANK18         

        CLASS   BANK19         

        CLASS   BANK20         

        CLASS   BANK21         

        CLASS   BANK22         

        CLASS   BANK23         

        CLASS   BANK24         

        CLASS   BANK25         

        CLASS   BANK26         

        CLASS   BANK27         

        CLASS   BANK28         

        CLASS   BANK29         

        CLASS   BANK30         

        CLASS   BANK31         

        CLASS   BANK32         

        CLASS   BANK33         

        CLASS   BANK34         

        CLASS   BANK35         

        CLASS   BANK36         

        CLASS   BANK37         

        CLASS   SFR            

        CLASS   CONFIG         
                config                           300000   300000        A         4

        CLASS   IDLOC          
                idloc                            200000   200000       20         5

        CLASS   EEDATA         

        CLASS   FARRAM         



SEGMENTS        Name                           Load    Length   Top    Selector   Space  Class

                reset_vec                      000000  000004  000004         0       0  CODE    
                ivt0x8                         000008  000018  000020         4       0  CODE    
                cstackCOMRAM                   000501  00005D  00055E       501       1  COMRAM  
                cstackBANK5                    000560  000093  0005F3       560       1  BANK5   
                bssBANK6                       000600  0000DF  0006DF       600       1  BANK6   
                bssBANK7                       000700  00009D  00079D       700       1  BANK7   
                smallconst                     002600  00002E  00262E      1300       0  SMALLCON
                text59                         00262E  0061BE  0087EC      1317       0  CODE    


UNUSED ADDRESS RANGES

        Name                Unused          Largest block    Delta
        BANK10           000A00-000AFF              100
        BANK11           000B00-000BFF              100
        BANK12           000C00-000CFF              100
        BANK13           000D00-000DFF              100
        BANK14           000E00-000EFF              100
        BANK15           000F00-000FFF              100
        BANK16           001000-0010FF              100
        BANK17           001100-0011FF              100
        BANK18           001200-0012FF              100
        BANK19           001300-0013FF              100
        BANK20           001400-0014FF              100
        BANK21           001500-0015FF              100
        BANK22           001600-0016FF              100
        BANK23           001700-0017FF              100
        BANK24           001800-0018FF              100
        BANK25           001900-0019FF              100
        BANK26           001A00-001AFF              100
        BANK27           001B00-001BFF              100
        BANK28           001C00-001CFF              100
        BANK29           001D00-001DFF              100
        BANK30           001E00-001EFF              100
        BANK31           001F00-001FFF              100
        BANK32           002000-0020FF              100
        BANK33           002100-0021FF              100
        BANK34           002200-0022FF              100
        BANK35           002300-0023FF              100
        BANK36           002400-0024FF              100
        BANK37           002500-0025FF              100
        BANK5            0005F3-0005FF                D
        BANK6            0006DF-0006FF               21
        BANK7            00079D-0007FF               63
        BANK8            000800-0008FF              100
        BANK9            000900-0009FF              100
        BIGRAM           00055E-00055F                2
                         0005F3-0005FF                D
                         0006DF-0006FF               21
                         00079D-0025FF             1E63
        CODE             000004-000007                4
                         000020-0025FF             25E0
                         0087EC-01FFFF            17814
        COMRAM           00055E-00055F                2
        CONFIG           30000A-300011                8
        CONST            000004-000007                4
                         000020-0025FF             25E0
                         0087EC-01FFFF            17814
        EEDATA           380000-3803FF              400
        MEDIUMCONST      0087EC-00FFFF             7814
                         012600-01FFFF             DA00
        RAM              0005F3-0005FF                D
                         0006DF-0006FF               21
                         00079D-0025FF              100
        SFR              000000-0004FF              100
        SMALLCONST       0087EC-01FFFF              100
        STACK            00079D-0025FF             1E63

                                  Symbol Table

?_ControladorPID_Calculo                      cstackBANK5  0005AE
?___awdiv                                     cstackBANK5  000560
?___awmod                                     cstackBANK5  000560
?___fladd                                     cstackBANK5  000560
?___fldiv                                     cstackBANK5  000595
?___flmul                                     cstackBANK5  000570
?___flneg                                     cstackBANK5  000591
?___flsub                                     cstackBANK5  000589
?___fltol                                     cstackBANK5  000560
?___fpclassifyf                               cstackBANK5  000560
?___lmul                                      cstackCOMRAM 000501
?___wmul                                      cstackBANK5  000560
?___xxtofl                                    cstackBANK5  000560
?_atof                                        cstackCOMRAM 000540
?_atoi                                        cstackBANK5  000567
?_efgtoa                                      cstackBANK5  0005C2
?_floorf                                      cstackBANK5  0005AE
?_isdigit                                     cstackBANK5  000560
?_islower                                     cstackCOMRAM 000501
?_isspace                                     cstackBANK5  000560
?_isupper                                     cstackBANK5  000560
?_isxdigit                                    cstackCOMRAM 000501
?_nanf                                        cstackCOMRAM 000501
?_pad                                         cstackBANK5  000570
?_sprintf                                     cstackBANK6  0006C2
?_strlen                                      cstackBANK5  000560
?_strncmp                                     cstackBANK5  000560
?_strtof                                      cstackCOMRAM 00051A
?_tolower                                     cstackBANK5  000566
?_toupper                                     cstackCOMRAM 000507
?_vfpfcnvrt                                   cstackBANK6  0006B6
?_vfprintf                                    cstackBANK6  0006BC
?i2___fldiv                                   cstackCOMRAM 000501
?i2___flmul                                   cstackCOMRAM 000501
?i2___flneg                                   cstackCOMRAM 000501
?i2___wmul                                    cstackCOMRAM 000501
?i2___xxtofl                                  cstackCOMRAM 000501
?i2_isdigit                                   cstackCOMRAM 000501
?i2_isspace                                   cstackCOMRAM 000501
ControladorPID_Calculo@error                  cstackBANK5  0005CC
ControladorPID_Calculo@medicion               cstackBANK5  0005B4
ControladorPID_Calculo@pid                    cstackBANK5  0005AE
ControladorPID_Calculo@referencia             cstackBANK5  0005B0
Controlador_PID@pid                           cstackBANK7  000798
IVTBASEH                                      (abs)        00045E
IVTBASEL                                      (abs)        00045D
IVTBASEU                                      (abs)        00045F
PWM1_LoadDutyValue@dutyValue                  cstackBANK5  00056A
TMR0_SetInterruptHandler@InterruptHandler     cstackBANK7  000798
UART1_SetErrorHandler@interruptHandler        cstackBANK7  000798
UART1_SetFramingErrorHandler@interruptHandler cstackBANK7  000798
UART1_SetOverrunErrorHandler@interruptHandler cstackBANK7  000798
UART1_SetRxInterruptHandler@InterruptHandler  cstackBANK7  000798
UART1_SetTxInterruptHandler@InterruptHandler  cstackBANK7  000798
UART1_Write@txData                            cstackBANK5  000560
UART_Print_String@a                           cstackBANK5  000561
UART_Print_String@ptr                         cstackBANK5  000563
_ACTCON                                       (abs)        0000AC
_ANSELA                                       (abs)        000400
_ANSELB                                       (abs)        000408
_ANSELC                                       (abs)        000410
_ANSELD                                       (abs)        000418
_ANSELE                                       (abs)        000420
_ANSELF                                       (abs)        000428
_CCP1CON                                      (abs)        000342
_CCP1CONbits                                  (abs)        000342
_CCPR1H                                       (abs)        000341
_CCPR1L                                       (abs)        000340
_CCPTMRS0bits                                 (abs)        00034C
_ControladorPID_Calculo                       text49       0044D0
_ControladorPID_Calculo$2512                  cstackBANK5  0005C4
_ControladorPID_Calculo$2513                  cstackBANK5  0005C8
_ControladorPID_Calculo$2514                  cstackBANK5  0005B8
_ControladorPID_Calculo$2515                  cstackBANK5  0005BC
_ControladorPID_Calculo$2516                  cstackBANK5  0005C0
_Controlador_PID                              text17       007D66
_FrecAngular                                  bssBANK6     000618
_INLVLA                                       (abs)        000404
_INLVLB                                       (abs)        00040C
_INLVLC                                       (abs)        000414
_INLVLD                                       (abs)        00041C
_INLVLE                                       (abs)        000424
_INLVLF                                       (abs)        00042C
_INTCON0bits                                  (abs)        0004D6
_INTERRUPT_Initialize                         text16       0087D2
_INTERRUPT_InterruptManagerHigh               text56       0071AE
_INTERRUPT_InterruptManagerLow                text18       00655A
_INTERRUPT_InterruptManagerLow$2511           cstackBANK5  0005EF
_IPR3bits                                     (abs)        000365
_IPR4bits                                     (abs)        000366
_LATA                                         (abs)        0004BE
_LATB                                         (abs)        0004BF
_LATC                                         (abs)        0004C0
_LATD                                         (abs)        0004C1
_LATE                                         (abs)        0004C2
_LATEbits                                     (abs)        0004C2
_LATF                                         (abs)        0004C3
_MotorDC                                      dataBANK7    000764
_ODCONA                                       (abs)        000402
_ODCONB                                       (abs)        00040A
_ODCONC                                       (abs)        000412
_ODCOND                                       (abs)        00041A
_ODCONE                                       (abs)        000422
_ODCONF                                       (abs)        00042A
_OSCCON1                                      (abs)        0000AD
_OSCCON3                                      (abs)        0000AF
_OSCEN                                        (abs)        0000B3
_OSCFRQ                                       (abs)        0000B1
_OSCILLATOR_Initialize                        text15       00874A
_OSCTUNE                                      (abs)        0000B0
_PIE3bits                                     (abs)        0004A1
_PIE4bits                                     (abs)        0004A2
_PIN_MANAGER_Initialize                       text14       007B60
_PIR3bits                                     (abs)        0004B1
_PIR4bits                                     (abs)        0004B2
_PMD0                                         (abs)        000060
_PMD1                                         (abs)        000061
_PMD3                                         (abs)        000063
_PMD4                                         (abs)        000064
_PMD5                                         (abs)        000065
_PMD6                                         (abs)        000066
_PMD7                                         (abs)        000067
_PMD8                                         (abs)        000068
_PMD_Initialize                               text13       0086C8
_PR2                                          (abs)        000323
_PULSOS                                       bssBANK6     000624
_PWM1_Initialize                              text12       008766
_PWM1_LoadDutyValue                           text48       0084AA
_RB1I2C                                       (abs)        000289
_RB2I2C                                       (abs)        000288
_RC3I2C                                       (abs)        000287
_RC4I2C                                       (abs)        000286
_RF0PPS                                       (abs)        000229
_RF2PPS                                       (abs)        00022B
_SLRCONA                                      (abs)        000403
_SLRCONB                                      (abs)        00040B
_SLRCONC                                      (abs)        000413
_SLRCOND                                      (abs)        00041B
_SLRCONE                                      (abs)        000423
_SLRCONF                                      (abs)        00042B
_SYSTEM_Initialize                            text1        00867C
_T0CON0                                       (abs)        00031A
_T0CON0bits                                   (abs)        00031A
_T0CON1                                       (abs)        00031B
_T1CKIPPS                                     (abs)        000242
_T1CLK                                        (abs)        000321
_T1CON                                        (abs)        00031E
_T1CONbits                                    (abs)        00031E
_T1GATE                                       (abs)        000320
_T1GCON                                       (abs)        00031F
_T1GCONbits                                   (abs)        00031F
_T2CLKCON                                     (abs)        000326
_T2CON                                        (abs)        000324
_T2CONbits                                    (abs)        000324
_T2HLT                                        (abs)        000325
_T2HLTbits                                    (abs)        000325
_T2PR                                         (abs)        000323
_T2RST                                        (abs)        000327
_T2RSTbits                                    (abs)        000327
_T2TMR                                        (abs)        000322
_TMR0H                                        (abs)        000319
_TMR0L                                        (abs)        000318
_TMR0_DefaultInterruptHandler                 text47       0087E6
_TMR0_ISR                                     text46       00837C
_TMR0_Initialize                              text10       008218
_TMR0_InterruptHandler                        nvBANK6      0006CA
_TMR0_SetInterruptHandler                     text11       0087C4
_TMR1H                                        (abs)        00031D
_TMR1L                                        (abs)        00031C
_TMR1_Initialize                              text9        0083FC
_TMR2                                         (abs)        000322
_TMR2_Initialize                              text8        00872C
_TRISA                                        (abs)        0004C6
_TRISB                                        (abs)        0004C7
_TRISC                                        (abs)        0004C8
_TRISD                                        (abs)        0004C9
_TRISE                                        (abs)        0004CA
_TRISF                                        (abs)        0004CB
_U                                            bssBANK6     000610
_U1BRGH                                       (abs)        0002AF
_U1BRGL                                       (abs)        0002AE
_U1CON0                                       (abs)        0002AB
_U1CON1                                       (abs)        0002AC
_U1CON2                                       (abs)        0002AD
_U1ERRIE                                      (abs)        0002B3
_U1ERRIR                                      (abs)        0002B2
_U1ERRIRbits                                  (abs)        0002B2
_U1FIFO                                       (abs)        0002B0
_U1P1H                                        (abs)        0002A6
_U1P1L                                        (abs)        0002A5
_U1P2H                                        (abs)        0002A8
_U1P2L                                        (abs)        0002A7
_U1P3H                                        (abs)        0002AA
_U1P3L                                        (abs)        0002A9
_U1RXB                                        (abs)        0002A1
_U1RXPPS                                      (abs)        000272
_U1TXB                                        (abs)        0002A3
_U1UIR                                        (abs)        0002B1
_UART1_DefaultErrorHandler                    text77       0087DE
_UART1_DefaultFramingErrorHandler             text76       0087EA
_UART1_DefaultOverrunErrorHandler             text75       0087E8
_UART1_ErrorHandler                           nvBANK6      0006CD
_UART1_FramingErrorHandler                    nvBANK6      0006D3
_UART1_Initialize                             text2        0079F0
_UART1_OverrunErrorHandler                    nvBANK6      0006D0
_UART1_Receive_ISR                            text74       007862
_UART1_RxDataHandler                          text78       008626
_UART1_RxInterruptHandler                     nvBANK6      0006D9
_UART1_SetErrorHandler                        text7        0087B6
_UART1_SetFramingErrorHandler                 text6        0087A8
_UART1_SetOverrunErrorHandler                 text5        00879A
_UART1_SetRxInterruptHandler                  text4        00878C
_UART1_SetTxInterruptHandler                  text3        00877E
_UART1_Transmit_ISR                           text45       0082F4
_UART1_TxInterruptHandler                     nvBANK6      0006D6
_UART1_Write                                  text44       008004
_UART_Print_String                            text43       00833A
_WPUA                                         (abs)        000401
_WPUB                                         (abs)        000409
_WPUC                                         (abs)        000411
_WPUD                                         (abs)        000419
_WPUE                                         (abs)        000421
_WPUF                                         (abs)        000429
__HRAM                                        (abs)        000000
__Habs1                                       abs1         000000
__Hbank10                                     bank10       000000
__Hbank11                                     bank11       000000
__Hbank12                                     bank12       000000
__Hbank13                                     bank13       000000
__Hbank14                                     bank14       000000
__Hbank15                                     bank15       000000
__Hbank16                                     bank16       000000
__Hbank17                                     bank17       000000
__Hbank18                                     bank18       000000
__Hbank19                                     bank19       000000
__Hbank20                                     bank20       000000
__Hbank21                                     bank21       000000
__Hbank22                                     bank22       000000
__Hbank23                                     bank23       000000
__Hbank24                                     bank24       000000
__Hbank25                                     bank25       000000
__Hbank26                                     bank26       000000
__Hbank27                                     bank27       000000
__Hbank28                                     bank28       000000
__Hbank29                                     bank29       000000
__Hbank30                                     bank30       000000
__Hbank31                                     bank31       000000
__Hbank32                                     bank32       000000
__Hbank33                                     bank33       000000
__Hbank34                                     bank34       000000
__Hbank35                                     bank35       000000
__Hbank36                                     bank36       000000
__Hbank37                                     bank37       000000
__Hbank5                                      bank5        000000
__Hbank6                                      bank6        000000
__Hbank7                                      bank7        000000
__Hbank8                                      bank8        000000
__Hbank9                                      bank9        000000
__Hbigbss                                     bigbss       000000
__Hbigdata                                    bigdata      000000
__Hbigram                                     bigram       000000
__Hbss                                        bss          000000
__HbssBANK6                                   bssBANK6     000000
__HbssBANK7                                   bssBANK7     000000
__HbssCOMRAM                                  bssCOMRAM    000000
__Hcinit                                      cinit        000000
__Hclrtext                                    clrtext      000000
__Hcomram                                     comram       000000
__Hconfig                                     config       30000A
__Hconst                                      const        000000
__HcstackBANK5                                cstackBANK5  000000
__HcstackBANK6                                cstackBANK6  000000
__HcstackBANK7                                cstackBANK7  000000
__HcstackCOMRAM                               cstackCOMRAM 000000
__Hdata                                       data         000000
__HdataBANK7                                  dataBANK7    000000
__Heeprom_data                                eeprom_data  000000
__Hfarbss                                     farbss       000000
__Hfardata                                    fardata      000000
__Hibigdata                                   ibigdata     000000
__Hidata                                      idata        000000
__HidataBANK7                                 idataBANK7   000000
__Hidloc                                      idloc        200020
__Hifardata                                   ifardata     000000
__Hinit                                       init         000020
__Hintsave_regs                               intsave_regs 000000
__Hirdata                                     irdata       000000
__Hivt0x8                                     ivt0x8       00001C
__Hmediumconst                                mediumconst  000000
__HnvBANK6                                    nvBANK6      000000
__HnvCOMRAM                                   nvCOMRAM     000000
__HnvFARRAM                                   nvFARRAM     000000
__Hnvbit                                      nvbit        000000
__Hnvrram                                     nvrram       000000
__Hparam                                      rparam       000000
__Hpowerup                                    powerup      000000
__Hram                                        ram          000000
__Hramtop                                     ramtop       002600
__Hrbit                                       rbit         000000
__Hrbss                                       rbss         000000
__Hrdata                                      rdata        000000
__Hreset_vec                                  reset_vec    000004
__Hrparam                                     rparam       000000
__Hsfr                                        sfr          000000
__Hsmallconst                                 smallconst   00262E
__Hspace_0                                    (abs)        0087EC
__Hspace_1                                    (abs)        00079D
__Hspace_2                                    (abs)        000000
__Hspace_4                                    (abs)        60000A
__Hstack                                      stack        000000
__Hstruct                                     struct       000000
__Htemp                                       temp         000000
__Htext                                       text         000000
__Htext0                                      text0        000000
__Htext1                                      text1        000000
__Htext10                                     text10       000000
__Htext11                                     text11       000000
__Htext12                                     text12       000000
__Htext13                                     text13       000000
__Htext14                                     text14       000000
__Htext15                                     text15       000000
__Htext16                                     text16       000000
__Htext17                                     text17       000000
__Htext18                                     text18       000000
__Htext19                                     text19       000000
__Htext2                                      text2        000000
__Htext20                                     text20       000000
__Htext21                                     text21       000000
__Htext22                                     text22       000000
__Htext23                                     text23       000000
__Htext24                                     text24       000000
__Htext25                                     text25       000000
__Htext26                                     text26       000000
__Htext27                                     text27       000000
__Htext28                                     text28       000000
__Htext29                                     text29       000000
__Htext3                                      text3        000000
__Htext30                                     text30       000000
__Htext31                                     text31       000000
__Htext32                                     text32       000000
__Htext33                                     text33       000000
__Htext34                                     text34       000000
__Htext35                                     text35       000000
__Htext36                                     text36       000000
__Htext37                                     text37       000000
__Htext38                                     text38       000000
__Htext39                                     text39       000000
__Htext4                                      text4        000000
__Htext40                                     text40       000000
__Htext41                                     text41       000000
__Htext42                                     text42       000000
__Htext43                                     text43       000000
__Htext44                                     text44       000000
__Htext45                                     text45       000000
__Htext46                                     text46       000000
__Htext47                                     text47       000000
__Htext48                                     text48       000000
__Htext49                                     text49       000000
__Htext5                                      text5        000000
__Htext50                                     text50       000000
__Htext51                                     text51       000000
__Htext52                                     text52       000000
__Htext53                                     text53       000000
__Htext54                                     text54       000000
__Htext55                                     text55       000000
__Htext56                                     text56       000000
__Htext57                                     text57       000000
__Htext58                                     text58       000000
__Htext59                                     text59       000000
__Htext6                                      text6        000000
__Htext60                                     text60       000000
__Htext61                                     text61       000000
__Htext62                                     text62       000000
__Htext63                                     text63       000000
__Htext64                                     text64       000000
__Htext65                                     text65       000000
__Htext66                                     text66       000000
__Htext67                                     text67       000000
__Htext68                                     text68       000000
__Htext69                                     text69       000000
__Htext7                                      text7        000000
__Htext70                                     text70       000000
__Htext71                                     text71       000000
__Htext72                                     text72       000000
__Htext73                                     text73       000000
__Htext74                                     text74       000000
__Htext75                                     text75       000000
__Htext76                                     text76       000000
__Htext77                                     text77       000000
__Htext78                                     text78       000000
__Htext79                                     text79       000000
__Htext8                                      text8        000000
__Htext9                                      text9        000000
__LRAM                                        (abs)        000001
__Labs1                                       abs1         000000
__Lbank10                                     bank10       000000
__Lbank11                                     bank11       000000
__Lbank12                                     bank12       000000
__Lbank13                                     bank13       000000
__Lbank14                                     bank14       000000
__Lbank15                                     bank15       000000
__Lbank16                                     bank16       000000
__Lbank17                                     bank17       000000
__Lbank18                                     bank18       000000
__Lbank19                                     bank19       000000
__Lbank20                                     bank20       000000
__Lbank21                                     bank21       000000
__Lbank22                                     bank22       000000
__Lbank23                                     bank23       000000
__Lbank24                                     bank24       000000
__Lbank25                                     bank25       000000
__Lbank26                                     bank26       000000
__Lbank27                                     bank27       000000
__Lbank28                                     bank28       000000
__Lbank29                                     bank29       000000
__Lbank30                                     bank30       000000
__Lbank31                                     bank31       000000
__Lbank32                                     bank32       000000
__Lbank33                                     bank33       000000
__Lbank34                                     bank34       000000
__Lbank35                                     bank35       000000
__Lbank36                                     bank36       000000
__Lbank37                                     bank37       000000
__Lbank5                                      bank5        000000
__Lbank6                                      bank6        000000
__Lbank7                                      bank7        000000
__Lbank8                                      bank8        000000
__Lbank9                                      bank9        000000
__Lbigbss                                     bigbss       000000
__Lbigdata                                    bigdata      000000
__Lbigram                                     bigram       000000
__Lbss                                        bss          000000
__LbssBANK6                                   bssBANK6     000000
__LbssBANK7                                   bssBANK7     000000
__LbssCOMRAM                                  bssCOMRAM    000000
__Lcinit                                      cinit        000000
__Lclrtext                                    clrtext      000000
__Lcomram                                     comram       000000
__Lconfig                                     config       000000
__Lconst                                      const        000000
__LcstackBANK5                                cstackBANK5  000000
__LcstackBANK6                                cstackBANK6  000000
__LcstackBANK7                                cstackBANK7  000000
__LcstackCOMRAM                               cstackCOMRAM 000000
__Ldata                                       data         000000
__LdataBANK7                                  dataBANK7    000000
__Leeprom_data                                eeprom_data  000000
__Lfarbss                                     farbss       000000
__Lfardata                                    fardata      000000
__Libigdata                                   ibigdata     000000
__Lidata                                      idata        000000
__LidataBANK7                                 idataBANK7   000000
__Lidloc                                      idloc        000000
__Lifardata                                   ifardata     000000
__Linit                                       init         00001C
__Lintsave_regs                               intsave_regs 000000
__Lirdata                                     irdata       000000
__Livt0x8                                     ivt0x8       000008
__Lmediumconst                                mediumconst  000000
__LnvBANK6                                    nvBANK6      000000
__LnvCOMRAM                                   nvCOMRAM     000000
__LnvFARRAM                                   nvFARRAM     000000
__Lnvbit                                      nvbit        000000
__Lnvrram                                     nvrram       000000
__Lparam                                      rparam       000000
__Lpowerup                                    powerup      000000
__Lram                                        ram          000000
__Lramtop                                     ramtop       002600
__Lrbit                                       rbit         000000
__Lrbss                                       rbss         000000
__Lrdata                                      rdata        000000
__Lreset_vec                                  reset_vec    000000
__Lrparam                                     rparam       000000
__Lsfr                                        sfr          000000
__Lsmallconst                                 smallconst   002600
__Lspace_0                                    (abs)        000000
__Lspace_1                                    (abs)        000000
__Lspace_2                                    (abs)        000000
__Lspace_4                                    (abs)        000000
__Lstack                                      stack        000000
__Lstruct                                     struct       000000
__Ltemp                                       temp         000000
__Ltext                                       text         000000
__Ltext0                                      text0        000000
__Ltext1                                      text1        000000
__Ltext10                                     text10       000000
__Ltext11                                     text11       000000
__Ltext12                                     text12       000000
__Ltext13                                     text13       000000
__Ltext14                                     text14       000000
__Ltext15                                     text15       000000
__Ltext16                                     text16       000000
__Ltext17                                     text17       000000
__Ltext18                                     text18       000000
__Ltext19                                     text19       000000
__Ltext2                                      text2        000000
__Ltext20                                     text20       000000
__Ltext21                                     text21       000000
__Ltext22                                     text22       000000
__Ltext23                                     text23       000000
__Ltext24                                     text24       000000
__Ltext25                                     text25       000000
__Ltext26                                     text26       000000
__Ltext27                                     text27       000000
__Ltext28                                     text28       000000
__Ltext29                                     text29       000000
__Ltext3                                      text3        000000
__Ltext30                                     text30       000000
__Ltext31                                     text31       000000
__Ltext32                                     text32       000000
__Ltext33                                     text33       000000
__Ltext34                                     text34       000000
__Ltext35                                     text35       000000
__Ltext36                                     text36       000000
__Ltext37                                     text37       000000
__Ltext38                                     text38       000000
__Ltext39                                     text39       000000
__Ltext4                                      text4        000000
__Ltext40                                     text40       000000
__Ltext41                                     text41       000000
__Ltext42                                     text42       000000
__Ltext43                                     text43       000000
__Ltext44                                     text44       000000
__Ltext45                                     text45       000000
__Ltext46                                     text46       000000
__Ltext47                                     text47       000000
__Ltext48                                     text48       000000
__Ltext49                                     text49       000000
__Ltext5                                      text5        000000
__Ltext50                                     text50       000000
__Ltext51                                     text51       000000
__Ltext52                                     text52       000000
__Ltext53                                     text53       000000
__Ltext54                                     text54       000000
__Ltext55                                     text55       000000
__Ltext56                                     text56       000000
__Ltext57                                     text57       000000
__Ltext58                                     text58       000000
__Ltext59                                     text59       000000
__Ltext6                                      text6        000000
__Ltext60                                     text60       000000
__Ltext61                                     text61       000000
__Ltext62                                     text62       000000
__Ltext63                                     text63       000000
__Ltext64                                     text64       000000
__Ltext65                                     text65       000000
__Ltext66                                     text66       000000
__Ltext67                                     text67       000000
__Ltext68                                     text68       000000
__Ltext69                                     text69       000000
__Ltext7                                      text7        000000
__Ltext70                                     text70       000000
__Ltext71                                     text71       000000
__Ltext72                                     text72       000000
__Ltext73                                     text73       000000
__Ltext74                                     text74       000000
__Ltext75                                     text75       000000
__Ltext76                                     text76       000000
__Ltext77                                     text77       000000
__Ltext78                                     text78       000000
__Ltext79                                     text79       000000
__Ltext8                                      text8        000000
__Ltext9                                      text9        000000
__S0                                          (abs)        0087EC
__S1                                          (abs)        00079D
__S2                                          (abs)        000000
__S4                                          (abs)        000000
__S5                                          (abs)        000000
___awdiv                                      text37       00792A
___awdiv@counter                              cstackBANK5  000564
___awdiv@dividend                             cstackBANK5  000560
___awdiv@divisor                              cstackBANK5  000562
___awdiv@quotient                             cstackBANK5  000566
___awdiv@sign                                 cstackBANK5  000565
___awmod                                      text36       007AAE
___awmod@counter                              cstackBANK5  000564
___awmod@dividend                             cstackBANK5  000560
___awmod@divisor                              cstackBANK5  000562
___awmod@sign                                 cstackBANK5  000565
___fladd                                      text51       0050C4
___fladd@a                                    cstackBANK5  000564
___fladd@aexp                                 cstackBANK5  00056D
___fladd@b                                    cstackBANK5  000560
___fladd@bexp                                 cstackBANK5  00056E
___fladd@grs                                  cstackBANK5  00056F
___fladd@signs                                cstackBANK5  00056C
___fldiv                                      text55       005E24
___fldiv@a                                    cstackBANK5  000599
___fldiv@aexp                                 cstackBANK5  0005AD
___fldiv@b                                    cstackBANK5  000595
___fldiv@bexp                                 cstackBANK5  0005AC
___fldiv@grs                                  cstackBANK5  0005A8
___fldiv@new_exp                              cstackBANK5  0005A6
___fldiv@rem                                  cstackBANK5  0005A1
___fldiv@sign                                 cstackBANK5  0005A5
___fleq                                       text35       007C10
___fleq@ff1                                   cstackBANK5  000560
___fleq@ff2                                   cstackBANK5  000564
___flge                                       text54       0072B6
___flge@ff1                                   cstackBANK5  000589
___flge@ff2                                   cstackBANK5  00058D
___flmul                                      text53       005586
___flmul@a                                    cstackBANK5  000574
___flmul@aexp                                 cstackBANK5  00057D
___flmul@b                                    cstackBANK5  000570
___flmul@bexp                                 cstackBANK5  00057E
___flmul@grs                                  cstackBANK5  00057F
___flmul@prod                                 cstackBANK5  000583
___flmul@sign                                 cstackBANK5  00057C
___flmul@temp                                 cstackBANK5  000587
___flneg                                      text52       0084E4
___flneg@f1                                   cstackBANK5  000591
___flsub                                      text50       0082AC
___flsub@a                                    cstackBANK5  00058D
___flsub@b                                    cstackBANK5  000589
___fltol                                      text34       0070A6
___fltol@exp1                                 cstackBANK5  000569
___fltol@f1                                   cstackBANK5  000560
___fltol@sign1                                cstackBANK5  000568
___fpclassifyf                                text33       0074C0
___fpclassifyf@F465                           bssCOMRAM    000554
___fpclassifyf@e                              cstackBANK5  000568
___fpclassifyf@u                              cstackBANK5  00056A
___fpclassifyf@x                              cstackBANK5  000560
___inthi_sp                                   stack        000000
___intlo_sp                                   stack        000000
___lmul                                       text73       007ED0
___lmul@multiplicand                          cstackCOMRAM 000505
___lmul@multiplier                            cstackCOMRAM 000501
___lmul@product                               cstackCOMRAM 000509
___param_bank                                 (abs)        000000
___rparam_used                                (abs)        000001
___sp                                         stack        000000
___wmul                                       text41       0085FA
___wmul@multiplicand                          cstackBANK5  000562
___wmul@multiplier                            cstackBANK5  000560
___wmul@product                               cstackBANK5  000564
___xxtofl                                     text42       006BAA
___xxtofl@arg                                 cstackBANK5  00056A
___xxtofl@exp                                 cstackBANK5  000569
___xxtofl@sign                                cstackBANK5  000568
___xxtofl@val                                 cstackBANK5  000560
__accesstop                                   (abs)        000560
__activetblptr                                (abs)        000003
__end_of_ControladorPID_Calculo               text49       004B5E
__end_of_Controlador_PID                      text17       007DF6
__end_of_INTERRUPT_Initialize                 text16       0087DE
__end_of_INTERRUPT_InterruptManagerHigh       text56       0072B6
__end_of_INTERRUPT_InterruptManagerLow        text18       0067D8
__end_of_OSCILLATOR_Initialize                text15       008766
__end_of_PIN_MANAGER_Initialize               text14       007C10
__end_of_PMD_Initialize                       text13       0086EC
__end_of_PWM1_Initialize                      text12       00877E
__end_of_PWM1_LoadDutyValue                   text48       0084E4
__end_of_SYSTEM_Initialize                    text1        0086A2
__end_of_TMR0_DefaultInterruptHandler         text47       0087E8
__end_of_TMR0_ISR                             text46       0083BE
__end_of_TMR0_Initialize                      text10       008264
__end_of_TMR0_SetInterruptHandler             text11       0087D2
__end_of_TMR1_Initialize                      text9        008436
__end_of_TMR2_Initialize                      text8        00874A
__end_of_UART1_DefaultErrorHandler            text77       0087E4
__end_of_UART1_DefaultFramingErrorHandler     text76       0087EC
__end_of_UART1_DefaultOverrunErrorHandler     text75       0087EA
__end_of_UART1_Initialize                     text2        007AAE
__end_of_UART1_Receive_ISR                    text74       00792A
__end_of_UART1_RxDataHandler                  text78       008652
__end_of_UART1_SetErrorHandler                text7        0087C4
__end_of_UART1_SetFramingErrorHandler         text6        0087B6
__end_of_UART1_SetOverrunErrorHandler         text5        0087A8
__end_of_UART1_SetRxInterruptHandler          text4        00879A
__end_of_UART1_SetTxInterruptHandler          text3        00878C
__end_of_UART1_Transmit_ISR                   text45       00833A
__end_of_UART1_Write                          text44       008062
__end_of_UART_Print_String                    text43       00837C
__end_of___awdiv                              text37       0079F0
__end_of___awmod                              text36       007B60
__end_of___fladd                              text51       005586
__end_of___fldiv                              text55       0061C0
__end_of___fleq                               text35       007CBC
__end_of___flge                               text54       0073BC
__end_of___flmul                              text53       0059D6
__end_of___flneg                              text52       00851E
__end_of___flsub                              text50       0082F4
__end_of___fltol                              text34       0071AE
__end_of___fpclassifyf                        text33       0075C0
__end_of___lmul                               text73       007F3A
__end_of___wmul                               text41       008626
__end_of___xxtofl                             text42       006D62
__end_of__initialization                      cinit        00816C
__end_of_atof                                 text58       0086C8
__end_of_atoi                                 text38       006BAA
__end_of_efgtoa                               text23       0044D0
__end_of_floorf                               text32       0069EE
__end_of_fputc                                text30       007796
__end_of_fputs                                text29       0082AC
__end_of_isdigit                              text40       0084AA
__end_of_islower                              text70       0085C6
__end_of_isspace                              text39       0081C6
__end_of_isupper                              text25       008470
__end_of_isxdigit                             text72       007E66
__end_of_main                                 text0        00872C
__end_of_memset                               text57       0070A6
__end_of_nanf                                 text71       00870E
__end_of_pad                                  text27       007862
__end_of_putch                                text31       0087E6
__end_of_sprintf                              text19       00811A
__end_of_strcpy                               text26       007FA2
__end_of_strlen                               text28       0083FC
__end_of_strncmp                              text22       0076BC
__end_of_strtof                               text59       003808
__end_of_tolower                              text24       008004
__end_of_toupper                              text69       0080C0
__end_of_vfpfcnvrt                            text21       0050C4
__end_of_vfprintf                             text20       007ED0
__end_ofi2___fldiv                            text68       00655A
__end_ofi2___fleq                             text67       007D66
__end_ofi2___flge                             text66       0074C0
__end_ofi2___flmul                            text65       005E24
__end_ofi2___flneg                            text64       00858E
__end_ofi2___wmul                             text63       00867C
__end_ofi2___xxtofl                           text62       006F16
__end_ofi2_isdigit                            text61       008556
__end_ofi2_isspace                            text60       008218
__initialization                              cinit        00811A
__mediumconst                                 mediumconst  000000
__pbssBANK6                                   bssBANK6     000600
__pbssBANK7                                   bssBANK7     000700
__pbssCOMRAM                                  bssCOMRAM    000548
__pcinit                                      cinit        00811A
__pcstackBANK5                                cstackBANK5  000560
__pcstackBANK6                                cstackBANK6  00067E
__pcstackBANK7                                cstackBANK7  000798
__pcstackCOMRAM                               cstackCOMRAM 000501
__pdataBANK7                                  dataBANK7    000764
__pidataBANK7                                 idataBANK7   0085C6
__pivt0x8                                     ivt0x8       000008
__pnvBANK6                                    nvBANK6      0006CA
__pnvCOMRAM                                   nvCOMRAM     00055C
__psmallconst                                 smallconst   002600
__ptext0                                      text0        00870E
__ptext1                                      text1        00867C
__ptext10                                     text10       008218
__ptext11                                     text11       0087C4
__ptext12                                     text12       008766
__ptext13                                     text13       0086C8
__ptext14                                     text14       007B60
__ptext15                                     text15       00874A
__ptext16                                     text16       0087D2
__ptext17                                     text17       007D66
__ptext18                                     text18       00655A
__ptext19                                     text19       0080C0
__ptext2                                      text2        0079F0
__ptext20                                     text20       007E66
__ptext21                                     text21       004B5E
__ptext22                                     text22       0075C0
__ptext23                                     text23       003808
__ptext24                                     text24       007FA2
__ptext25                                     text25       008436
__ptext26                                     text26       007F3A
__ptext27                                     text27       007796
__ptext28                                     text28       0083BE
__ptext29                                     text29       008264
__ptext3                                      text3        00877E
__ptext30                                     text30       0076BC
__ptext31                                     text31       0087E4
__ptext32                                     text32       0067D8
__ptext33                                     text33       0074C0
__ptext34                                     text34       0070A6
__ptext35                                     text35       007C10
__ptext36                                     text36       007AAE
__ptext37                                     text37       00792A
__ptext38                                     text38       0069EE
__ptext39                                     text39       008172
__ptext4                                      text4        00878C
__ptext40                                     text40       008470
__ptext41                                     text41       0085FA
__ptext42                                     text42       006BAA
__ptext43                                     text43       00833A
__ptext44                                     text44       008004
__ptext45                                     text45       0082F4
__ptext46                                     text46       00837C
__ptext47                                     text47       0087E6
__ptext48                                     text48       0084AA
__ptext49                                     text49       0044D0
__ptext5                                      text5        00879A
__ptext50                                     text50       0082AC
__ptext51                                     text51       0050C4
__ptext52                                     text52       0084E4
__ptext53                                     text53       005586
__ptext54                                     text54       0072B6
__ptext55                                     text55       005E24
__ptext56                                     text56       0071AE
__ptext57                                     text57       006F16
__ptext58                                     text58       0086A2
__ptext59                                     text59       00262E
__ptext6                                      text6        0087A8
__ptext60                                     text60       0081C6
__ptext61                                     text61       00851E
__ptext62                                     text62       006D62
__ptext63                                     text63       008652
__ptext64                                     text64       008556
__ptext65                                     text65       0059D6
__ptext66                                     text66       0073BC
__ptext67                                     text67       007CBC
__ptext68                                     text68       0061C0
__ptext69                                     text69       008062
__ptext7                                      text7        0087B6
__ptext70                                     text70       00858E
__ptext71                                     text71       0086EC
__ptext72                                     text72       007DF6
__ptext73                                     text73       007ED0
__ptext74                                     text74       007862
__ptext75                                     text75       0087E8
__ptext76                                     text76       0087EA
__ptext77                                     text77       0087DE
__ptext78                                     text78       008626
__ptext79                                     text79       000000
__ptext8                                      text8        00872C
__ptext9                                      text9        0083FC
__ramtop                                      ramtop       002600
__size_of_ControladorPID_Calculo              (abs)        000000
__size_of_Controlador_PID                     (abs)        000000
__size_of_INTERRUPT_Initialize                (abs)        000000
__size_of_INTERRUPT_InterruptManagerHigh      (abs)        000000
__size_of_INTERRUPT_InterruptManagerLow       (abs)        000000
__size_of_OSCILLATOR_Initialize               (abs)        000000
__size_of_PIN_MANAGER_Initialize              (abs)        000000
__size_of_PMD_Initialize                      (abs)        000000
[...]
_uart1TxBufferRemaining                       nvBANK6      0006DE
_uart1TxHead                                  bssBANK6     000629
_uart1TxTail                                  bssBANK6     000628
_vfpfcnvrt                                    text21       004B5E
_vfpfcnvrt$1956                               cstackBANK5  0005D2
_vfpfcnvrt$1960                               cstackBANK5  0005D4
_vfprintf                                     text20       007E66
_width                                        bssBANK6     00061E
atof@s                                        cstackCOMRAM 000540
atoi@n                                        cstackBANK5  000574
atoi@neg                                      cstackBANK5  00056D
atoi@s                                        cstackBANK5  000567
efgtoa@c                                      cstackBANK5  0005C8
efgtoa@d                                      cstackBANK6  000696
efgtoa@e                                      cstackBANK6  0006AE
efgtoa@f                                      cstackBANK5  0005C4
efgtoa@fp                                     cstackBANK5  0005C2
efgtoa@g                                      cstackBANK6  0006A8
efgtoa@h                                      cstackBANK6  0006A0
efgtoa@i                                      cstackBANK6  0006AC
efgtoa@l                                      cstackBANK6  0006A4
efgtoa@m                                      cstackBANK6  000690
efgtoa@mode                                   cstackBANK6  00069F
efgtoa@n                                      cstackBANK6  0006B0
efgtoa@ne                                     cstackBANK6  00068E
efgtoa@nmode                                  cstackBANK6  00069C
efgtoa@ou                                     cstackBANK6  000692
efgtoa@p                                      cstackBANK6  00069A
efgtoa@pp                                     cstackBANK6  00068C
efgtoa@sign                                   cstackBANK6  000698
efgtoa@t                                      cstackBANK6  00068A
efgtoa@u                                      cstackBANK6  0006B2
efgtoa@w                                      cstackBANK6  00069D
end_of_initialization                         cinit        00816C
floorf@F527                                   bssCOMRAM    000550
floorf@e                                      cstackBANK5  0005BC
floorf@m                                      cstackBANK5  0005B8
floorf@u                                      cstackBANK5  0005BE
floorf@x                                      cstackBANK5  0005AE
fputc@c                                       cstackBANK5  000560
fputc@fp                                      cstackBANK5  000562
fputs@c                                       cstackBANK5  00056D
fputs@fp                                      cstackBANK5  00056B
fputs@i                                       cstackBANK5  00056E
fputs@s                                       cstackBANK5  000569
i2___fldiv                                    text68       0061C0
i2___fldiv@a                                  cstackCOMRAM 000505
i2___fldiv@aexp                               cstackCOMRAM 000519
i2___fldiv@b                                  cstackCOMRAM 000501
i2___fldiv@bexp                               cstackCOMRAM 000518
i2___fldiv@grs                                cstackCOMRAM 000514
i2___fldiv@new_exp                            cstackCOMRAM 000512
i2___fldiv@rem                                cstackCOMRAM 00050D
i2___fldiv@sign                               cstackCOMRAM 000511
i2___fleq                                     text67       007CBC
i2___fleq@ff1                                 cstackCOMRAM 000501
i2___fleq@ff2                                 cstackCOMRAM 000505
i2___flge                                     text66       0073BC
i2___flge@ff1                                 cstackCOMRAM 000501
i2___flge@ff2                                 cstackCOMRAM 000505
i2___flmul                                    text65       0059D6
i2___flmul@a                                  cstackCOMRAM 000505
i2___flmul@aexp                               cstackCOMRAM 000512
i2___flmul@b                                  cstackCOMRAM 000501
i2___flmul@bexp                               cstackCOMRAM 000513
i2___flmul@grs                                cstackCOMRAM 00050E
i2___flmul@prod                               cstackCOMRAM 000514
i2___flmul@sign                               cstackCOMRAM 00050D
i2___flmul@temp                               cstackCOMRAM 000518
i2___flneg                                    text64       008556
i2___flneg@f1                                 cstackCOMRAM 000501
i2___wmul                                     text63       008652
i2___wmul@multiplicand                        cstackCOMRAM 000503
i2___wmul@multiplier                          cstackCOMRAM 000501
i2___wmul@product                             cstackCOMRAM 000505
i2___xxtofl                                   text62       006D62
i2___xxtofl@arg                               cstackCOMRAM 00050B
i2___xxtofl@exp                               cstackCOMRAM 00050A
i2___xxtofl@sign                              cstackCOMRAM 000509
i2___xxtofl@val                               cstackCOMRAM 000501
i2_isdigit                                    text61       00851E
i2_isspace                                    text60       0081C6
i2_isspace$2025                               cstackCOMRAM 000507
i2isdigit@c                                   cstackCOMRAM 000501
i2isspace@c                                   cstackCOMRAM 000501
intlevel0                                     text         000000
intlevel1                                     text         000000
intlevel2                                     text         000000
intlevel3                                     text         000000
isa$std                                       (abs)        000001
isa$xinst                                     (abs)        000000
isdigit@c                                     cstackBANK5  000560
islower@c                                     cstackCOMRAM 000501
isspace@c                                     cstackBANK5  000560
isupper@c                                     cstackBANK5  000560
isxdigit@c                                    cstackCOMRAM 000501
ivt0x8_base                                   ivt0x8       000008
memset@c                                      cstackCOMRAM 000503
memset@dest                                   cstackCOMRAM 000501
memset@k                                      cstackCOMRAM 000509
memset@n                                      cstackCOMRAM 000505
memset@s                                      cstackCOMRAM 00050B
nanf@s                                        cstackCOMRAM 000501
nanf@u                                        cstackCOMRAM 000505
pad@buf                                       cstackBANK5  000572
pad@fp                                        cstackBANK5  000570
pad@i                                         cstackBANK5  000577
pad@p                                         cstackBANK5  000574
pad@w                                         cstackBANK5  000579
sprintf@ap                                    cstackBANK5  0005E0
sprintf@f                                     cstackBANK5  0005E2
sprintf@fmt                                   cstackBANK6  0006C4
sprintf@s                                     cstackBANK6  0006C2
stackhi                                       (abs)        0025FF
stacklo                                       (abs)        00079D
start                                         init         00001C
start_initialization                          cinit        00811A
strcpy@d                                      cstackBANK5  000568
strcpy@dest                                   cstackBANK5  000560
strcpy@s                                      cstackBANK5  000566
strcpy@src                                    cstackBANK5  000562
strlen@a                                      cstackBANK5  000562
strlen@s                                      cstackBANK5  000560
strncmp@_l                                    cstackBANK5  000560
strncmp@_r                                    cstackBANK5  000562
strncmp@l                                     cstackBANK5  000567
strncmp@n                                     cstackBANK5  000564
strncmp@r                                     cstackBANK5  000569
strtof@_u                                     cstackCOMRAM 00053B
strtof@digit                                  cstackCOMRAM 000535
strtof@eexp                                   cstackCOMRAM 000539
strtof@expon                                  cstackCOMRAM 000537
strtof@flags                                  cstackCOMRAM 000536
strtof@i                                      cstackCOMRAM 00053F
strtof@res                                    cstackCOMRAM 00051C
strtof@s                                      cstackCOMRAM 00051A
tolower@c                                     cstackBANK5  000566
toupper@c                                     cstackCOMRAM 000507
vfpfcnvrt@ap                                  cstackBANK6  0006BA
vfpfcnvrt@c                                   cstackBANK5  0005D6
vfpfcnvrt@ct                                  cstackBANK5  0005DB
vfpfcnvrt@f                                   cstackBANK5  0005D7
vfpfcnvrt@fmt                                 cstackBANK6  0006B8
vfpfcnvrt@fp                                  cstackBANK6  0006B6
vfprintf@ap                                   cstackBANK6  0006C0
vfprintf@cfmt                                 cstackBANK5  0005DE
vfprintf@fmt                                  cstackBANK6  0006BE
vfprintf@fp                                   cstackBANK6  0006BC


MODULE INFORMATION

Module		Function		Class		Link	Load	Size
C:\Program Files\Microchip\xc8\v2.32\pic\sources\c99\common\memset.c
		_memset        		CODE           	6F16	0000	400

C:\Program Files\Microchip\xc8\v2.32\pic\sources\c99\common\memset.c estimated size: 400

C:\Program Files\Microchip\xc8\v2.32\pic\sources\c99\common\nf_sprintf.c
		_sprintf       		CODE           	80C0	0000	90

C:\Program Files\Microchip\xc8\v2.32\pic\sources\c99\common\nf_sprintf.c estimated size: 90

C:\Program Files\Microchip\xc8\v2.32\pic\sources\c99\common\awdiv.c
		___awdiv       		CODE           	792A	0000	198

C:\Program Files\Microchip\xc8\v2.32\pic\sources\c99\common\awdiv.c estimated size: 198

C:\Program Files\Microchip\xc8\v2.32\pic\sources\c99\common\isxdigit.c
		_isxdigit      		CODE           	7DF6	0000	112

C:\Program Files\Microchip\xc8\v2.32\pic\sources\c99\common\isxdigit.c estimated size: 112

C:\Program Files\Microchip\xc8\v2.32\pic\sources\c99\common\isdigit.c
		_isdigit       		CODE           	8470	0000	58

C:\Program Files\Microchip\xc8\v2.32\pic\sources\c99\common\isdigit.c estimated size: 58

C:\Program Files\Microchip\xc8\v2.32\pic\sources\c99\common\sprcadd.c
		___flsub       		CODE           	82AC	0000	72
		___fladd       		CODE           	50C4	0000	1218

C:\Program Files\Microchip\xc8\v2.32\pic\sources\c99\common\sprcadd.c estimated size: 1290

PID.c
		_ControladorPID_Calculo		CODE           	44D0	0000	1678
		_Controlador_PID		CODE           	7D66	0000	144

PID.c estimated size: 1822

C:\Program Files\Microchip\xc8\v2.32\pic\sources\c99\common\doprnt.c
		_vfpfcnvrt     		CODE           	4B5E	0000	1382
		_efgtoa        		CODE           	3808	0000	3272
		_pad           		CODE           	7796	0000	204
		_vfprintf      		CODE           	7E66	0000	106

C:\Program Files\Microchip\xc8\v2.32\pic\sources\c99\common\doprnt.c estimated size: 4964

C:\Program Files\Microchip\xc8\v2.32\pic\sources\c99\common\flneg.c
		___flneg       		CODE           	84E4	0000	58

C:\Program Files\Microchip\xc8\v2.32\pic\sources\c99\common\flneg.c estimated size: 58

mcc_generated_files/tmr2.c
		_TMR2_Initialize		CODE           	872C	0000	30

mcc_generated_files/tmr2.c estimated size: 30

mcc_generated_files/interrupt_manager.c
		_INTERRUPT_Initialize		CODE           	87D2	0000	12
		_INTERRUPT_InterruptManagerLow		CODE           	655A	0000	638
		_INTERRUPT_InterruptManagerHigh		CODE           	71AE	0000	264

mcc_generated_files/interrupt_manager.c estimated size: 914

C:\Program Files\Microchip\xc8\v2.32\pic\sources\c99\common\nanf.c
		_nanf          		CODE           	86EC	0000	34

C:\Program Files\Microchip\xc8\v2.32\pic\sources\c99\common\nanf.c estimated size: 34

C:\Program Files\Microchip\xc8\v2.32\pic\sources\c99\common\strtof.c
		_atof          		CODE           	86A2	0000	38
		_strtof        		CODE           	262E	0000	4570

C:\Program Files\Microchip\xc8\v2.32\pic\sources\c99\common\strtof.c estimated size: 4608

mcc_generated_files/tmr0.c
		_TMR0_SetInterruptHandler		CODE           	87C4	0000	14
		_TMR0_DefaultInterruptHandler		CODE           	87E6	0000	2
		_TMR0_ISR      		CODE           	837C	0000	66
		_TMR0_Initialize		CODE           	8218	0000	76

mcc_generated_files/tmr0.c estimated size: 158

mcc_generated_files/pin_manager.c
		_PIN_MANAGER_Initialize		CODE           	7B60	0000	176

mcc_generated_files/pin_manager.c estimated size: 176

C:\Program Files\Microchip\xc8\v2.32\pic\sources\c99\common\atoi.c
		_atoi          		CODE           	69EE	0000	444

C:\Program Files\Microchip\xc8\v2.32\pic\sources\c99\common\atoi.c estimated size: 444

C:\Program Files\Microchip\xc8\v2.32\pic\sources\c99\common\nf_fputs.c
		_fputs         		CODE           	8264	0000	72

C:\Program Files\Microchip\xc8\v2.32\pic\sources\c99\common\nf_fputs.c estimated size: 72

C:\Program Files\Microchip\xc8\v2.32\pic\sources\c99\common\fleq.c
		___fleq        		CODE           	7C10	0000	172

C:\Program Files\Microchip\xc8\v2.32\pic\sources\c99\common\fleq.c estimated size: 172

C:\Program Files\Microchip\xc8\v2.32\pic\sources\c99\common\putch.c
		_putch         		CODE           	87E4	0000	2

C:\Program Files\Microchip\xc8\v2.32\pic\sources\c99\common\putch.c estimated size: 2

C:\Program Files\Microchip\xc8\v2.32\pic\sources\c99\common\__fpclassifyf.c
		___fpclassifyf 		CODE           	74C0	0000	256

C:\Program Files\Microchip\xc8\v2.32\pic\sources\c99\common\__fpclassifyf.c estimated size: 256

C:\Program Files\Microchip\xc8\v2.32\pic\sources\c99\common\isupper.c
		_isupper       		CODE           	8436	0000	58

C:\Program Files\Microchip\xc8\v2.32\pic\sources\c99\common\isupper.c estimated size: 58

C:\Program Files\Microchip\xc8\v2.32\pic\sources\c99\common\Umul16.c
		___wmul        		CODE           	85FA	0000	44

C:\Program Files\Microchip\xc8\v2.32\pic\sources\c99\common\Umul16.c estimated size: 44

C:\Program Files\Microchip\xc8\v2.32\pic\sources\c99\common\isspace.c
		_isspace       		CODE           	8172	0000	84

C:\Program Files\Microchip\xc8\v2.32\pic\sources\c99\common\isspace.c estimated size: 84

mcc_generated_files/uart1.c
		_UART1_Write   		CODE           	8004	0000	94
		_UART1_SetFramingErrorHandler		CODE           	87A8	0000	14
		_UART1_SetOverrunErrorHandler		CODE           	879A	0000	14
		_UART1_Receive_ISR		CODE           	7862	0000	200
		_UART1_SetRxInterruptHandler		CODE           	878C	0000	14
		_UART1_SetTxInterruptHandler		CODE           	877E	0000	14
		_UART1_Initialize		CODE           	79F0	0000	190
		_UART1_SetErrorHandler		CODE           	87B6	0000	14
		_UART1_Transmit_ISR		CODE           	82F4	0000	70
		_UART_Print_String		CODE           	833A	0000	66
		_UART1_DefaultFramingErrorHandler		CODE           	87EA	0000	2
		_UART1_DefaultErrorHandler		CODE           	87DE	0000	6
		_UART1_RxDataHandler		CODE           	8626	0000	44
		_UART1_DefaultOverrunErrorHandler		CODE           	87E8	0000	2

mcc_generated_files/uart1.c estimated size: 744

C:\Program Files\Microchip\xc8\v2.32\pic\sources\c99\common\islower.c
		_islower       		CODE           	858E	0000	56

C:\Program Files\Microchip\xc8\v2.32\pic\sources\c99\common\islower.c estimated size: 56

C:\Program Files\Microchip\xc8\v2.32\pic\sources\c99\common\strncmp.c
		_strncmp       		CODE           	75C0	0000	252

C:\Program Files\Microchip\xc8\v2.32\pic\sources\c99\common\strncmp.c estimated size: 252

C:\Program Files\Microchip\xc8\v2.32\pic\sources\c99\common\tolower.c
		_tolower       		CODE           	7FA2	0000	98

C:\Program Files\Microchip\xc8\v2.32\pic\sources\c99\common\tolower.c estimated size: 98

shared
		i2___fleq      		CODE           	7CBC	0000	170
		i2_isspace     		CODE           	81C6	0000	82
		i2_isdigit     		CODE           	851E	0000	56
		i2___flneg     		CODE           	8556	0000	56
		i2___wmul      		CODE           	8652	0000	42
		i2___fldiv     		CODE           	61C0	0000	922
		__initialization		CODE           	811A	0000	82
		i2___flge      		CODE           	73BC	0000	260
		i2___flmul     		CODE           	59D6	0000	1102
		i2___xxtofl    		CODE           	6D62	0000	436

shared estimated size: 3208

C:\Program Files\Microchip\xc8\v2.32\pic\sources\c99\common\sprcmul.c
		___flmul       		CODE           	5586	0000	1104

C:\Program Files\Microchip\xc8\v2.32\pic\sources\c99\common\sprcmul.c estimated size: 1104

C:\Program Files\Microchip\xc8\v2.32\pic\sources\c99\common\awmod.c
		___awmod       		CODE           	7AAE	0000	178

C:\Program Files\Microchip\xc8\v2.32\pic\sources\c99\common\awmod.c estimated size: 178

mcc_generated_files/mcc.c
		_PMD_Initialize		CODE           	86C8	0000	36
		_OSCILLATOR_Initialize		CODE           	874A	0000	28
		_SYSTEM_Initialize		CODE           	867C	0000	38

mcc_generated_files/mcc.c estimated size: 102

C:\Program Files\Microchip\xc8\v2.32\pic\sources\c99\common\sprcdiv.c
		___fldiv       		CODE           	5E24	0000	924

C:\Program Files\Microchip\xc8\v2.32\pic\sources\c99\common\sprcdiv.c estimated size: 924

C:\Program Files\Microchip\xc8\v2.32\pic\sources\c99\common\toupper.c
		_toupper       		CODE           	8062	0000	94

C:\Program Files\Microchip\xc8\v2.32\pic\sources\c99\common\toupper.c estimated size: 94

mcc_generated_files/tmr1.c
		_TMR1_Initialize		CODE           	83FC	0000	58

mcc_generated_files/tmr1.c estimated size: 58

mcc_generated_files/pwm1.c
		_PWM1_Initialize		CODE           	8766	0000	24
		_PWM1_LoadDutyValue		CODE           	84AA	0000	58

mcc_generated_files/pwm1.c estimated size: 82

C:\Program Files\Microchip\xc8\v2.32\pic\sources\c99\common\Umul32.c
		___lmul        		CODE           	7ED0	0000	106

C:\Program Files\Microchip\xc8\v2.32\pic\sources\c99\common\Umul32.c estimated size: 106

C:\Program Files\Microchip\xc8\v2.32\pic\sources\c99\common\fltol.c
		___fltol       		CODE           	70A6	0000	264

C:\Program Files\Microchip\xc8\v2.32\pic\sources\c99\common\fltol.c estimated size: 264

C:\Program Files\Microchip\xc8\v2.32\pic\sources\c99\common\xxtofl.c
		___xxtofl      		CODE           	6BAA	0000	440

C:\Program Files\Microchip\xc8\v2.32\pic\sources\c99\common\xxtofl.c estimated size: 440

C:\Program Files\Microchip\xc8\v2.32\pic\sources\c99\common\nf_fputc.c
		_fputc         		CODE           	76BC	0000	218

C:\Program Files\Microchip\xc8\v2.32\pic\sources\c99\common\nf_fputc.c estimated size: 218

main.c
		_main          		CODE           	870E	0000	30

main.c estimated size: 30

C:\Program Files\Microchip\xc8\v2.32\pic\sources\c99\common\strlen.c
		_strlen        		CODE           	83BE	0000	62

C:\Program Files\Microchip\xc8\v2.32\pic\sources\c99\common\strlen.c estimated size: 62

C:\Program Files\Microchip\xc8\v2.32\pic\sources\c99\common\flge.c
		___flge        		CODE           	72B6	0000	262

C:\Program Files\Microchip\xc8\v2.32\pic\sources\c99\common\flge.c estimated size: 262

C:\Program Files\Microchip\xc8\v2.32\pic\sources\c99\common\floorf.c
		_floorf        		CODE           	67D8	0000	534

C:\Program Files\Microchip\xc8\v2.32\pic\sources\c99\common\floorf.c estimated size: 534

C:\Program Files\Microchip\xc8\v2.32\pic\sources\c99\common\strcpy.c
		_strcpy        		CODE           	7F3A	0000	104

C:\Program Files\Microchip\xc8\v2.32\pic\sources\c99\common\strcpy.c estimated size: 104

