Microchip MPLAB XC8 Compiler V2.32

Linker command line:

-W-3 --edf=C:\Program Files\Microchip\xc8\v2.32\pic\dat\en_msgs.txt -cn \
  -h+dist/default/production\Ejemplo3_LCD_4550.X.production.sym \
  --cmf=dist/default/production\Ejemplo3_LCD_4550.X.production.cmf -z \
  -Q18F4550 -oC:\Users\HP\AppData\Local\Temp\xcAso6s.4 \
  --defsym=__MPLAB_BUILD=1 \
  -Mdist/default/production/Ejemplo3_LCD_4550.X.production.map -E1 \
  -ver=XC8 Compiler --acfsm=1493 -ASTACK=060h-07FFh -pstack=STACK \
  -ACODE=00h-07FFFh -ACONST=00h-07FFFh -ASMALLCONST=0800h-08FFhx120 \
  -AMEDIUMCONST=0800h-07FFFh -ACOMRAM=01h-05Fh -AABS1=00h-07FFh \
  -ABIGRAM=01h-07FFh -ARAM=060h-0FFh,0100h-01FFhx7 -ABANK0=060h-0FFh \
  -ABANK1=0100h-01FFh -ABANK2=0200h-02FFh -ABANK3=0300h-03FFh \
  -ABANK4=0400h-04FFh -ABANK5=0500h-05FFh -ABANK6=0600h-06FFh \
  -ABANK7=0700h-07FFh -ASFR=0F60h-0FFFh -ACONFIG=0300000h-030000Dh \
  -AIDLOC=0200000h-0200007h -AEEDATA=0F00000h-0F000FFh -peeprom_data=EEDATA \
  -preset_vec=00h,intcode,intcodelo,powerup,init -pramtop=0800h \
  -psmallconst=SMALLCONST -pmediumconst=MEDIUMCONST -pconst=CONST \
  -AFARRAM=00h-00h \
  -prdata=COMRAM,nvrram=COMRAM,nvbit=COMRAM,rbss=COMRAM,rbit=COMRAM \
  -pfarbss=FARRAM,fardata=FARRAM,nvFARRAM=FARRAM \
  -pintsave_regs=BIGRAM,bigbss=BIGRAM,bigdata=BIGRAM -pbss=RAM \
  -pidata=CODE,irdata=CODE,ibigdata=CODE,ifardata=CODE -prparam=COMRAM \
  C:\Users\HP\AppData\Local\Temp\xcAso6s.o \
  dist/default/production\Ejemplo3_LCD_4550.X.production.o 

Object code version is 3.11

Machine type is 18F4550



                Name                               Link     Load   Length Selector   Space Scale
C:\Users\HP\AppData\Local\Temp\xcAso6s.o
                idloc                            200000   200000        8        0       5
                config                           300000   300000        E        0       4
                init                                  0        0        4        0       0
dist/default/production\Ejemplo3_LCD_4550.X.production.o
                idloc                            200000   200000        8        0       5
                config                           300000   300000        E        0       4
                smallconst                          800      800       58      400       0
                text11                              F30      F30        6      42C       0
                text10                              DCC      DCC       5C      42C       0
                text9                               EB8      EB8       1E      42C       0
                text8                               F16      F16       10      42C       0
                text7                               F06      F06       10      42C       0
                text6                               E28      E28       52      42C       0
                text5                               858      858      2D8      42C       0
                text4                               CA8      CA8      124      42C       0
                text3                               ED6      ED6       1C      42C       0
                text2                               E7A      E7A       3E      42C       0
                text1                               EF2      EF2       14      42C       0
                text0                               B30      B30      178      42C       0
                cstackCOMRAM                          1        1       17        1       1
                cinit                               F26      F26        A      42C       0

TOTAL           Name                               Link     Load   Length     Space
        CLASS   STACK          

        CLASS   CODE           
                init                                  0        0        4         0
                text11                              F30      F30        6         0
                text10                              DCC      DCC       5C         0
                text9                               EB8      EB8       1E         0
                text8                               F16      F16       10         0
                text7                               F06      F06       10         0
                text6                               E28      E28       52         0
                text5                               858      858      2D8         0
                text4                               CA8      CA8      124         0
                text3                               ED6      ED6       1C         0
                text2                               E7A      E7A       3E         0
                text1                               EF2      EF2       14         0
                text0                               B30      B30      178         0
                cinit                               F26      F26        A         0

        CLASS   CONST          

        CLASS   SMALLCONST     
                smallconst                          800      800       58         0

        CLASS   MEDIUMCONST    

        CLASS   COMRAM         
                cstackCOMRAM                          1        1       17         1

        CLASS   ABS1           

        CLASS   BIGRAM         

        CLASS   RAM            

        CLASS   BANK0          

        CLASS   BANK1          

        CLASS   BANK2          

        CLASS   BANK3          

        CLASS   BANK4          

        CLASS   BANK5          

        CLASS   BANK6          

        CLASS   BANK7          

        CLASS   SFR            

        CLASS   CONFIG         
                config                           300000   300000        E         4

        CLASS   IDLOC          
                idloc                            200000   200000        8         5

        CLASS   EEDATA         

        CLASS   FARRAM         



SEGMENTS        Name                           Load    Length   Top    Selector   Space  Class

                reset_vec                      000000  000004  000004         0       0  CODE    
                cstackCOMRAM                   000001  000017  000018         1       1  COMRAM  
                smallconst                     000800  000058  000858       400       0  SMALLCON
                text5                          000858  0006DE  000F36       42C       0  CODE    


UNUSED ADDRESS RANGES

        Name                Unused          Largest block    Delta
        BANK0            000060-0000FF               A0
        BANK1            000100-0001FF              100
        BANK2            000200-0002FF              100
        BANK3            000300-0003FF              100
        BANK4            000400-0004FF              100
        BANK5            000500-0005FF              100
        BANK6            000600-0006FF              100
        BANK7            000700-0007FF              100
        BIGRAM           000018-0007FF              7E8
        CODE             000004-0007FF              7FC
                         000F36-007FFF             70CA
        COMRAM           000018-00005F               48
        CONST            000004-0007FF              7FC
                         000F36-007FFF             70CA
        EEDATA           F00000-F000FF              100
        MEDIUMCONST      000F36-007FFF             70CA
        RAM              000060-0007FF              100
        SFR              000F60-000FFF               A0
        SMALLCONST       000F36-007FFF              100
        STACK            000060-0007FF              7A0

                                  Symbol Table

LCD_PIC_Char@c                   cstackCOMRAM 000006
LCD_PIC_Char@m                   cstackCOMRAM 000004
LCD_PIC_Char@n                   cstackCOMRAM 000005
LCD_PIC_Cmd@a                    cstackCOMRAM 000003
LCD_PIC_DataBus@a                cstackCOMRAM 000001
LCD_PIC_New_Char@a               cstackCOMRAM 00000E
LCD_PIC_New_Char@b               cstackCOMRAM 000004
LCD_PIC_New_Char@c               cstackCOMRAM 000005
LCD_PIC_New_Char@d               cstackCOMRAM 000006
LCD_PIC_New_Char@e               cstackCOMRAM 000007
LCD_PIC_New_Char@f               cstackCOMRAM 000008
LCD_PIC_New_Char@g               cstackCOMRAM 000009
LCD_PIC_New_Char@h               cstackCOMRAM 00000A
LCD_PIC_New_Char@i               cstackCOMRAM 00000B
LCD_PIC_New_Char@m               cstackCOMRAM 00000F
LCD_PIC_New_Char@n               cstackCOMRAM 000010
LCD_PIC_SetCursor@m              cstackCOMRAM 000008
LCD_PIC_SetCursor@n              cstackCOMRAM 000009
LCD_PIC_SetCursor@x              cstackCOMRAM 00000A
LCD_PIC_SetCursor@y              cstackCOMRAM 000004
LCD_PIC_String@a                 cstackCOMRAM 000007
LCD_PIC_String@ptr               cstackCOMRAM 000009
LCD_PIC_Write_New_Char@a         cstackCOMRAM 000004
_ConfigClock                     text11       000F30
_LATD                            (abs)        000F8C
_LATDbits                        (abs)        000F8C
_LCD_PIC_Char                    text3        000ED6
_LCD_PIC_Clear                   text8        000F16
_LCD_PIC_Cmd                     text9        000EB8
_LCD_PIC_DataBus                 text10       000DCC
_LCD_PIC_Home                    text7        000F06
_LCD_PIC_Init                    text6        000E28
_LCD_PIC_New_Char                text5        000858
_LCD_PIC_SetCursor               text4        000CA8
_LCD_PIC_String                  text2        000E7A
_LCD_PIC_Write_New_Char          text1        000EF2
_OSCCONbits                      (abs)        000FD3
_TRISD                           (abs)        000F95
__HRAM                           (abs)        000000
__Habs1                          abs1         000000
__Hbank0                         bank0        000000
__Hbank1                         bank1        000000
__Hbank2                         bank2        000000
__Hbank3                         bank3        000000
__Hbank4                         bank4        000000
__Hbank5                         bank5        000000
__Hbank6                         bank6        000000
__Hbank7                         bank7        000000
__Hbigbss                        bigbss       000000
__Hbigdata                       bigdata      000000
__Hbigram                        bigram       000000
__Hbss                           bss          000000
__Hcinit                         cinit        000000
__Hclrtext                       clrtext      000000
__Hcomram                        comram       000000
__Hconfig                        config       30000E
__Hconst                         const        000000
__HcstackCOMRAM                  cstackCOMRAM 000000
__Hdata                          data         000000
__Heeprom_data                   eeprom_data  000000
__Hfarbss                        farbss       000000
__Hfardata                       fardata      000000
__Hibigdata                      ibigdata     000000
__Hidata                         idata        000000
__Hidloc                         idloc        200008
__Hifardata                      ifardata     000000
__Hinit                          init         000004
__Hintcode                       intcode      000000
__Hintcode_body                  intcode_body 000000
__Hintcodelo                     intcodelo    000000
__Hintentry                      intentry     000000
__Hintret                        intret       000000
__Hintsave_regs                  intsave_regs 000000
__Hirdata                        irdata       000000
__Hmediumconst                   mediumconst  000000
__HnvFARRAM                      nvFARRAM     000000
__Hnvbit                         nvbit        000000
__Hnvrram                        nvrram       000000
__Hparam                         rparam       000000
__Hpowerup                       powerup      000000
__Hram                           ram          000000
__Hramtop                        ramtop       000800
__Hrbit                          rbit         000000
__Hrbss                          rbss         000000
__Hrdata                         rdata        000000
__Hreset_vec                     reset_vec    000000
__Hrparam                        rparam       000000
__Hsfr                           sfr          000000
__Hsmallconst                    smallconst   000858
__Hspace_0                       (abs)        000F36
__Hspace_1                       (abs)        000018
__Hspace_2                       (abs)        000000
__Hspace_4                       (abs)        60000E
__Hstack                         stack        000000
__Hstruct                        struct       000000
__Htemp                          temp         000000
__Htext                          text         000000
__Htext0                         text0        000000
__Htext1                         text1        000000
__Htext10                        text10       000000
__Htext11                        text11       000000
__Htext2                         text2        000000
__Htext3                         text3        000000
__Htext4                         text4        000000
__Htext5                         text5        000000
__Htext6                         text6        000000
__Htext7                         text7        000000
__Htext8                         text8        000000
__Htext9                         text9        000000
__LRAM                           (abs)        000001
__Labs1                          abs1         000000
__Lbank0                         bank0        000000
__Lbank1                         bank1        000000
__Lbank2                         bank2        000000
__Lbank3                         bank3        000000
__Lbank4                         bank4        000000
__Lbank5                         bank5        000000
__Lbank6                         bank6        000000
__Lbank7                         bank7        000000
__Lbigbss                        bigbss       000000
__Lbigdata                       bigdata      000000
__Lbigram                        bigram       000000
__Lbss                           bss          000000
__Lcinit                         cinit        000000
__Lclrtext                       clrtext      000000
__Lcomram                        comram       000000
__Lconfig                        config       000000
__Lconst                         const        000000
__LcstackCOMRAM                  cstackCOMRAM 000000
__Ldata                          data         000000
__Leeprom_data                   eeprom_data  000000
__Lfarbss                        farbss       000000
__Lfardata                       fardata      000000
__Libigdata                      ibigdata     000000
__Lidata                         idata        000000
__Lidloc                         idloc        000000
__Lifardata                      ifardata     000000
__Linit                          init         000000
__Lintcode                       intcode      000000
__Lintcode_body                  intcode_body 000000
__Lintcodelo                     intcodelo    000000
__Lintentry                      intentry     000000
__Lintret                        intret       000000
__Lintsave_regs                  intsave_regs 000000
__Lirdata                        irdata       000000
__Lmediumconst                   mediumconst  000000
__LnvFARRAM                      nvFARRAM     000000
__Lnvbit                         nvbit        000000
__Lnvrram                        nvrram       000000
__Lparam                         rparam       000000
__Lpowerup                       powerup      000000
__Lram                           ram          000000
__Lramtop                        ramtop       000800
__Lrbit                          rbit         000000
__Lrbss                          rbss         000000
__Lrdata                         rdata        000000
__Lreset_vec                     reset_vec    000000
__Lrparam                        rparam       000000
__Lsfr                           sfr          000000
__Lsmallconst                    smallconst   000800
__Lspace_0                       (abs)        000000
__Lspace_1                       (abs)        000000
__Lspace_2                       (abs)        000000
__Lspace_4                       (abs)        000000
__Lstack                         stack        000000
__Lstruct                        struct       000000
__Ltemp                          temp         000000
__Ltext                          text         000000
__Ltext0                         text0        000000
__Ltext1                         text1        000000
__Ltext10                        text10       000000
__Ltext11                        text11       000000
__Ltext2                         text2        000000
__Ltext3                         text3        000000
__Ltext4                         text4        000000
__Ltext5                         text5        000000
__Ltext6                         text6        000000
__Ltext7                         text7        000000
__Ltext8                         text8        000000
__Ltext9                         text9        000000
__S0                             (abs)        000F36
__S1                             (abs)        000018
__S2                             (abs)        000000
__S4                             (abs)        000000
__S5                             (abs)        000000
___inthi_sp                      stack        000000
___intlo_sp                      stack        000000
___param_bank                    (abs)        000000
___rparam_used                   (abs)        000001
___sp                            stack        000000
__accesstop                      (abs)        000060
__activetblptr                   (abs)        000002
__end_of_ConfigClock             text11       000F36
__end_of_LCD_PIC_Char            text3        000EF2
__end_of_LCD_PIC_Clear           text8        000F26
__end_of_LCD_PIC_Cmd             text9        000ED6
__end_of_LCD_PIC_DataBus         text10       000E28
__end_of_LCD_PIC_Home            text7        000F16
__end_of_LCD_PIC_Init            text6        000E7A
__end_of_LCD_PIC_New_Char        text5        000B30
__end_of_LCD_PIC_SetCursor       text4        000DCC
__end_of_LCD_PIC_String          text2        000EB8
__end_of_LCD_PIC_Write_New_Char  text1        000F06
__end_of__initialization         cinit        000F26
__end_of_main                    text0        000CA8
__initialization                 cinit        000F26
__mediumconst                    mediumconst  000000
__pcinit                         cinit        000F26
__pcstackCOMRAM                  cstackCOMRAM 000001
__psmallconst                    smallconst   000800
__ptext0                         text0        000B30
__ptext1                         text1        000EF2
__ptext10                        text10       000DCC
__ptext11                        text11       000F30
__ptext2                         text2        000E7A
__ptext3                         text3        000ED6
__ptext4                         text4        000CA8
__ptext5                         text5        000858
__ptext6                         text6        000E28
__ptext7                         text7        000F06
__ptext8                         text8        000F16
__ptext9                         text9        000EB8
__ramtop                         ramtop       000800
__size_of_ConfigClock            (abs)        000000
__size_of_LCD_PIC_Char           (abs)        000000
__size_of_LCD_PIC_Clear          (abs)        000000
__size_of_LCD_PIC_Cmd            (abs)        000000
__size_of_LCD_PIC_DataBus        (abs)        000000
__size_of_LCD_PIC_Home           (abs)        000000
__size_of_LCD_PIC_Init           (abs)        000000
__size_of_LCD_PIC_New_Char       (abs)        000000
__size_of_LCD_PIC_SetCursor      (abs)        000000
__size_of_LCD_PIC_String         (abs)        000000
__size_of_LCD_PIC_Write_New_Char (abs)        000000
__size_of_main                   (abs)        000000
__smallconst                     smallconst   000800
_main                            text0        000B30
end_of_initialization            cinit        000F26
intlevel0                        text         000000
intlevel1                        text         000000
intlevel2                        text         000000
intlevel3                        text         000000
isa$std                          (abs)        000001
isa$xinst                        (abs)        000000
stackhi                          (abs)        0007FF
stacklo                          (abs)        000060
start                            init         000000
start_initialization             cinit        000F26


MODULE INFORMATION

Module		Function		Class		Link	Load	Size
LCD_PIC.c
		_LCD_PIC_Cmd   		CODE           	0EB8	0000	30
		_LCD_PIC_Write_New_Char		CODE           	0EF2	0000	20
		_LCD_PIC_Home  		CODE           	0F06	0000	16
		_LCD_PIC_Char  		CODE           	0ED6	0000	28
		_LCD_PIC_Init  		CODE           	0E28	0000	82
		_LCD_PIC_New_Char		CODE           	0858	0000	728
		_LCD_PIC_Clear 		CODE           	0F16	0000	16
		_LCD_PIC_String		CODE           	0E7A	0000	62
		_LCD_PIC_SetCursor		CODE           	0CA8	0000	292
		_LCD_PIC_DataBus		CODE           	0DCC	0000	92

LCD_PIC.c estimated size: 1366

Configuracion.c
		_ConfigClock   		CODE           	0F30	0000	6

Configuracion.c estimated size: 6

Main.c
		_main          		CODE           	0B30	0000	376

Main.c estimated size: 376

shared
		__initialization		CODE           	0F26	0000	1

shared estimated size: 1

