Microchip MPLAB XC8 Compiler V2.32

Linker command line:

-W-3 --edf=C:\Program Files\Microchip\xc8\v2.32\pic\dat\en_msgs.txt \
  -pivt0x400=0400h -cn \
  -h+dist/default/production\Ejemplo10_ADC.X.production.sym \
  --cmf=dist/default/production\Ejemplo10_ADC.X.production.cmf -z \
  -Q18F57Q43 -oC:\Users\HP\AppData\Local\Temp\xcAs11q4.4 \
  --defsym=__MPLAB_BUILD=1 \
  -Mdist/default/production/Ejemplo10_ADC.X.production.map -E1 \
  -ver=XC8 Compiler --acfsm=1493 -ASTACK=05AFh-024FFh -pstack=STACK \
  -ACODE=00h-01FFFFh -ACONST=00h-01FFFFh -ASMALLCONST=02500h-025FFhx475 \
  -AMEDIUMCONST=02500h-0FFFFh,012500h-01FFFFh -ACOMRAM=0501h-055Fh \
  -AABS1=0500h-024FFh -ABIGRAM=0501h-024FFh \
  -ARAM=0560h-05FFh,0600h-06FFhx31 -ABANK5=0560h-05FFh -ABANK6=0600h-06FFh \
  -ABANK7=0700h-07FFh -ABANK8=0800h-08FFh -ABANK9=0900h-09FFh \
  -ABANK10=0A00h-0AFFh -ABANK11=0B00h-0BFFh -ABANK12=0C00h-0CFFh \
  -ABANK13=0D00h-0DFFh -ABANK14=0E00h-0EFFh -ABANK15=0F00h-0FFFh \
  -ABANK16=01000h-010FFh -ABANK17=01100h-011FFh -ABANK18=01200h-012FFh \
  -ABANK19=01300h-013FFh -ABANK20=01400h-014FFh -ABANK21=01500h-015FFh \
  -ABANK22=01600h-016FFh -ABANK23=01700h-017FFh -ABANK24=01800h-018FFh \
  -ABANK25=01900h-019FFh -ABANK26=01A00h-01AFFh -ABANK27=01B00h-01BFFh \
  -ABANK28=01C00h-01CFFh -ABANK29=01D00h-01DFFh -ABANK30=01E00h-01EFFh \
  -ABANK31=01F00h-01FFFh -ABANK32=02000h-020FFh -ABANK33=02100h-021FFh \
  -ABANK34=02200h-022FFh -ABANK35=02300h-023FFh -ABANK36=02400h-024FFh \
  -ASFR=00h-0FFhx4,0400h-045Fh,0460h-04FFh,02500h-025FFh \
  -ACONFIG=0300000h-0300011h -AIDLOC=0200000h-020003Fh \
  -AEEDATA=0380000h-03803FFh -peeprom_data=EEDATA -preset_vec=00h \
  -ppowerup=CODE,init -pramtop=02500h -psmallconst=SMALLCONST \
  -pmediumconst=MEDIUMCONST -pconst=CONST -AFARRAM=00h-00h \
  -prdata=COMRAM,nvrram=COMRAM,nvbit=COMRAM,rbss=COMRAM,rbit=COMRAM \
  -pfarbss=FARRAM,fardata=FARRAM,nvFARRAM=FARRAM \
  -pintsave_regs=BIGRAM,bigbss=BIGRAM,bigdata=BIGRAM -pbss=RAM \
  -pidata=CODE,irdata=CODE,ibigdata=CODE,ifardata=CODE -prparam=COMRAM \
  C:\Users\HP\AppData\Local\Temp\xcAs11q4.o \
  dist/default/production\Ejemplo10_ADC.X.production.o 

Object code version is 3.11

Machine type is 18F57Q43



                Name                               Link     Load   Length Selector   Space Scale
C:\Users\HP\AppData\Local\Temp\xcAs11q4.o
                idloc                            200000   200000       40        0       5
                config                           300000   300000        A        0       4
                init                                4FA      4FA        4      200       0
                reset_vec                             0        0        4        0       0
dist/default/production\Ejemplo10_ADC.X.production.o
                idloc                            200000   200000       40        0       5
                config                           300000   300000        A        0       4
                smallconst                         2500     2500       24     1280       0
                ivt0x400                            400      400       FA      200       0
                text26                             3AEE     3AEE       1A     1292       0
                text25                             38F2     38F2       4E     1292       0
                text24                             37FC     37FC       8C     1292       0
                text23                             3B30     3B30        2     1292       0
                text22                             3A8C     3A8C       26     1292       0
                text21                             3A36     3A36       2E     1292       0
                text20                             3B18     3B18        C     1292       0
                text19                             3B08     3B08       10     1292       0
                text18                             3AB2     3AB2       22     1292       0
                text17                             3A06     3A06       30     1292       0
                text16                             2972     2972      39C     1292       0
                text15                             2524     2524      44E     1292       0
                text14                             3174     3174      1B4     1292       0
                text13                             3AD4     3AD4       1A     1292       0
                text12                             3B24     3B24        A     1292       0
                text11                             3766     3766       96     1292       0
                text10                             3500     3500       D4     1292       0
                text9                              3328     3328       F0     1292       0
                text8                              35D4     35D4       D0     1292       0
                text7                              3988     3988       44     1292       0
                text6                              39CC     39CC       3A     1292       0
                text5                              36A4     36A4       C2     1292       0
                text4                              2F74     2F74      200     1292       0
                text3                              2D0E     2D0E      266     1292       0
                text2                              3888     3888       6A     1292       0
                text1                              3A64     3A64       28     1292       0
                text0                              3418     3418       E8     1292       0
                cstackCOMRAM                        501      501       4A      501       1
                cstackBANK5                         560      560       26      560       1
                bssBANK5                            586      586       23      560       1
                dataCOMRAM                          553      553        2      501       1
                bssCOMRAM                           54B      54B        8      501       1
                cinit                              3940     3940       48     1292       0
                nvBANK5                             5A9      5A9        6      560       1
                idataCOMRAM                        3B2E     3B2E        2     1292       0

TOTAL           Name                               Link     Load   Length     Space
        CLASS   STACK          

        CLASS   CODE           
                init                                4FA      4FA        4         0
                reset_vec                             0        0        4         0
                ivt0x400                            400      400       FA         0
                text26                             3AEE     3AEE       1A         0
                text25                             38F2     38F2       4E         0
                text24                             37FC     37FC       8C         0
                text23                             3B30     3B30        2         0
                text22                             3A8C     3A8C       26         0
                text21                             3A36     3A36       2E         0
                text20                             3B18     3B18        C         0
                text19                             3B08     3B08       10         0
                text18                             3AB2     3AB2       22         0
                text17                             3A06     3A06       30         0
                text16                             2972     2972      39C         0
                text15                             2524     2524      44E         0
                text14                             3174     3174      1B4         0
                text13                             3AD4     3AD4       1A         0
                text12                             3B24     3B24        A         0
                text11                             3766     3766       96         0
                text10                             3500     3500       D4         0
                text9                              3328     3328       F0         0
                text8                              35D4     35D4       D0         0
                text7                              3988     3988       44         0
                text6                              39CC     39CC       3A         0
                text5                              36A4     36A4       C2         0
                text4                              2F74     2F74      200         0
                text3                              2D0E     2D0E      266         0
                text2                              3888     3888       6A         0
                text1                              3A64     3A64       28         0
                text0                              3418     3418       E8         0
                cinit                              3940     3940       48         0
                idataCOMRAM                        3B2E     3B2E        2         0

        CLASS   CONST          

        CLASS   SMALLCONST     
                smallconst                         2500     2500       24         0

        CLASS   MEDIUMCONST    

        CLASS   COMRAM         
                cstackCOMRAM                        501      501       4A         1
                dataCOMRAM                          553      553        2         1
                bssCOMRAM                           54B      54B        8         1

        CLASS   ABS1           

        CLASS   BIGRAM         

        CLASS   RAM            

        CLASS   BANK5          
                cstackBANK5                         560      560       26         1
                bssBANK5                            586      586       23         1
                nvBANK5                             5A9      5A9        6         1

        CLASS   BANK6          

        CLASS   BANK7          

        CLASS   BANK8          

        CLASS   BANK9          

        CLASS   BANK10         

        CLASS   BANK11         

        CLASS   BANK12         

        CLASS   BANK13         

        CLASS   BANK14         

        CLASS   BANK15         

        CLASS   BANK16         

        CLASS   BANK17         

        CLASS   BANK18         

        CLASS   BANK19         

        CLASS   BANK20         

        CLASS   BANK21         

        CLASS   BANK22         

        CLASS   BANK23         

        CLASS   BANK24         

        CLASS   BANK25         

        CLASS   BANK26         

        CLASS   BANK27         

        CLASS   BANK28         

        CLASS   BANK29         

        CLASS   BANK30         

        CLASS   BANK31         

        CLASS   BANK32         

        CLASS   BANK33         

        CLASS   BANK34         

        CLASS   BANK35         

        CLASS   BANK36         

        CLASS   SFR            

        CLASS   CONFIG         
                config                           300000   300000        A         4

        CLASS   IDLOC          
                idloc                            200000   200000       40         5

        CLASS   EEDATA         

        CLASS   FARRAM         



SEGMENTS        Name                           Load    Length   Top    Selector   Space  Class

                reset_vec                      000000  000004  000004         0       0  CODE    
                ivt0x400                       000400  0000FE  0004FE       200       0  CODE    
                cstackCOMRAM                   000501  000054  000555       501       1  COMRAM  
                cstackBANK5                    000560  00004F  0005AF       560       1  BANK5   
                smallconst                     002500  000024  002524      1280       0  SMALLCON
                text15                         002524  00160E  003B32      1292       0  CODE    


UNUSED ADDRESS RANGES

        Name                Unused          Largest block    Delta
        BANK10           000A00-000AFF              100
        BANK11           000B00-000BFF              100
        BANK12           000C00-000CFF              100
        BANK13           000D00-000DFF              100
        BANK14           000E00-000EFF              100
        BANK15           000F00-000FFF              100
        BANK16           001000-0010FF              100
        BANK17           001100-0011FF              100
        BANK18           001200-0012FF              100
        BANK19           001300-0013FF              100
        BANK20           001400-0014FF              100
        BANK21           001500-0015FF              100
        BANK22           001600-0016FF              100
        BANK23           001700-0017FF              100
        BANK24           001800-0018FF              100
        BANK25           001900-0019FF              100
        BANK26           001A00-001AFF              100
        BANK27           001B00-001BFF              100
        BANK28           001C00-001CFF              100
        BANK29           001D00-001DFF              100
        BANK30           001E00-001EFF              100
        BANK31           001F00-001FFF              100
        BANK32           002000-0020FF              100
        BANK33           002100-0021FF              100
        BANK34           002200-0022FF              100
        BANK35           002300-0023FF              100
        BANK36           002400-0024FF              100
        BANK5            0005AF-0005FF               51
        BANK6            000600-0006FF              100
        BANK7            000700-0007FF              100
        BANK8            000800-0008FF              100
        BANK9            000900-0009FF              100
        BIGRAM           000555-00055F                B
                         0005AF-0024FF             1F51
        CODE             000004-0003FF              3FC
                         0004FE-0024FF             2002
                         003B32-01FFFF            1C4CE
        COMRAM           000555-00055F                B
        CONFIG           30000A-300011                8
        CONST            000004-0003FF              3FC
                         0004FE-0024FF             2002
                         003B32-01FFFF            1C4CE
        EEDATA           380000-3803FF              400
        MEDIUMCONST      003B32-00FFFF             C4CE
                         012500-01FFFF             DB00
        RAM              0005AF-0024FF              100
        SFR              000000-0004FF              100
                         002500-0025FF              100
        SMALLCONST       003B32-01FFFF              100
        STACK            0005AF-0024FF             1F51

                                  Symbol Table

?_AnalogRead                cstackCOMRAM 00050C
?___fldiv                   cstackCOMRAM 000533
?___flmul                   cstackCOMRAM 00051A
?___lodiv                   cstackCOMRAM 00050C
?___lomod                   cstackCOMRAM 00050C
?___xxtofl                  cstackCOMRAM 00050C
?_ctoa                      cstackCOMRAM 000517
?_pad                       cstackCOMRAM 00051E
?_printf                    cstackBANK5  000579
?_strlen                    cstackCOMRAM 00050C
?_utoa                      cstackCOMRAM 000529
?_vfpfcnvrt                 cstackBANK5  000560
?_vfprintf                  cstackBANK5  000573
AnalogRead@Anx              cstackCOMRAM 000510
IVTBASEH                    (abs)        00045E
IVTBASEL                    (abs)        00045D
IVTBASEU                    (abs)        00045F
UART_Init@baudios           cstackCOMRAM 00050C
UART_Print_Char@a           cstackCOMRAM 00050C
UART_Print_String@a         cstackCOMRAM 000502
UART_Print_String@ptr       cstackCOMRAM 000504
_ADCLK                      (abs)        0003FA
_ADCON0bits                 (abs)        0003F3
_ADCON2bits                 (abs)        0003F5
_ADC_Init                   text22       003A8C
_ADPCH                      (abs)        0003EC
_ADREFbits                  (abs)        0003F8
_ADRESH                     (abs)        0003EB
_ADRESL                     (abs)        0003EA
_ANSELA                     (abs)        000400
_ANSELF                     (abs)        000428
_ANSELFbits                 (abs)        000428
_AnalogRead                 text21       003A36
_Clock_Config               text20       003B18
_Config_GPIO                text19       003B08
_INLVLF                     (abs)        00042C
_INLVLFbits                 (abs)        00042C
_INTCON0bits                (abs)        0004D6
_IPR4bits                   (abs)        000366
_IVTBASEH                   (abs)        00045E
_IVTBASEL                   (abs)        00045D
_IVTBASEU                   (abs)        00045F
_Interrupt_Config           text18       003AB2
_LATF                       (abs)        0004C3
_ODCONF                     (abs)        00042A
_ODCONFbits                 (abs)        00042A
_OSCCON1                    (abs)        0000AD
_OSCFRQ                     (abs)        0000B1
_PIE4bits                   (abs)        0004A2
_PIR4bits                   (abs)        0004B2
_RF0PPS                     (abs)        000229
_RutinaHP_ISR               text24       0037FC
_RutinaLP_ISR               text23       003B30
_SLRCONF                    (abs)        00042B
_SLRCONFbits                (abs)        00042B
_TRISA                      (abs)        0004C6
_TRISF                      (abs)        0004CB
_TRISFbits                  (abs)        0004CB
_U1BRG                      (abs)        0002AE
_U1CON0bits                 (abs)        0002AB
_U1CON1bits                 (abs)        0002AC
_U1ERRIRbits                (abs)        0002B2
_U1RXB                      (abs)        0002A1
_U1RXPPS                    (abs)        000272
_U1TXB                      (abs)        0002A3
_UART_Init                  text17       003A06
_UART_Print_Char            text13       003AD4
_UART_Print_String          text25       0038F2
_WPUF                       (abs)        000429
_WPUFbits                   (abs)        000429
__HRAM                      (abs)        000000
__Habs1                     abs1         000000
__Hbank10                   bank10       000000
__Hbank11                   bank11       000000
__Hbank12                   bank12       000000
__Hbank13                   bank13       000000
__Hbank14                   bank14       000000
__Hbank15                   bank15       000000
__Hbank16                   bank16       000000
__Hbank17                   bank17       000000
__Hbank18                   bank18       000000
__Hbank19                   bank19       000000
__Hbank20                   bank20       000000
__Hbank21                   bank21       000000
__Hbank22                   bank22       000000
__Hbank23                   bank23       000000
__Hbank24                   bank24       000000
__Hbank25                   bank25       000000
__Hbank26                   bank26       000000
__Hbank27                   bank27       000000
__Hbank28                   bank28       000000
__Hbank29                   bank29       000000
__Hbank30                   bank30       000000
__Hbank31                   bank31       000000
__Hbank32                   bank32       000000
__Hbank33                   bank33       000000
__Hbank34                   bank34       000000
__Hbank35                   bank35       000000
__Hbank36                   bank36       000000
__Hbank5                    bank5        000000
__Hbank6                    bank6        000000
__Hbank7                    bank7        000000
__Hbank8                    bank8        000000
__Hbank9                    bank9        000000
__Hbigbss                   bigbss       000000
__Hbigdata                  bigdata      000000
__Hbigram                   bigram       000000
__Hbss                      bss          000000
__HbssBANK5                 bssBANK5     000000
__HbssCOMRAM                bssCOMRAM    000000
__Hcinit                    cinit        000000
__Hclrtext                  clrtext      000000
__Hcomram                   comram       000000
__Hconfig                   config       30000A
__Hconst                    const        000000
__HcstackBANK5              cstackBANK5  000000
__HcstackCOMRAM             cstackCOMRAM 000000
__Hdata                     data         000000
__HdataCOMRAM               dataCOMRAM   000000
__Heeprom_data              eeprom_data  000000
__Hfarbss                   farbss       000000
__Hfardata                  fardata      000000
__Hibigdata                 ibigdata     000000
__Hidata                    idata        000000
__HidataCOMRAM              idataCOMRAM  000000
__Hidloc                    idloc        200040
__Hifardata                 ifardata     000000
__Hinit                     init         0004FE
__Hintsave_regs             intsave_regs 000000
__Hirdata                   irdata       000000
__Hivt0x400                 ivt0x400     0004FA
__Hmediumconst              mediumconst  000000
__HnvBANK5                  nvBANK5      000000
__HnvFARRAM                 nvFARRAM     000000
__Hnvbit                    nvbit        000000
__Hnvrram                   nvrram       000000
__Hparam                    rparam       000000
__Hpowerup                  powerup      000000
__Hram                      ram          000000
__Hramtop                   ramtop       002500
__Hrbit                     rbit         000000
__Hrbss                     rbss         000000
__Hrdata                    rdata        000000
__Hreset_vec                reset_vec    000004
__Hrparam                   rparam       000000
__Hsfr                      sfr          000000
__Hsmallconst               smallconst   002524
__Hspace_0                  (abs)        003B32
__Hspace_1                  (abs)        0005AF
__Hspace_2                  (abs)        000000
__Hspace_4                  (abs)        60000A
__Hstack                    stack        000000
__Hstruct                   struct       000000
__Htemp                     temp         000000
__Htext                     text         000000
__Htext0                    text0        000000
__Htext1                    text1        000000
__Htext10                   text10       000000
__Htext11                   text11       000000
__Htext12                   text12       000000
__Htext13                   text13       000000
__Htext14                   text14       000000
__Htext15                   text15       000000
__Htext16                   text16       000000
__Htext17                   text17       000000
__Htext18                   text18       000000
__Htext19                   text19       000000
__Htext2                    text2        000000
__Htext20                   text20       000000
__Htext21                   text21       000000
__Htext22                   text22       000000
__Htext23                   text23       000000
__Htext24                   text24       000000
__Htext25                   text25       000000
__Htext26                   text26       000000
__Htext3                    text3        000000
__Htext4                    text4        000000
__Htext5                    text5        000000
__Htext6                    text6        000000
__Htext7                    text7        000000
__Htext8                    text8        000000
__Htext9                    text9        000000
__LRAM                      (abs)        000001
__Labs1                     abs1         000000
__Lbank10                   bank10       000000
__Lbank11                   bank11       000000
__Lbank12                   bank12       000000
__Lbank13                   bank13       000000
__Lbank14                   bank14       000000
__Lbank15                   bank15       000000
__Lbank16                   bank16       000000
__Lbank17                   bank17       000000
__Lbank18                   bank18       000000
__Lbank19                   bank19       000000
__Lbank20                   bank20       000000
__Lbank21                   bank21       000000
__Lbank22                   bank22       000000
__Lbank23                   bank23       000000
__Lbank24                   bank24       000000
__Lbank25                   bank25       000000
__Lbank26                   bank26       000000
__Lbank27                   bank27       000000
__Lbank28                   bank28       000000
__Lbank29                   bank29       000000
__Lbank30                   bank30       000000
__Lbank31                   bank31       000000
__Lbank32                   bank32       000000
__Lbank33                   bank33       000000
__Lbank34                   bank34       000000
__Lbank35                   bank35       000000
__Lbank36                   bank36       000000
__Lbank5                    bank5        000000
__Lbank6                    bank6        000000
__Lbank7                    bank7        000000
__Lbank8                    bank8        000000
__Lbank9                    bank9        000000
__Lbigbss                   bigbss       000000
__Lbigdata                  bigdata      000000
__Lbigram                   bigram       000000
__Lbss                      bss          000000
__LbssBANK5                 bssBANK5     000000
__LbssCOMRAM                bssCOMRAM    000000
__Lcinit                    cinit        000000
__Lclrtext                  clrtext      000000
__Lcomram                   comram       000000
__Lconfig                   config       000000
__Lconst                    const        000000
__LcstackBANK5              cstackBANK5  000000
__LcstackCOMRAM             cstackCOMRAM 000000
__Ldata                     data         000000
__LdataCOMRAM               dataCOMRAM   000000
__Leeprom_data              eeprom_data  000000
__Lfarbss                   farbss       000000
__Lfardata                  fardata      000000
__Libigdata                 ibigdata     000000
__Lidata                    idata        000000
__LidataCOMRAM              idataCOMRAM  000000
__Lidloc                    idloc        000000
__Lifardata                 ifardata     000000
__Linit                     init         0004FA
__Lintsave_regs             intsave_regs 000000
__Lirdata                   irdata       000000
__Livt0x400                 ivt0x400     000400
__Lmediumconst              mediumconst  000000
__LnvBANK5                  nvBANK5      000000
__LnvFARRAM                 nvFARRAM     000000
__Lnvbit                    nvbit        000000
__Lnvrram                   nvrram       000000
__Lparam                    rparam       000000
__Lpowerup                  powerup      000000
__Lram                      ram          000000
__Lramtop                   ramtop       002500
__Lrbit                     rbit         000000
__Lrbss                     rbss         000000
__Lrdata                    rdata        000000
__Lreset_vec                reset_vec    000000
__Lrparam                   rparam       000000
__Lsfr                      sfr          000000
__Lsmallconst               smallconst   002500
__Lspace_0                  (abs)        000000
__Lspace_1                  (abs)        000000
__Lspace_2                  (abs)        000000
__Lspace_4                  (abs)        000000
__Lstack                    stack        000000
__Lstruct                   struct       000000
__Ltemp                     temp         000000
__Ltext                     text         000000
__Ltext0                    text0        000000
__Ltext1                    text1        000000
__Ltext10                   text10       000000
__Ltext11                   text11       000000
__Ltext12                   text12       000000
__Ltext13                   text13       000000
__Ltext14                   text14       000000
__Ltext15                   text15       000000
__Ltext16                   text16       000000
__Ltext17                   text17       000000
__Ltext18                   text18       000000
__Ltext19                   text19       000000
__Ltext2                    text2        000000
__Ltext20                   text20       000000
__Ltext21                   text21       000000
__Ltext22                   text22       000000
__Ltext23                   text23       000000
__Ltext24                   text24       000000
__Ltext25                   text25       000000
__Ltext26                   text26       000000
__Ltext3                    text3        000000
__Ltext4                    text4        000000
__Ltext5                    text5        000000
__Ltext6                    text6        000000
__Ltext7                    text7        000000
__Ltext8                    text8        000000
__Ltext9                    text9        000000
__S0                        (abs)        003B32
__S1                        (abs)        0005AF
__S2                        (abs)        000000
__S4                        (abs)        000000
__S5                        (abs)        000000
___fldiv                    text16       002972
___fldiv@a                  cstackCOMRAM 000537
___fldiv@aexp               cstackBANK5  00056C
___fldiv@b                  cstackCOMRAM 000533
___fldiv@bexp               cstackBANK5  00056B
___fldiv@grs                cstackBANK5  000567
___fldiv@new_exp            cstackBANK5  000565
___fldiv@rem                cstackBANK5  000560
___fldiv@sign               cstackBANK5  000564
___flmul                    text15       002524
___flmul@a                  cstackCOMRAM 00051E
___flmul@aexp               cstackCOMRAM 00052B
___flmul@b                  cstackCOMRAM 00051A
___flmul@bexp               cstackCOMRAM 00052C
___flmul@grs                cstackCOMRAM 000527
___flmul@prod               cstackCOMRAM 00052D
___flmul@sign               cstackCOMRAM 000526
___flmul@temp               cstackCOMRAM 000531
___inthi_sp                 stack        000000
___intlo_sp                 stack        000000
___lodiv                    text9        003328
___lodiv@counter            cstackCOMRAM 000524
___lodiv@dividend           cstackCOMRAM 00050C
___lodiv@divisor            cstackCOMRAM 000514
___lodiv@quotient           cstackCOMRAM 00051C
___lomod                    text8        0035D4
___lomod@counter            cstackCOMRAM 00051C
___lomod@dividend           cstackCOMRAM 00050C
___lomod@divisor            cstackCOMRAM 000514
___param_bank               (abs)        000000
___rparam_used              (abs)        000001
___sp                       stack        000000
___xxtofl                   text14       003174
___xxtofl@arg               cstackCOMRAM 000516
___xxtofl@exp               cstackCOMRAM 000515
___xxtofl@sign              cstackCOMRAM 000514
___xxtofl@val               cstackCOMRAM 00050C
__accesstop                 (abs)        000560
__activetblptr              (abs)        000003
__end_of_ADC_Init           text22       003AB2
__end_of_AnalogRead         text21       003A64
__end_of_Clock_Config       text20       003B24
__end_of_Config_GPIO        text19       003B18
__end_of_Interrupt_Config   text18       003AD4
__end_of_RutinaHP_ISR       text24       003888
__end_of_RutinaLP_ISR       text23       003B32
__end_of_UART_Init          text17       003A36
__end_of_UART_Print_Char    text13       003AEE
__end_of_UART_Print_String  text25       003940
__end_of___fldiv            text16       002D0E
__end_of___flmul            text15       002972
__end_of___lodiv            text9        003418
__end_of___lomod            text8        0036A4
__end_of___xxtofl           text14       003328
__end_of__initialization    cinit        003982
__end_of_ctoa               text10       0035D4
__end_of_fputc              text11       0037FC
__end_of_fputs              text7        0039CC
__end_of_main               text0        003500
__end_of_pad                text5        003766
__end_of_printf             text1        003A8C
__end_of_putch              text12       003B2E
__end_of_strlen             text6        003A06
__end_of_utoa               text4        003174
__end_of_vfpfcnvrt          text3        002F74
__end_of_vfprintf           text2        0038F2
__end_ofi2_UART_Print_Char  text26       003B08
__initialization            cinit        003940
__mediumconst               mediumconst  000000
__pbssBANK5                 bssBANK5     000586
__pbssCOMRAM                bssCOMRAM    00054B
__pcinit                    cinit        003940
__pcstackBANK5              cstackBANK5  000560
__pcstackCOMRAM             cstackCOMRAM 000501
__pdataCOMRAM               dataCOMRAM   000553
__pidataCOMRAM              idataCOMRAM  003B2E
__pivt0x400                 ivt0x400     000400
__pnvBANK5                  nvBANK5      0005A9
__psmallconst               smallconst   002500
__ptext0                    text0        003418
__ptext1                    text1        003A64
__ptext10                   text10       003500
__ptext11                   text11       003766
__ptext12                   text12       003B24
__ptext13                   text13       003AD4
__ptext14                   text14       003174
__ptext15                   text15       002524
__ptext16                   text16       002972
__ptext17                   text17       003A06
__ptext18                   text18       003AB2
__ptext19                   text19       003B08
__ptext2                    text2        003888
__ptext20                   text20       003B18
__ptext21                   text21       003A36
__ptext22                   text22       003A8C
__ptext23                   text23       003B30
__ptext24                   text24       0037FC
__ptext25                   text25       0038F2
__ptext26                   text26       003AEE
__ptext3                    text3        002D0E
__ptext4                    text4        002F74
__ptext5                    text5        0036A4
__ptext6                    text6        0039CC
__ptext7                    text7        003988
__ptext8                    text8        0035D4
__ptext9                    text9        003328
__ramtop                    ramtop       002500
__size_of_ADC_Init          (abs)        000000
__size_of_AnalogRead        (abs)        000000
__size_of_Clock_Config      (abs)        000000
__size_of_Config_GPIO       (abs)        000000
__size_of_Interrupt_Config  (abs)        000000
__size_of_RutinaHP_ISR      (abs)        000000
__size_of_RutinaLP_ISR      (abs)        000000
__size_of_UART_Init         (abs)        000000
__size_of_UART_Print_Char   (abs)        000000
__size_of_UART_Print_String (abs)        000000
__size_of___fldiv           (abs)        000000
__size_of___flmul           (abs)        000000
__size_of___lodiv           (abs)        000000
__size_of___lomod           (abs)        000000
__size_of___xxtofl          (abs)        000000
__size_of_ctoa              (abs)        000000
__size_of_fputc             (abs)        000000
__size_of_fputs             (abs)        000000
__size_of_main              (abs)        000000
__size_of_pad               (abs)        000000
__size_of_printf            (abs)        000000
__size_of_putch             (abs)        000000
__size_of_strlen            (abs)        000000
__size_of_utoa              (abs)        000000
__size_of_vfpfcnvrt         (abs)        000000
__size_of_vfprintf          (abs)        000000
__size_ofi2_UART_Print_Char (abs)        000000
__smallconst                smallconst   002500
_ctoa                       text10       003500
_data                       nvBANK5      0005AD
_dato                       bssCOMRAM    000552
_dbuf                       bssBANK5     000589
_flags                      bssCOMRAM    00054F
_fputc                      text11       003766
_fputs                      text7        003988
_i                          bssBANK5     000588
_j                          bssCOMRAM    000551
_main                       text0        003418
_nout                       bssBANK5     000586
_pad                        text5        0036A4
_prec                       bssCOMRAM    00054D
_printf                     text1        003A64
_putch                      text12       003B24
_strlen                     text6        0039CC
_utoa                       text4        002F74
_vfpfcnvrt                  text3        002D0E
_vfprintf                   text2        003888
_volt                       dataCOMRAM   000553
_voltaje                    nvBANK5      0005A9
_width                      bssCOMRAM    00054B
ctoa@c                      cstackCOMRAM 000519
ctoa@fp                     cstackCOMRAM 000517
ctoa@l                      cstackCOMRAM 00051B
ctoa@w                      cstackCOMRAM 00051D
end_of_initialization       cinit        003982
fputc@c                     cstackCOMRAM 00050E
fputc@fp                    cstackCOMRAM 000510
fputs@c                     cstackCOMRAM 00051B
fputs@fp                    cstackCOMRAM 000519
fputs@i                     cstackCOMRAM 00051C
fputs@s                     cstackCOMRAM 000517
i2UART_Print_Char@a         cstackCOMRAM 000501
i2_UART_Print_Char          text26       003AEE
intlevel0                   text         000000
intlevel1                   text         000000
intlevel2                   text         000000
intlevel3                   text         000000
isa$std                     (abs)        000001
isa$xinst                   (abs)        000000
ivt0x400_base               ivt0x400     000400
ivt0x400_undefint           ivt0x400     0004F8
pad@buf                     cstackCOMRAM 000520
pad@fp                      cstackCOMRAM 00051E
pad@i                       cstackCOMRAM 000525
pad@p                       cstackCOMRAM 000522
pad@w                       cstackCOMRAM 000527
printf@ap                   cstackBANK5  00057D
printf@fmt                  cstackBANK5  000579
putch@data_x                cstackCOMRAM 00050D
stackhi                     (abs)        0024FF
stacklo                     (abs)        0005AF
start                       init         0004FA
start_initialization        cinit        003940
strlen@a                    cstackCOMRAM 00050E
strlen@s                    cstackCOMRAM 00050C
utoa@d                      cstackCOMRAM 00052B
utoa@fp                     cstackCOMRAM 000529
utoa@i                      cstackCOMRAM 000547
utoa@n                      cstackCOMRAM 00053F
utoa@p                      cstackCOMRAM 00053B
utoa@w                      cstackCOMRAM 00053D
vfpfcnvrt@ap                cstackBANK5  000564
vfpfcnvrt@c                 cstackBANK5  000572
vfpfcnvrt@fmt               cstackBANK5  000562
vfpfcnvrt@fp                cstackBANK5  000560
vfpfcnvrt@llu               cstackBANK5  00056A
vfprintf@ap                 cstackBANK5  000577
vfprintf@cfmt               cstackCOMRAM 000549
vfprintf@fmt                cstackBANK5  000575
vfprintf@fp                 cstackBANK5  000573


MODULE INFORMATION

Module		Function		Class		Link	Load	Size
C:\Program Files\Microchip\xc8\v2.32\pic\sources\c99\common\doprnt.c
		_vfpfcnvrt     		CODE           	2D0E	0000	614
		_pad           		CODE           	36A4	0000	194
		_ctoa          		CODE           	3500	0000	212
		_vfprintf      		CODE           	3888	0000	106
		_utoa          		CODE           	2F74	0000	512

C:\Program Files\Microchip\xc8\v2.32\pic\sources\c99\common\doprnt.c estimated size: 1638

Configuracion.c
		_Clock_Config  		CODE           	3B18	0000	12

Configuracion.c estimated size: 12

C:\Program Files\Microchip\xc8\v2.32\pic\sources\c99\common\lomod.c
		___lomod       		CODE           	35D4	0000	208

C:\Program Files\Microchip\xc8\v2.32\pic\sources\c99\common\lomod.c estimated size: 208

C:\Program Files\Microchip\xc8\v2.32\pic\sources\c99\common\nf_fputs.c
		_fputs         		CODE           	3988	0000	68

C:\Program Files\Microchip\xc8\v2.32\pic\sources\c99\common\nf_fputs.c estimated size: 68

Adc.c
		_AnalogRead    		CODE           	3A36	0000	46
		_ADC_Init      		CODE           	3A8C	0000	38

Adc.c estimated size: 84

C:\Program Files\Microchip\xc8\v2.32\pic\sources\c99\common\lodiv.c
		___lodiv       		CODE           	3328	0000	240

C:\Program Files\Microchip\xc8\v2.32\pic\sources\c99\common\lodiv.c estimated size: 240

shared
		__initialization		CODE           	3940	0000	66
		i2_UART_Print_Char		CODE           	3AEE	0000	26

shared estimated size: 92

C:\Program Files\Microchip\xc8\v2.32\pic\sources\c99\common\sprcmul.c
		___flmul       		CODE           	2524	0000	1102

C:\Program Files\Microchip\xc8\v2.32\pic\sources\c99\common\sprcmul.c estimated size: 1102

Interrupt.c
		_RutinaLP_ISR  		CODE           	3B30	0000	2
		_Interrupt_Config		CODE           	3AB2	0000	34
		_RutinaHP_ISR  		CODE           	37FC	0000	140

Interrupt.c estimated size: 176

C:\Program Files\Microchip\xc8\v2.32\pic\sources\c99\common\sprcdiv.c
		___fldiv       		CODE           	2972	0000	924

C:\Program Files\Microchip\xc8\v2.32\pic\sources\c99\common\sprcdiv.c estimated size: 924

C:\Program Files\Microchip\xc8\v2.32\pic\sources\c99\common\xxtofl.c
		___xxtofl      		CODE           	3174	0000	436

C:\Program Files\Microchip\xc8\v2.32\pic\sources\c99\common\xxtofl.c estimated size: 436

C:\Program Files\Microchip\xc8\v2.32\pic\sources\c99\common\printf.c
		_printf        		CODE           	3A64	0000	40

C:\Program Files\Microchip\xc8\v2.32\pic\sources\c99\common\printf.c estimated size: 40

C:\Program Files\Microchip\xc8\v2.32\pic\sources\c99\common\nf_fputc.c
		_fputc         		CODE           	3766	0000	150

C:\Program Files\Microchip\xc8\v2.32\pic\sources\c99\common\nf_fputc.c estimated size: 150

Uart.c
		_putch         		CODE           	3B24	0000	10
		_UART_Init     		CODE           	3A06	0000	48
		_UART_Print_String		CODE           	38F2	0000	78
		_UART_Print_Char		CODE           	3AD4	0000	26

Uart.c estimated size: 162

main.c
		_main          		CODE           	3418	0000	232
		_Config_GPIO   		CODE           	3B08	0000	16

main.c estimated size: 248

C:\Program Files\Microchip\xc8\v2.32\pic\sources\c99\common\strlen.c
		_strlen        		CODE           	39CC	0000	58

C:\Program Files\Microchip\xc8\v2.32\pic\sources\c99\common\strlen.c estimated size: 58

