Microchip MPLAB XC8 Compiler V2.32

Linker command line:

-W-3 --edf=C:\Program Files\Microchip\xc8\v2.32\pic\dat\en_msgs.txt -cn \
  -h+dist/default/production\Ejemplo12_PDS.X.production.sym \
  --cmf=dist/default/production\Ejemplo12_PDS.X.production.cmf -z -Q18F4550 \
  -oC:\Users\HP\AppData\Local\Temp\xcAsoik.4 --defsym=__MPLAB_BUILD=1 \
  -Mdist/default/production/Ejemplo12_PDS.X.production.map -E1 \
  -ver=XC8 Compiler --acfsm=1493 -ASTACK=022Ah-07FFh -pstack=STACK \
  -ACODE=00h-07FFFh -ACONST=00h-07FFFh -ASMALLCONST=0800h-08FFhx120 \
  -AMEDIUMCONST=0800h-07FFFh -ACOMRAM=01h-05Fh -AABS1=00h-07FFh \
  -ABIGRAM=01h-07FFh -ARAM=060h-0FFh,0100h-01FFhx7 -ABANK0=060h-0FFh \
  -ABANK1=0100h-01FFh -ABANK2=0200h-02FFh -ABANK3=0300h-03FFh \
  -ABANK4=0400h-04FFh -ABANK5=0500h-05FFh -ABANK6=0600h-06FFh \
  -ABANK7=0700h-07FFh -ASFR=0F60h-0FFFh -ACONFIG=0300000h-030000Dh \
  -AIDLOC=0200000h-0200007h -AEEDATA=0F00000h-0F000FFh -peeprom_data=EEDATA \
  -preset_vec=00h,intcode=08h,intcodelo,powerup,init -pramtop=0800h \
  -psmallconst=SMALLCONST -pmediumconst=MEDIUMCONST -pconst=CONST \
  -AFARRAM=00h-00h \
  -prdata=COMRAM,nvrram=COMRAM,nvbit=COMRAM,rbss=COMRAM,rbit=COMRAM \
  -pfarbss=FARRAM,fardata=FARRAM,nvFARRAM=FARRAM \
  -pintsave_regs=BIGRAM,bigbss=BIGRAM,bigdata=BIGRAM -pbss=RAM \
  -pidata=CODE,irdata=CODE,ibigdata=CODE,ifardata=CODE -prparam=COMRAM \
  C:\Users\HP\AppData\Local\Temp\xcAsoik.o \
  dist/default/production\Ejemplo12_PDS.X.production.o 

Object code version is 3.11

Machine type is 18F4550



                Name                               Link     Load   Length Selector   Space Scale
C:\Users\HP\AppData\Local\Temp\xcAsoik.o
                idloc                            200000   200000        8        0       5
                config                           300000   300000        E        0       4
                init                                  E        E        4        4       0
                reset_vec                             0        0        4        0       0
dist/default/production\Ejemplo12_PDS.X.production.o
                intcode                               8        8        6        4       0
                idloc                            200000   200000        8        0       5
                config                           300000   300000        E        0       4
                temp                                 53       53        1        1       1
                text18                             1428     1428       16        4       0
                text17                             147C     147C        4        4       0
                text16                             143E     143E       14        4       0
                text15                             12FE     12FE       34        4       0
                intcode_body                       13D0     13D0       22        4       0
                text13                             13F2     13F2       20        4       0
                text12                             1476     1476        6        4       0
                text11                             1412     1412       16        4       0
                text10                             1464     1464       12        4       0
                text9                              1452     1452       12        4       0
                text8                              1332     1332       30        4       0
                text7                              13AC     13AC       24        4       0
                text6                               582      582      4C0        4       0
                text5                               A42      A42      42A        4       0
                text4                              11B2     11B2      106        4       0
                text3                              1362     1362       26        4       0
                text2                               E6C      E6C      1B4        4       0
                text1                              1388     1388       24        4       0
                text0                                12       12      570        4       0
                cstackCOMRAM                          1        1       49        1       1
                cstackBANK0                          8C       8C        C       60       1
                dataBIGRAM                           98       98      192       98       1
                bssBANK0                             60       60       2C       60       1
                bssCOMRAM                            4A       4A        9        1       1
                cinit                              12B8     12B8       46        4       0
                idataBIGRAM                        1020     1020      192        4       0

TOTAL           Name                               Link     Load   Length     Space
        CLASS   STACK          

        CLASS   CODE           
                intcode                               8        8        6         0
                init                                  E        E        4         0
                reset_vec                             0        0        4         0
                text18                             1428     1428       16         0
                text17                             147C     147C        4         0
                text16                             143E     143E       14         0
                text15                             12FE     12FE       34         0
                intcode_body                       13D0     13D0       22         0
                text13                             13F2     13F2       20         0
                text12                             1476     1476        6         0
                text11                             1412     1412       16         0
                text10                             1464     1464       12         0
                text9                              1452     1452       12         0
                text8                              1332     1332       30         0
                text7                              13AC     13AC       24         0
                text6                               582      582      4C0         0
                text5                               A42      A42      42A         0
                text4                              11B2     11B2      106         0
                text3                              1362     1362       26         0
                text2                               E6C      E6C      1B4         0
                text1                              1388     1388       24         0
                text0                                12       12      570         0
                cinit                              12B8     12B8       46         0
                idataBIGRAM                        1020     1020      192         0

        CLASS   CONST          

        CLASS   SMALLCONST     

        CLASS   MEDIUMCONST    

        CLASS   COMRAM         
                temp                                 53       53        1         1
                cstackCOMRAM                          1        1       49         1
                bssCOMRAM                            4A       4A        9         1

        CLASS   ABS1           

        CLASS   BIGRAM         
                dataBIGRAM                           98       98      192         1

        CLASS   RAM            

        CLASS   BANK0          
                cstackBANK0                          8C       8C        C         1
                bssBANK0                             60       60       2C         1

        CLASS   BANK1          

        CLASS   BANK2          

        CLASS   BANK3          

        CLASS   BANK4          

        CLASS   BANK5          

        CLASS   BANK6          

        CLASS   BANK7          

        CLASS   SFR            

        CLASS   CONFIG         
                config                           300000   300000        E         4

        CLASS   IDLOC          
                idloc                            200000   200000        8         5

        CLASS   EEDATA         

        CLASS   FARRAM         



SEGMENTS        Name                           Load    Length   Top    Selector   Space  Class

                reset_vec                      000000  000004  000004         0       0  CODE    
                cstackCOMRAM                   000001  000053  000054         1       1  COMRAM  
                intcode                        000008  001478  001480         4       0  CODE    
                bssBANK0                       000060  000038  000098        60       1  BANK0   
                dataBIGRAM                     000098  000192  00022A        98       1  BIGRAM  


UNUSED ADDRESS RANGES

        Name                Unused          Largest block    Delta
        BANK2            00022A-0002FF               D6
        BANK3            000300-0003FF              100
        BANK4            000400-0004FF              100
        BANK5            000500-0005FF              100
        BANK6            000600-0006FF              100
        BANK7            000700-0007FF              100
        BIGRAM           000054-00005F                C
                         00022A-0007FF              5D6
        CODE             000004-000007                4
                         001480-007FFF             6B80
        COMRAM           000054-00005F                C
        CONST            000004-000007                4
                         001480-007FFF             6B80
        EEDATA           F00000-F000FF              100
        MEDIUMCONST      001480-007FFF             6B80
        RAM              00022A-0007FF              100
        SFR              000F60-000FFF               A0
        SMALLCONST       001480-007FFF              100
        STACK            00022A-0007FF              5D6

                                  Symbol Table

?___fladd                         cstackCOMRAM 000035
?___flmul                         cstackCOMRAM 00001C
?___fltol                         cstackCOMRAM 000008
?___wmul                          cstackCOMRAM 000008
?___xxtofl                        cstackCOMRAM 00000E
?_analogRead                      cstackCOMRAM 000003
I2C_Write_Address_Slave@address   cstackCOMRAM 00000A
I2C_Write_Address_Slave@dir       cstackCOMRAM 000008
I2C_Write_Slave@data              cstackCOMRAM 000008
_ADCON0bits                       (abs)        000FC2
_ADCON1bits                       (abs)        000FC1
_ADCON2bits                       (abs)        000FC0
_ADC_Init                         text13       0013F2
_ADRESH                           (abs)        000FC4
_ADRESL                           (abs)        000FC3
_BAUDCON                          (abs)        000FB8
_ConfigClock                      text12       001476
_DIA_MES                          bssBANK0     00006F
_DIA_SEMANA                       bssBANK0     00006E
_HORA                             bssCOMRAM    00004C
_I2C_Init                         text11       001412
_I2C_Start                        text10       001464
_I2C_Stop                         text9        001452
_I2C_Write_Address_Slave          text8        001332
_I2C_Write_Slave                  text7        0013AC
_INTCONbits                       (abs)        000FF2
_ISR                              intcode      000008
_MES                              bssBANK0     000070
_MINUTO                           bssBANK0     000073
_OSCCONbits                       (abs)        000FD3
_RCSTA                            (abs)        000FAB
_SEGUNDO                          bssBANK0     000072
_SPBRG                            (abs)        000FAF
_SPBRGH                           (abs)        000FB0
_SSPADD                           (abs)        000FC8
_SSPBUF                           (abs)        000FC9
_SSPCON1bits                      (abs)        000FC6
_SSPCON2bits                      (abs)        000FC5
_SSPSTATbits                      (abs)        000FC7
_T0CONbits                        (abs)        000FD5
_TMR0H                            (abs)        000FD7
_TMR0L                            (abs)        000FD6
_TRISB                            (abs)        000F93
_TRISCbits                        (abs)        000F94
_TXREG                            (abs)        000FAD
_TXSTA                            (abs)        000FAC
_TXSTAbits                        (abs)        000FAC
_Temporal                         bssBANK0     000068
_Val_H                            bssCOMRAM    000052
_Val_L                            bssCOMRAM    000051
_X                                bssBANK0     000074
_Y                                bssBANK0     000060
_YEAR                             bssBANK0     000071
__HRAM                            (abs)        000000
__Habs1                           abs1         000000
__Hbank0                          bank0        000000
__Hbank1                          bank1        000000
__Hbank2                          bank2        000000
__Hbank3                          bank3        000000
__Hbank4                          bank4        000000
__Hbank5                          bank5        000000
__Hbank6                          bank6        000000
__Hbank7                          bank7        000000
__Hbigbss                         bigbss       000000
__Hbigdata                        bigdata      000000
__Hbigram                         bigram       000000
__Hbss                            bss          000000
__HbssBANK0                       bssBANK0     000000
__HbssCOMRAM                      bssCOMRAM    000000
__Hcinit                          cinit        000000
__Hclrtext                        clrtext      000000
__Hcomram                         comram       000000
__Hconfig                         config       30000E
__Hconst                          const        000000
__HcstackBANK0                    cstackBANK0  000000
__HcstackCOMRAM                   cstackCOMRAM 000000
__Hdata                           data         000000
__HdataBIGRAM                     dataBIGRAM   000000
__Heeprom_data                    eeprom_data  000000
__Hfarbss                         farbss       000000
__Hfardata                        fardata      000000
__Hibigdata                       ibigdata     000000
__Hidata                          idata        000000
__HidataBIGRAM                    idataBIGRAM  000000
__Hidloc                          idloc        200008
__Hifardata                       ifardata     000000
__Hinit                           init         000012
__Hintcode                        intcode      00000E
__Hintcode_body                   intcode_body 000000
__Hintcodelo                      intcodelo    00000E
__Hintentry                       intentry     000000
__Hintret                         intret       000000
__Hintsave_regs                   intsave_regs 000000
__Hirdata                         irdata       000000
__Hmediumconst                    mediumconst  000000
__HnvFARRAM                       nvFARRAM     000000
__Hnvbit                          nvbit        000000
__Hnvrram                         nvrram       000000
__Hparam                          rparam       000000
__Hpowerup                        powerup      00000E
__Hram                            ram          000000
__Hramtop                         ramtop       000800
__Hrbit                           rbit         000000
__Hrbss                           rbss         000000
__Hrdata                          rdata        000000
__Hreset_vec                      reset_vec    000004
__Hrparam                         rparam       000000
__Hsfr                            sfr          000000
__Hsmallconst                     smallconst   000000
__Hspace_0                        (abs)        001480
__Hspace_1                        (abs)        00022A
__Hspace_2                        (abs)        000000
__Hspace_4                        (abs)        60000E
__Hstack                          stack        000000
__Hstruct                         struct       000000
__Htemp                           temp         000054
__Htext                           text         000000
__Htext0                          text0        000000
__Htext1                          text1        000000
__Htext10                         text10       000000
__Htext11                         text11       000000
__Htext12                         text12       000000
__Htext13                         text13       000000
__Htext15                         text15       000000
__Htext16                         text16       000000
__Htext17                         text17       000000
__Htext18                         text18       000000
__Htext2                          text2        000000
__Htext3                          text3        000000
__Htext4                          text4        000000
__Htext5                          text5        000000
__Htext6                          text6        000000
__Htext7                          text7        000000
__Htext8                          text8        000000
__Htext9                          text9        000000
__LRAM                            (abs)        000001
__Labs1                           abs1         000000
__Lbank0                          bank0        000000
__Lbank1                          bank1        000000
__Lbank2                          bank2        000000
__Lbank3                          bank3        000000
__Lbank4                          bank4        000000
__Lbank5                          bank5        000000
__Lbank6                          bank6        000000
__Lbank7                          bank7        000000
__Lbigbss                         bigbss       000000
__Lbigdata                        bigdata      000000
__Lbigram                         bigram       000000
__Lbss                            bss          000000
__LbssBANK0                       bssBANK0     000000
__LbssCOMRAM                      bssCOMRAM    000000
__Lcinit                          cinit        000000
__Lclrtext                        clrtext      000000
__Lcomram                         comram       000000
__Lconfig                         config       000000
__Lconst                          const        000000
__LcstackBANK0                    cstackBANK0  000000
__LcstackCOMRAM                   cstackCOMRAM 000000
__Ldata                           data         000000
__LdataBIGRAM                     dataBIGRAM   000000
__Leeprom_data                    eeprom_data  000000
__Lfarbss                         farbss       000000
__Lfardata                        fardata      000000
__Libigdata                       ibigdata     000000
__Lidata                          idata        000000
__LidataBIGRAM                    idataBIGRAM  000000
__Lidloc                          idloc        000000
__Lifardata                       ifardata     000000
__Linit                           init         00000E
__Lintcode                        intcode      000008
__Lintcode_body                   intcode_body 000000
__Lintcodelo                      intcodelo    00000E
__Lintentry                       intentry     000000
__Lintret                         intret       000000
__Lintsave_regs                   intsave_regs 000000
__Lirdata                         irdata       000000
__Lmediumconst                    mediumconst  000000
__LnvFARRAM                       nvFARRAM     000000
__Lnvbit                          nvbit        000000
__Lnvrram                         nvrram       000000
__Lparam                          rparam       000000
__Lpowerup                        powerup      00000E
__Lram                            ram          000000
__Lramtop                         ramtop       000800
__Lrbit                           rbit         000000
__Lrbss                           rbss         000000
__Lrdata                          rdata        000000
__Lreset_vec                      reset_vec    000000
__Lrparam                         rparam       000000
__Lsfr                            sfr          000000
__Lsmallconst                     smallconst   000000
__Lspace_0                        (abs)        000000
__Lspace_1                        (abs)        000000
__Lspace_2                        (abs)        000000
__Lspace_4                        (abs)        000000
__Lstack                          stack        000000
__Lstruct                         struct       000000
__Ltemp                           temp         000053
__Ltext                           text         000000
__Ltext0                          text0        000000
__Ltext1                          text1        000000
__Ltext10                         text10       000000
__Ltext11                         text11       000000
__Ltext12                         text12       000000
__Ltext13                         text13       000000
__Ltext15                         text15       000000
__Ltext16                         text16       000000
__Ltext17                         text17       000000
__Ltext18                         text18       000000
__Ltext2                          text2        000000
__Ltext3                          text3        000000
__Ltext4                          text4        000000
__Ltext5                          text5        000000
__Ltext6                          text6        000000
__Ltext7                          text7        000000
__Ltext8                          text8        000000
__Ltext9                          text9        000000
__S0                              (abs)        001480
__S1                              (abs)        00022A
__S2                              (abs)        000000
__S4                              (abs)        000000
__S5                              (abs)        000000
___fladd                          text6        000582
___fladd@a                        cstackCOMRAM 000039
___fladd@aexp                     cstackCOMRAM 000042
___fladd@b                        cstackCOMRAM 000035
___fladd@bexp                     cstackCOMRAM 000043
___fladd@grs                      cstackCOMRAM 000044
___fladd@signs                    cstackCOMRAM 000041
___flmul                          text5        000A42
___flmul@a                        cstackCOMRAM 000020
___flmul@aexp                     cstackCOMRAM 000029
___flmul@b                        cstackCOMRAM 00001C
___flmul@bexp                     cstackCOMRAM 00002E
___flmul@grs                      cstackCOMRAM 00002A
___flmul@prod                     cstackCOMRAM 00002F
___flmul@sign                     cstackCOMRAM 000028
___flmul@temp                     cstackCOMRAM 000033
___fltol                          text4        0011B2
___fltol@exp1                     cstackCOMRAM 000011
___fltol@f1                       cstackCOMRAM 000008
___fltol@sign1                    cstackCOMRAM 000010
___inthi_sp                       stack        000000
___intlo_sp                       stack        000000
___param_bank                     (abs)        000000
___rparam_used                    (abs)        000001
___sp                             stack        000000
___wmul                           text3        001362
___wmul@multiplicand              cstackCOMRAM 00000A
___wmul@multiplier                cstackCOMRAM 000008
___wmul@product                   cstackCOMRAM 00000C
___xxtofl                         text2        000E6C
___xxtofl@arg                     cstackCOMRAM 000018
___xxtofl@exp                     cstackCOMRAM 000017
___xxtofl@sign                    cstackCOMRAM 000016
___xxtofl@val                     cstackCOMRAM 00000E
__accesstop                       (abs)        000060
__activetblptr                    (abs)        000000
__end_of_ADC_Init                 text13       001412
__end_of_ConfigClock              text12       00147C
__end_of_I2C_Init                 text11       001428
__end_of_I2C_Start                text10       001476
__end_of_I2C_Stop                 text9        001464
__end_of_I2C_Write_Address_Slave  text8        001362
__end_of_I2C_Write_Slave          text7        0013D0
__end_of_ISR                      intcode_body 0013F2
__end_of___fladd                  text6        000A42
__end_of___flmul                  text5        000E6C
__end_of___fltol                  text4        0012B8
__end_of___wmul                   text3        001388
__end_of___xxtofl                 text2        001020
__end_of__initialization          cinit        0012F4
__end_of_analogRead               text15       001332
__end_of_channel_Read             text18       00143E
__end_of_main                     text0        000582
__end_of_start_conversion         text17       001480
__end_of_status_conversion        text16       001452
__end_of_timer0_init              text1        0013AC
__initialization                  cinit        0012B8
__mediumconst                     mediumconst  000000
__pbssBANK0                       bssBANK0     000060
__pbssCOMRAM                      bssCOMRAM    00004A
__pcinit                          cinit        0012B8
__pcstackBANK0                    cstackBANK0  00008C
__pcstackCOMRAM                   cstackCOMRAM 000001
__pdataBIGRAM                     dataBIGRAM   000098
__pidataBIGRAM                    idataBIGRAM  001020
__pintcode                        intcode      000008
__pintcode_body                   intcode_body 0013D0
__ptext0                          text0        000012
__ptext1                          text1        001388
__ptext10                         text10       001464
__ptext11                         text11       001412
__ptext12                         text12       001476
__ptext13                         text13       0013F2
__ptext15                         text15       0012FE
__ptext16                         text16       00143E
__ptext17                         text17       00147C
__ptext18                         text18       001428
__ptext2                          text2        000E6C
__ptext3                          text3        001362
__ptext4                          text4        0011B2
__ptext5                          text5        000A42
__ptext6                          text6        000582
__ptext7                          text7        0013AC
__ptext8                          text8        001332
__ptext9                          text9        001452
__ramtop                          ramtop       000800
__size_of_ADC_Init                (abs)        000000
__size_of_ConfigClock             (abs)        000000
__size_of_I2C_Init                (abs)        000000
__size_of_I2C_Start               (abs)        000000
__size_of_I2C_Stop                (abs)        000000
__size_of_I2C_Write_Address_Slave (abs)        000000
__size_of_I2C_Write_Slave         (abs)        000000
__size_of_ISR                     (abs)        000000
__size_of___fladd                 (abs)        000000
__size_of___flmul                 (abs)        000000
__size_of___fltol                 (abs)        000000
__size_of___wmul                  (abs)        000000
__size_of___xxtofl                (abs)        000000
__size_of_analogRead              (abs)        000000
__size_of_channel_Read            (abs)        000000
__size_of_main                    (abs)        000000
__size_of_start_conversion        (abs)        000000
__size_of_status_conversion       (abs)        000000
__size_of_timer0_init             (abs)        000000
__smallconst                      smallconst   000000
_analogRead                       text15       0012FE
_bandera                          bssCOMRAM    000050
_centenas                         bssCOMRAM    00004E
_channel_Read                     text18       001428
_data_sine                        dataBIGRAM   000098
_decenas                          bssCOMRAM    00004F
_i                                bssCOMRAM    00004A
_main                             text0        000012
_main$1420                        cstackBANK0  000090
_main$1421                        cstackBANK0  000094
_main$1422                        cstackBANK0  00008C
_start_conversion                 text17       00147C
_status_conversion                text16       00143E
_timer0_init                      text1        001388
_unidades                         bssCOMRAM    00004D
_variable                         bssBANK0     00006C
analogRead@canal                  cstackCOMRAM 000007
btemp                             temp         000053
channel_Read@channel              cstackCOMRAM 000002
end_of_initialization             cinit        0012F4
int$flags                         temp         000053
int_func                          intcode_body 0013D0
intlevel0                         text         000000
intlevel1                         text         000000
intlevel2                         text         000000
intlevel3                         text         000000
isa$std                           (abs)        000001
isa$xinst                         (abs)        000000
stackhi                           (abs)        0007FF
stacklo                           (abs)        00022A
start                             init         00000E
start_initialization              cinit        0012B8
ttemp5                            temp         000054
ttemp6                            temp         000057
ttemp7                            temp         00005B
wtemp8                            temp         000054


MODULE INFORMATION

Module		Function		Class		Link	Load	Size
C:\Program Files\Microchip\xc8\v2.32\pic\sources\c99\common\sprcadd.c
		___fladd       		CODE           	0582	0000	1216

C:\Program Files\Microchip\xc8\v2.32\pic\sources\c99\common\sprcadd.c estimated size: 1216

Configuracion.c
		_ConfigClock   		CODE           	1476	0000	6

Configuracion.c estimated size: 6

I2C.c
		_I2C_Write_Address_Slave		CODE           	1332	0000	48
		_I2C_Stop      		CODE           	1452	0000	18
		_I2C_Init      		CODE           	1412	0000	22
		_I2C_Start     		CODE           	1464	0000	18
		_I2C_Write_Slave		CODE           	13AC	0000	36

I2C.c estimated size: 142

C:\Program Files\Microchip\xc8\v2.32\pic\sources\c99\common\Umul16.c
		___wmul        		CODE           	1362	0000	38

C:\Program Files\Microchip\xc8\v2.32\pic\sources\c99\common\Umul16.c estimated size: 38

shared
		__initialization		CODE           	12B8	0000	60

shared estimated size: 60

C:\Program Files\Microchip\xc8\v2.32\pic\sources\c99\common\sprcmul.c
		___flmul       		CODE           	0A42	0000	1066

C:\Program Files\Microchip\xc8\v2.32\pic\sources\c99\common\sprcmul.c estimated size: 1066

ADC.c
		_channel_Read  		CODE           	1428	0000	22
		_status_conversion		CODE           	143E	0000	20
		_start_conversion		CODE           	147C	0000	4
		_analogRead    		CODE           	12FE	0000	52
		_ADC_Init      		CODE           	13F2	0000	32

ADC.c estimated size: 130

C:\Program Files\Microchip\xc8\v2.32\pic\sources\c99\common\fltol.c
		___fltol       		CODE           	11B2	0000	262

C:\Program Files\Microchip\xc8\v2.32\pic\sources\c99\common\fltol.c estimated size: 262

C:\Program Files\Microchip\xc8\v2.32\pic\sources\c99\common\xxtofl.c
		___xxtofl      		CODE           	0E6C	0000	436

C:\Program Files\Microchip\xc8\v2.32\pic\sources\c99\common\xxtofl.c estimated size: 436

main.c
		_ISR           		CODE           	0008	0000	40
		_main          		CODE           	0012	0000	1392
		_timer0_init   		CODE           	1388	0000	36

main.c estimated size: 1468

